/home/erhangok/Downloads/en.x-cube-azure-v2-3-0/STM32CubeExpansion_Cloud_AZURE_V2.3.0/Projects/B-U585I-IOT02A/Applications/TFM_Azure_IoT/TFM_Appli/Secure/Src/low_level_rng.c:41:6:RNG_Init	16	static,ignoring_inline_asm
/home/erhangok/Downloads/en.x-cube-azure-v2-3-0/STM32CubeExpansion_Cloud_AZURE_V2.3.0/Projects/B-U585I-IOT02A/Applications/TFM_Azure_IoT/TFM_Appli/Secure/Src/low_level_rng.c:70:6:RNG_GetBytes	40	static
/home/erhangok/Downloads/en.x-cube-azure-v2-3-0/STM32CubeExpansion_Cloud_AZURE_V2.3.0/Projects/B-U585I-IOT02A/Applications/TFM_Azure_IoT/TFM_Appli/Secure/Src/low_level_rng.c:109:6:RNG_DeInit	8	static
/home/erhangok/Downloads/en.x-cube-azure-v2-3-0/STM32CubeExpansion_Cloud_AZURE_V2.3.0/Projects/B-U585I-IOT02A/Applications/TFM_Azure_IoT/TFM_Appli/Secure/Src/low_level_rng.c:121:5:mbedtls_hardware_poll	16	static
