/home/erhangok/Downloads/STM32CubeExpansion_Cloud_AZURE_V2.3.0/Middlewares/ST/netxduo/crypto_libraries/src/nx_crypto_ecjpake.c:72:21:_nx_crypto_ecjpake_init	20	static
/home/erhangok/Downloads/STM32CubeExpansion_Cloud_AZURE_V2.3.0/Middlewares/ST/netxduo/crypto_libraries/src/nx_crypto_ecjpake.c:777:21:_nx_crypto_ecjpake_schnorr_zkp_hash	88	static
/home/erhangok/Downloads/STM32CubeExpansion_Cloud_AZURE_V2.3.0/Middlewares/ST/netxduo/crypto_libraries/src/nx_crypto_ecjpake.c:1106:21:_nx_crypto_ecjpake_schnorr_zkp_generate	112	static
/home/erhangok/Downloads/STM32CubeExpansion_Cloud_AZURE_V2.3.0/Middlewares/ST/netxduo/crypto_libraries/src/nx_crypto_ecjpake.c:165:21:_nx_crypto_ecjpake_hello_generate	184	static
/home/erhangok/Downloads/STM32CubeExpansion_Cloud_AZURE_V2.3.0/Middlewares/ST/netxduo/crypto_libraries/src/nx_crypto_ecjpake.c:1209:21:_nx_crypto_ecjpake_schnorr_zkp_verify	184	static
/home/erhangok/Downloads/STM32CubeExpansion_Cloud_AZURE_V2.3.0/Middlewares/ST/netxduo/crypto_libraries/src/nx_crypto_ecjpake.c:335:21:_nx_crypto_ecjpake_hello_process	144	static
/home/erhangok/Downloads/STM32CubeExpansion_Cloud_AZURE_V2.3.0/Middlewares/ST/netxduo/crypto_libraries/src/nx_crypto_ecjpake.c:1315:21:_nx_crypto_ecjpake_public_key_generate	64	static
/home/erhangok/Downloads/STM32CubeExpansion_Cloud_AZURE_V2.3.0/Middlewares/ST/netxduo/crypto_libraries/src/nx_crypto_ecjpake.c:491:21:_nx_crypto_ecjpake_key_exchange_generate	296	static
/home/erhangok/Downloads/STM32CubeExpansion_Cloud_AZURE_V2.3.0/Middlewares/ST/netxduo/crypto_libraries/src/nx_crypto_ecjpake.c:1399:21:_nx_crypto_ecjpake_pre_master_secret_generate	200	static
/home/erhangok/Downloads/STM32CubeExpansion_Cloud_AZURE_V2.3.0/Middlewares/ST/netxduo/crypto_libraries/src/nx_crypto_ecjpake.c:629:21:_nx_crypto_ecjpake_key_exchange_process	264	static
/home/erhangok/Downloads/STM32CubeExpansion_Cloud_AZURE_V2.3.0/Middlewares/ST/netxduo/crypto_libraries/src/nx_crypto_ecjpake.c:1535:6:_nx_crypto_ecjpake_key_encryption_key_generate	112	static
/home/erhangok/Downloads/STM32CubeExpansion_Cloud_AZURE_V2.3.0/Middlewares/ST/netxduo/crypto_libraries/src/nx_crypto_ecjpake.c:1636:22:_nx_crypto_method_ecjpake_init	24	static
/home/erhangok/Downloads/STM32CubeExpansion_Cloud_AZURE_V2.3.0/Middlewares/ST/netxduo/crypto_libraries/src/nx_crypto_ecjpake.c:1730:22:_nx_crypto_method_ecjpake_cleanup	0	static
/home/erhangok/Downloads/STM32CubeExpansion_Cloud_AZURE_V2.3.0/Middlewares/ST/netxduo/crypto_libraries/src/nx_crypto_ecjpake.c:1807:21:_nx_crypto_method_ecjpake_operation	64	static
