/home/erhangok/Documents/GitHub/STM32U5_Cellular_Cloud/STM32CubeExpansion_Cloud_AZURE_V2.3.0/Middlewares/ST/STM32_Cellular/Core/Ipc/Src/ipc_rxfifo.c:80:6:IPC_RXFIFO_init	8	static
/home/erhangok/Documents/GitHub/STM32U5_Cellular_Cloud/STM32CubeExpansion_Cloud_AZURE_V2.3.0/Middlewares/ST/STM32_Cellular/Core/Ipc/Src/ipc_rxfifo.c:296:10:IPC_RXFIFO_getFreeBytes	0	static
/home/erhangok/Documents/GitHub/STM32U5_Cellular_Cloud/STM32CubeExpansion_Cloud_AZURE_V2.3.0/Middlewares/ST/STM32_Cellular/Core/Ipc/Src/ipc_rxfifo.c:454:13:RXFIFO_incrementHead	8	static
/home/erhangok/Documents/GitHub/STM32U5_Cellular_Cloud/STM32CubeExpansion_Cloud_AZURE_V2.3.0/Middlewares/ST/STM32_Cellular/Core/Ipc/Src/ipc_rxfifo.c:109:6:IPC_RXFIFO_writeCharacter	16	static
/home/erhangok/Documents/GitHub/STM32U5_Cellular_Cloud/STM32CubeExpansion_Cloud_AZURE_V2.3.0/Middlewares/ST/STM32_Cellular/Core/Ipc/Src/ipc_rxfifo.c:328:6:IPC_RXFIFO_readMsgHeader_at_pos	24	static
/home/erhangok/Documents/GitHub/STM32U5_Cellular_Cloud/STM32CubeExpansion_Cloud_AZURE_V2.3.0/Middlewares/ST/STM32_Cellular/Core/Ipc/Src/ipc_rxfifo.c:158:9:IPC_RXFIFO_read	32	static
