/home/erhangok/Downloads/en.x-cube-azure-v2-3-0/STM32CubeExpansion_Cloud_AZURE_V2.3.0/Projects/B-U585I-IOT02A/Applications/TFM_Azure_IoT/TFM_Appli/NonSecure/psa_crypto_ciphersuites/nx_crypto_sha_psa.c:65:22:_nx_crypto_sha_psa_initialize	0	static
/home/erhangok/Downloads/en.x-cube-azure-v2-3-0/STM32CubeExpansion_Cloud_AZURE_V2.3.0/Projects/B-U585I-IOT02A/Applications/TFM_Azure_IoT/TFM_Appli/NonSecure/psa_crypto_ciphersuites/nx_crypto_sha_psa.c:122:21:_nx_crypto_sha_psa_update	0	static
/home/erhangok/Downloads/en.x-cube-azure-v2-3-0/STM32CubeExpansion_Cloud_AZURE_V2.3.0/Projects/B-U585I-IOT02A/Applications/TFM_Azure_IoT/TFM_Appli/NonSecure/psa_crypto_ciphersuites/nx_crypto_sha_psa.c:185:21:_nx_crypto_sha_psa_digest_calculate	16	static
/home/erhangok/Downloads/en.x-cube-azure-v2-3-0/STM32CubeExpansion_Cloud_AZURE_V2.3.0/Projects/B-U585I-IOT02A/Applications/TFM_Azure_IoT/TFM_Appli/NonSecure/psa_crypto_ciphersuites/nx_crypto_sha_psa.c:240:22:_nx_crypto_method_sha_psa_init	16	static
/home/erhangok/Downloads/en.x-cube-azure-v2-3-0/STM32CubeExpansion_Cloud_AZURE_V2.3.0/Projects/B-U585I-IOT02A/Applications/TFM_Azure_IoT/TFM_Appli/NonSecure/psa_crypto_ciphersuites/nx_crypto_sha_psa.c:311:22:_nx_crypto_method_sha_psa_cleanup	8	static
/home/erhangok/Downloads/en.x-cube-azure-v2-3-0/STM32CubeExpansion_Cloud_AZURE_V2.3.0/Projects/B-U585I-IOT02A/Applications/TFM_Azure_IoT/TFM_Appli/NonSecure/psa_crypto_ciphersuites/nx_crypto_sha_psa.c:382:22:_nx_crypto_method_sha_psa_operation	32	static
/home/erhangok/Downloads/en.x-cube-azure-v2-3-0/STM32CubeExpansion_Cloud_AZURE_V2.3.0/Projects/B-U585I-IOT02A/Applications/TFM_Azure_IoT/TFM_Appli/NonSecure/psa_crypto_ciphersuites/nx_crypto_sha_psa.c:515:6:nx_crypto_hash_clone_psa	16	static
