/home/erhangok/Downloads/en.x-cube-azure-v2-3-0/STM32CubeExpansion_Cloud_AZURE_V2.3.0/Drivers/BSP/Components/mx_wifi/io_pattern/mx_wifi_spi.c:283:17:MX_WIFI_SPI_Read	0	static
/home/erhangok/Downloads/en.x-cube-azure-v2-3-0/STM32CubeExpansion_Cloud_AZURE_V2.3.0/Drivers/BSP/Components/mx_wifi/io_pattern/mx_wifi_spi.c:251:17:MX_WIFI_SPI_Write	16	static
/home/erhangok/Downloads/en.x-cube-azure-v2-3-0/STM32CubeExpansion_Cloud_AZURE_V2.3.0/Drivers/BSP/Components/mx_wifi/io_pattern/mx_wifi_spi.c:161:13:MX_WIFI_IO_DELAY	0	static
/home/erhangok/Downloads/en.x-cube-azure-v2-3-0/STM32CubeExpansion_Cloud_AZURE_V2.3.0/Drivers/BSP/Components/mx_wifi/io_pattern/mx_wifi_spi.c:172:15:MX_WIFI_SPI_Init	16	static
/home/erhangok/Downloads/en.x-cube-azure-v2-3-0/STM32CubeExpansion_Cloud_AZURE_V2.3.0/Drivers/BSP/Components/mx_wifi/io_pattern/mx_wifi_spi.c:232:15:wait_flow_high.constprop	8	static
/home/erhangok/Downloads/en.x-cube-azure-v2-3-0/STM32CubeExpansion_Cloud_AZURE_V2.3.0/Drivers/BSP/Components/mx_wifi/io_pattern/mx_wifi_spi.c:193:15:MX_WIFI_SPI_DeInit	16	static
/home/erhangok/Downloads/en.x-cube-azure-v2-3-0/STM32CubeExpansion_Cloud_AZURE_V2.3.0/Drivers/BSP/Components/mx_wifi/io_pattern/mx_wifi_spi.c:200:6:HAL_SPI_TransferCallback	0	static
/home/erhangok/Downloads/en.x-cube-azure-v2-3-0/STM32CubeExpansion_Cloud_AZURE_V2.3.0/Drivers/BSP/Components/mx_wifi/io_pattern/mx_wifi_spi.c:206:6:HAL_SPI_ErrorCallback	0	static
/home/erhangok/Downloads/en.x-cube-azure-v2-3-0/STM32CubeExpansion_Cloud_AZURE_V2.3.0/Drivers/BSP/Components/mx_wifi/io_pattern/mx_wifi_spi.c:217:6:mxchip_WIFI_ISR	0	static
/home/erhangok/Downloads/en.x-cube-azure-v2-3-0/STM32CubeExpansion_Cloud_AZURE_V2.3.0/Drivers/BSP/Components/mx_wifi/io_pattern/mx_wifi_spi.c:397:6:process_txrx_poll	48	static
/home/erhangok/Downloads/en.x-cube-azure-v2-3-0/STM32CubeExpansion_Cloud_AZURE_V2.3.0/Drivers/BSP/Components/mx_wifi/io_pattern/mx_wifi_spi.c:564:13:mx_wifi_spi_txrx_task	8	static
/home/erhangok/Downloads/en.x-cube-azure-v2-3-0/STM32CubeExpansion_Cloud_AZURE_V2.3.0/Drivers/BSP/Components/mx_wifi/io_pattern/mx_wifi_spi.c:637:9:mxwifi_probe	24	static
/home/erhangok/Downloads/en.x-cube-azure-v2-3-0/STM32CubeExpansion_Cloud_AZURE_V2.3.0/Drivers/BSP/Components/mx_wifi/io_pattern/mx_wifi_spi.c:659:18:wifi_obj_get	0	static
