Archive member included to satisfy reference by file (symbol)

/opt/st/stm32cubeide_1.13.1/plugins/com.st.stm32cube.ide.mcu.externaltools.gnu-tools-for-stm32.12.3.rel1.linux64_1.0.100.202403111256/tools/bin/../lib/gcc/arm-none-eabi/12.3.1/../../../../arm-none-eabi/lib/thumb/v8-m.main+fp/hard/libc_nano.a(libc_a-exit.o)
                              /opt/st/stm32cubeide_1.13.1/plugins/com.st.stm32cube.ide.mcu.externaltools.gnu-tools-for-stm32.12.3.rel1.linux64_1.0.100.202403111256/tools/bin/../lib/gcc/arm-none-eabi/12.3.1/../../../../arm-none-eabi/lib/thumb/v8-m.main+fp/hard/crt0.o (exit)
/opt/st/stm32cubeide_1.13.1/plugins/com.st.stm32cube.ide.mcu.externaltools.gnu-tools-for-stm32.12.3.rel1.linux64_1.0.100.202403111256/tools/bin/../lib/gcc/arm-none-eabi/12.3.1/../../../../arm-none-eabi/lib/thumb/v8-m.main+fp/hard/libc_nano.a(libc_a-findfp.o)
                              /opt/st/stm32cubeide_1.13.1/plugins/com.st.stm32cube.ide.mcu.externaltools.gnu-tools-for-stm32.12.3.rel1.linux64_1.0.100.202403111256/tools/bin/../lib/gcc/arm-none-eabi/12.3.1/../../../../arm-none-eabi/lib/thumb/v8-m.main+fp/hard/libc_nano.a(libc_a-exit.o) (__stdio_exit_handler)
/opt/st/stm32cubeide_1.13.1/plugins/com.st.stm32cube.ide.mcu.externaltools.gnu-tools-for-stm32.12.3.rel1.linux64_1.0.100.202403111256/tools/bin/../lib/gcc/arm-none-eabi/12.3.1/../../../../arm-none-eabi/lib/thumb/v8-m.main+fp/hard/libc_nano.a(libc_a-fwalk.o)
                              /opt/st/stm32cubeide_1.13.1/plugins/com.st.stm32cube.ide.mcu.externaltools.gnu-tools-for-stm32.12.3.rel1.linux64_1.0.100.202403111256/tools/bin/../lib/gcc/arm-none-eabi/12.3.1/../../../../arm-none-eabi/lib/thumb/v8-m.main+fp/hard/libc_nano.a(libc_a-findfp.o) (_fwalk_sglue)
/opt/st/stm32cubeide_1.13.1/plugins/com.st.stm32cube.ide.mcu.externaltools.gnu-tools-for-stm32.12.3.rel1.linux64_1.0.100.202403111256/tools/bin/../lib/gcc/arm-none-eabi/12.3.1/../../../../arm-none-eabi/lib/thumb/v8-m.main+fp/hard/libc_nano.a(libc_a-printf.o)
                              ./Application/User/fw_update_app.o (printf)
/opt/st/stm32cubeide_1.13.1/plugins/com.st.stm32cube.ide.mcu.externaltools.gnu-tools-for-stm32.12.3.rel1.linux64_1.0.100.202403111256/tools/bin/../lib/gcc/arm-none-eabi/12.3.1/../../../../arm-none-eabi/lib/thumb/v8-m.main+fp/hard/libc_nano.a(libc_a-puts.o)
                              ./Application/User/fw_update_app.o (puts)
/opt/st/stm32cubeide_1.13.1/plugins/com.st.stm32cube.ide.mcu.externaltools.gnu-tools-for-stm32.12.3.rel1.linux64_1.0.100.202403111256/tools/bin/../lib/gcc/arm-none-eabi/12.3.1/../../../../arm-none-eabi/lib/thumb/v8-m.main+fp/hard/libc_nano.a(libc_a-setvbuf.o)
                              ./Application/User/com.o (setvbuf)
/opt/st/stm32cubeide_1.13.1/plugins/com.st.stm32cube.ide.mcu.externaltools.gnu-tools-for-stm32.12.3.rel1.linux64_1.0.100.202403111256/tools/bin/../lib/gcc/arm-none-eabi/12.3.1/../../../../arm-none-eabi/lib/thumb/v8-m.main+fp/hard/libc_nano.a(libc_a-stdio.o)
                              /opt/st/stm32cubeide_1.13.1/plugins/com.st.stm32cube.ide.mcu.externaltools.gnu-tools-for-stm32.12.3.rel1.linux64_1.0.100.202403111256/tools/bin/../lib/gcc/arm-none-eabi/12.3.1/../../../../arm-none-eabi/lib/thumb/v8-m.main+fp/hard/libc_nano.a(libc_a-findfp.o) (__sread)
/opt/st/stm32cubeide_1.13.1/plugins/com.st.stm32cube.ide.mcu.externaltools.gnu-tools-for-stm32.12.3.rel1.linux64_1.0.100.202403111256/tools/bin/../lib/gcc/arm-none-eabi/12.3.1/../../../../arm-none-eabi/lib/thumb/v8-m.main+fp/hard/libc_nano.a(libc_a-wbuf.o)
                              /opt/st/stm32cubeide_1.13.1/plugins/com.st.stm32cube.ide.mcu.externaltools.gnu-tools-for-stm32.12.3.rel1.linux64_1.0.100.202403111256/tools/bin/../lib/gcc/arm-none-eabi/12.3.1/../../../../arm-none-eabi/lib/thumb/v8-m.main+fp/hard/libc_nano.a(libc_a-puts.o) (__swbuf_r)
/opt/st/stm32cubeide_1.13.1/plugins/com.st.stm32cube.ide.mcu.externaltools.gnu-tools-for-stm32.12.3.rel1.linux64_1.0.100.202403111256/tools/bin/../lib/gcc/arm-none-eabi/12.3.1/../../../../arm-none-eabi/lib/thumb/v8-m.main+fp/hard/libc_nano.a(libc_a-wsetup.o)
                              /opt/st/stm32cubeide_1.13.1/plugins/com.st.stm32cube.ide.mcu.externaltools.gnu-tools-for-stm32.12.3.rel1.linux64_1.0.100.202403111256/tools/bin/../lib/gcc/arm-none-eabi/12.3.1/../../../../arm-none-eabi/lib/thumb/v8-m.main+fp/hard/libc_nano.a(libc_a-puts.o) (__swsetup_r)
/opt/st/stm32cubeide_1.13.1/plugins/com.st.stm32cube.ide.mcu.externaltools.gnu-tools-for-stm32.12.3.rel1.linux64_1.0.100.202403111256/tools/bin/../lib/gcc/arm-none-eabi/12.3.1/../../../../arm-none-eabi/lib/thumb/v8-m.main+fp/hard/libc_nano.a(libc_a-memmove.o)
                              ./Drivers/STM32U5xx_HAL_Driver/stm32u5xx_hal_dma_ex.o (memmove)
/opt/st/stm32cubeide_1.13.1/plugins/com.st.stm32cube.ide.mcu.externaltools.gnu-tools-for-stm32.12.3.rel1.linux64_1.0.100.202403111256/tools/bin/../lib/gcc/arm-none-eabi/12.3.1/../../../../arm-none-eabi/lib/thumb/v8-m.main+fp/hard/libc_nano.a(libc_a-memset.o)
[...]
Memory Configuration

Name             Origin             Length             Attributes
FLASH            0x081fa000         0x00006000         xr
RAM              0x20000000         0x00030000         xrw
*default*        0x00000000         0xffffffff

Linker script and memory map

LOAD /opt/st/stm32cubeide_1.13.1/plugins/com.st.stm32cube.ide.mcu.externaltools.gnu-tools-for-stm32.12.3.rel1.linux64_1.0.100.202403111256/tools/bin/../lib/gcc/arm-none-eabi/12.3.1/thumb/v8-m.main+fp/hard/crti.o
LOAD /opt/st/stm32cubeide_1.13.1/plugins/com.st.stm32cube.ide.mcu.externaltools.gnu-tools-for-stm32.12.3.rel1.linux64_1.0.100.202403111256/tools/bin/../lib/gcc/arm-none-eabi/12.3.1/thumb/v8-m.main+fp/hard/crtbegin.o
LOAD /opt/st/stm32cubeide_1.13.1/plugins/com.st.stm32cube.ide.mcu.externaltools.gnu-tools-for-stm32.12.3.rel1.linux64_1.0.100.202403111256/tools/bin/../lib/gcc/arm-none-eabi/12.3.1/../../../../arm-none-eabi/lib/thumb/v8-m.main+fp/hard/crt0.o
LOAD ./Application/User/com.o
LOAD ./Application/User/common.o
LOAD ./Application/User/fw_update_app.o
LOAD ./Application/User/low_level_device.o
LOAD ./Application/User/low_level_flash.o
LOAD ./Application/User/main.o
LOAD ./Application/User/startup_stm32u5xx.o
LOAD ./Application/User/tick.o
LOAD ./Application/User/ymodem.o
LOAD ./Drivers/CMSIS/system_stm32u5xx.o
LOAD ./Drivers/STM32U5xx_HAL_Driver/stm32u5xx_hal.o
LOAD ./Drivers/STM32U5xx_HAL_Driver/stm32u5xx_hal_cortex.o
LOAD ./Drivers/STM32U5xx_HAL_Driver/stm32u5xx_hal_crc.o
LOAD ./Drivers/STM32U5xx_HAL_Driver/stm32u5xx_hal_crc_ex.o
LOAD ./Drivers/STM32U5xx_HAL_Driver/stm32u5xx_hal_dma.o
LOAD ./Drivers/STM32U5xx_HAL_Driver/stm32u5xx_hal_dma_ex.o
LOAD ./Drivers/STM32U5xx_HAL_Driver/stm32u5xx_hal_exti.o
LOAD ./Drivers/STM32U5xx_HAL_Driver/stm32u5xx_hal_flash.o
LOAD ./Drivers/STM32U5xx_HAL_Driver/stm32u5xx_hal_flash_ex.o
LOAD ./Drivers/STM32U5xx_HAL_Driver/stm32u5xx_hal_gpio.o
LOAD ./Drivers/STM32U5xx_HAL_Driver/stm32u5xx_hal_pwr.o
LOAD ./Drivers/STM32U5xx_HAL_Driver/stm32u5xx_hal_pwr_ex.o
LOAD ./Drivers/STM32U5xx_HAL_Driver/stm32u5xx_hal_rcc.o
LOAD ./Drivers/STM32U5xx_HAL_Driver/stm32u5xx_hal_rcc_ex.o
LOAD ./Drivers/STM32U5xx_HAL_Driver/stm32u5xx_hal_uart.o
LOAD ./Drivers/STM32U5xx_HAL_Driver/stm32u5xx_hal_uart_ex.o
LOAD ../../../Secure_nsclib/secure_nsclib.o
START GROUP
LOAD /opt/st/stm32cubeide_1.13.1/plugins/com.st.stm32cube.ide.mcu.externaltools.gnu-tools-for-stm32.12.3.rel1.linux64_1.0.100.202403111256/tools/bin/../lib/gcc/arm-none-eabi/12.3.1/../../../../arm-none-eabi/lib/thumb/v8-m.main+fp/hard/libc_nano.a
LOAD /opt/st/stm32cubeide_1.13.1/plugins/com.st.stm32cube.ide.mcu.externaltools.gnu-tools-for-stm32.12.3.rel1.linux64_1.0.100.202403111256/tools/bin/../lib/gcc/arm-none-eabi/12.3.1/../../../../arm-none-eabi/lib/thumb/v8-m.main+fp/hard/libm.a
END GROUP
START GROUP
LOAD /opt/st/stm32cubeide_1.13.1/plugins/com.st.stm32cube.ide.mcu.externaltools.gnu-tools-for-stm32.12.3.rel1.linux64_1.0.100.202403111256/tools/bin/../lib/gcc/arm-none-eabi/12.3.1/thumb/v8-m.main+fp/hard/libgcc.a
LOAD /opt/st/stm32cubeide_1.13.1/plugins/com.st.stm32cube.ide.mcu.externaltools.gnu-tools-for-stm32.12.3.rel1.linux64_1.0.100.202403111256/tools/bin/../lib/gcc/arm-none-eabi/12.3.1/../../../../arm-none-eabi/lib/thumb/v8-m.main+fp/hard/libc_nano.a
END GROUP
START GROUP
LOAD /opt/st/stm32cubeide_1.13.1/plugins/com.st.stm32cube.ide.mcu.externaltools.gnu-tools-for-stm32.12.3.rel1.linux64_1.0.100.202403111256/tools/bin/../lib/gcc/arm-none-eabi/12.3.1/thumb/v8-m.main+fp/hard/libgcc.a
LOAD /opt/st/stm32cubeide_1.13.1/plugins/com.st.stm32cube.ide.mcu.externaltools.gnu-tools-for-stm32.12.3.rel1.linux64_1.0.100.202403111256/tools/bin/../lib/gcc/arm-none-eabi/12.3.1/../../../../arm-none-eabi/lib/thumb/v8-m.main+fp/hard/libc_nano.a
LOAD /opt/st/stm32cubeide_1.13.1/plugins/com.st.stm32cube.ide.mcu.externaltools.gnu-tools-for-stm32.12.3.rel1.linux64_1.0.100.202403111256/tools/bin/../lib/gcc/arm-none-eabi/12.3.1/../../../../arm-none-eabi/lib/thumb/v8-m.main+fp/hard/libnosys.a
END GROUP
START GROUP
LOAD /opt/st/stm32cubeide_1.13.1/plugins/com.st.stm32cube.ide.mcu.externaltools.gnu-tools-for-stm32.12.3.rel1.linux64_1.0.100.202403111256/tools/bin/../lib/gcc/arm-none-eabi/12.3.1/thumb/v8-m.main+fp/hard/libgcc.a
LOAD /opt/st/stm32cubeide_1.13.1/plugins/com.st.stm32cube.ide.mcu.externaltools.gnu-tools-for-stm32.12.3.rel1.linux64_1.0.100.202403111256/tools/bin/../lib/gcc/arm-none-eabi/12.3.1/../../../../arm-none-eabi/lib/thumb/v8-m.main+fp/hard/libc_nano.a
LOAD /opt/st/stm32cubeide_1.13.1/plugins/com.st.stm32cube.ide.mcu.externaltools.gnu-tools-for-stm32.12.3.rel1.linux64_1.0.100.202403111256/tools/bin/../lib/gcc/arm-none-eabi/12.3.1/../../../../arm-none-eabi/lib/thumb/v8-m.main+fp/hard/libnosys.a
END GROUP
LOAD /opt/st/stm32cubeide_1.13.1/plugins/com.st.stm32cube.ide.mcu.externaltools.gnu-tools-for-stm32.12.3.rel1.linux64_1.0.100.202403111256/tools/bin/../lib/gcc/arm-none-eabi/12.3.1/thumb/v8-m.main+fp/hard/crtend.o
LOAD /opt/st/stm32cubeide_1.13.1/plugins/com.st.stm32cube.ide.mcu.externaltools.gnu-tools-for-stm32.12.3.rel1.linux64_1.0.100.202403111256/tools/bin/../lib/gcc/arm-none-eabi/12.3.1/thumb/v8-m.main+fp/hard/crtn.o
                0x00000200                        __heap_size__ = 0x200
                0x00000400                        __msp_stack_size__ = 0x400
START GROUP
LOAD /opt/st/stm32cubeide_1.13.1/plugins/com.st.stm32cube.ide.mcu.externaltools.gnu-tools-for-stm32.12.3.rel1.linux64_1.0.100.202403111256/tools/bin/../lib/gcc/arm-none-eabi/12.3.1/thumb/v8-m.main+fp/hard/libgcc.a
LOAD /opt/st/stm32cubeide_1.13.1/plugins/com.st.stm32cube.ide.mcu.externaltools.gnu-tools-for-stm32.12.3.rel1.linux64_1.0.100.202403111256/tools/bin/../lib/gcc/arm-none-eabi/12.3.1/../../../../arm-none-eabi/lib/thumb/v8-m.main+fp/hard/libc.a
LOAD /opt/st/stm32cubeide_1.13.1/plugins/com.st.stm32cube.ide.mcu.externaltools.gnu-tools-for-stm32.12.3.rel1.linux64_1.0.100.202403111256/tools/bin/../lib/gcc/arm-none-eabi/12.3.1/../../../../arm-none-eabi/lib/thumb/v8-m.main+fp/hard/libm.a
LOAD /opt/st/stm32cubeide_1.13.1/plugins/com.st.stm32cube.ide.mcu.externaltools.gnu-tools-for-stm32.12.3.rel1.linux64_1.0.100.202403111256/tools/bin/../lib/gcc/arm-none-eabi/12.3.1/../../../../arm-none-eabi/lib/thumb/v8-m.main+fp/hard/libnosys.a
END GROUP

.text           0x081fa000     0x4a00
 *(.vectors)
 .vectors       0x081fa000      0x238 ./Application/User/startup_stm32u5xx.o
                0x081fa000                __Vectors
                0x081fa238                        __Vectors_End = .
                0x081fa238                        __Vectors_Size = (__Vectors_End - __Vectors)
                0x20000b60                        __end__ = .
 *(.text*)
 .text          0x081fa238       0x40 /opt/st/stm32cubeide_1.13.1/plugins/com.st.stm32cube.ide.mcu.externaltools.gnu-tools-for-stm32.12.3.rel1.linux64_1.0.100.202403111256/tools/bin/../lib/gcc/arm-none-eabi/12.3.1/thumb/v8-m.main+fp/hard/crtbegin.o
 .text          0x081fa278       0x7c /opt/st/stm32cubeide_1.13.1/plugins/com.st.stm32cube.ide.mcu.externaltools.gnu-tools-for-stm32.12.3.rel1.linux64_1.0.100.202403111256/tools/bin/../lib/gcc/arm-none-eabi/12.3.1/../../../../arm-none-eabi/lib/thumb/v8-m.main+fp/hard/crt0.o
                0x081fa278                _stack_init
                0x081fa280                _mainCRTStartup
                0x081fa280                _start
 .text.COM_Init
                0x081fa2f4       0x50 ./Application/User/com.o
                0x081fa2f4                COM_Init
 .text.HAL_UART_MspInit
                0x081fa344       0x98 ./Application/User/com.o
                0x081fa344                HAL_UART_MspInit
 .text.COM_Transmit
                0x081fa3dc       0x68 ./Application/User/com.o
                0x081fa3dc                COM_Transmit
 .text.COM_Transmit_Y
                0x081fa444       0x20 ./Application/User/com.o
                0x081fa444                COM_Transmit_Y
 .text.COM_Receive
                0x081fa464       0x20 ./Application/User/com.o
                0x081fa464                COM_Receive
 .text.COM_Receive_Y
                0x081fa484       0x20 ./Application/User/com.o
                0x081fa484                COM_Receive_Y
 .text.COM_Flush
                0x081fa4a4       0x1c ./Application/User/com.o
                0x081fa4a4                COM_Flush
 .text.COM_Y_On
                0x081fa4c0       0x1c ./Application/User/com.o
                0x081fa4c0                COM_Y_On
 .text.COM_Y_Off
                0x081fa4dc       0x14 ./Application/User/com.o
                0x081fa4dc                COM_Y_Off
 .text.Str2Int  0x081fa4f0       0xa4 ./Application/User/common.o
                0x081fa4f0                Str2Int
 .text.Serial_PutByte
                0x081fa594       0x18 ./Application/User/common.o
                0x081fa594                Serial_PutByte
 .text.FW_UPDATE_PrintWelcome
                0x081fa5ac       0x44 ./Application/User/fw_update_app.o
 .text.FW_UPDATE_DownloadNewFirmware.constprop.0
                0x081fa5f0       0xe4 ./Application/User/fw_update_app.o
 .text.FW_UPDATE_Run
                0x081fa6d4      0x194 ./Application/User/fw_update_app.o
                0x081fa6d4                FW_UPDATE_Run
 .text.Ymodem_HeaderPktRxCpltCallback
                0x081fa868       0x30 ./Application/User/fw_update_app.o
                0x081fa868                Ymodem_HeaderPktRxCpltCallback
 .text.Ymodem_DataPktRxCpltCallback
                0x081fa898       0x84 ./Application/User/fw_update_app.o
                0x081fa898                Ymodem_DataPktRxCpltCallback
 .text.Flash_GetInfo
                0x081fa91c        0x8 ./Application/User/low_level_flash.o
 .text.Flash_Initialize
                0x081fa924        0xe ./Application/User/low_level_flash.o
 *fill*         0x081fa932        0x2 
 .text.Flash_ProgramData
                0x081fa934       0xdc ./Application/User/low_level_flash.o
 .text.Flash_EraseSector
                0x081faa10       0x98 ./Application/User/low_level_flash.o
 .text.__io_putchar
                0x081faaa8       0x16 ./Application/User/main.o
                0x081faaa8                __io_putchar
 .text._write   0x081faabe       0x1a ./Application/User/main.o
                0x081faabe                _write
 .text.startup.main
                0x081faad8       0x48 ./Application/User/main.o
                0x081faad8                main
 .text.NMI_Handler
                0x081fab20        0x2 ./Application/User/startup_stm32u5xx.o
                0x081fab20                NMI_Handler
 .text.HardFault_Handler
                0x081fab22        0x2 ./Application/User/startup_stm32u5xx.o
                0x081fab22                HardFault_Handler
 .text.MemManage_Handler
                0x081fab24        0x2 ./Application/User/startup_stm32u5xx.o
                0x081fab24                MemManage_Handler
 .text.BusFault_Handler
                0x081fab26        0x2 ./Application/User/startup_stm32u5xx.o
                0x081fab26                BusFault_Handler
 .text.UsageFault_Handler
                0x081fab28        0x2 ./Application/User/startup_stm32u5xx.o
                0x081fab28                UsageFault_Handler
 .text.SecureFault_Handler
                0x081fab2a        0x2 ./Application/User/startup_stm32u5xx.o
                0x081fab2a                SecureFault_Handler
 .text.SVC_Handler
                0x081fab2c        0x2 ./Application/User/startup_stm32u5xx.o
                0x081fab2c                SVC_Handler
 .text.DebugMon_Handler
                0x081fab2e        0x2 ./Application/User/startup_stm32u5xx.o
                0x081fab2e                DebugMon_Handler
 .text.PendSV_Handler
                0x081fab30        0x2 ./Application/User/startup_stm32u5xx.o
                0x081fab30                PendSV_Handler
 .text.SysTick_Handler
                0x081fab32        0x2 ./Application/User/startup_stm32u5xx.o
                0x081fab32                SysTick_Handler
 .text.WWDG_IRQHandler
                0x081fab34        0x2 ./Application/User/startup_stm32u5xx.o
                0x081fab34                WWDG_IRQHandler
 .text.PVD_PVM_IRQHandler
                0x081fab36        0x2 ./Application/User/startup_stm32u5xx.o
                0x081fab36                PVD_PVM_IRQHandler
 .text.RTC_IRQHandler
                0x081fab38        0x2 ./Application/User/startup_stm32u5xx.o
                0x081fab38                RTC_IRQHandler
 .text.RTC_IRQHandler_S
                0x081fab3a        0x2 ./Application/User/startup_stm32u5xx.o
                0x081fab3a                RTC_IRQHandler_S
 .text.TAMP_IRQHandler
                0x081fab3c        0x2 ./Application/User/startup_stm32u5xx.o
                0x081fab3c                TAMP_IRQHandler
 .text.RAMCFG_IRQHandler
                0x081fab3e        0x2 ./Application/User/startup_stm32u5xx.o
                0x081fab3e                RAMCFG_IRQHandler
 .text.FLASH_IRQHandler
                0x081fab40        0x2 ./Application/User/startup_stm32u5xx.o
                0x081fab40                FLASH_IRQHandler
 .text.FLASH_IRQHandler_S
                0x081fab42        0x2 ./Application/User/startup_stm32u5xx.o
                0x081fab42                FLASH_IRQHandler_S
 .text.GTZC_IRQHandler
                0x081fab44        0x2 ./Application/User/startup_stm32u5xx.o
                0x081fab44                GTZC_IRQHandler
 .text.RCC_IRQHandler
                0x081fab46        0x2 ./Application/User/startup_stm32u5xx.o
                0x081fab46                RCC_IRQHandler
 .text.RCC_IRQHandler_S
                0x081fab48        0x2 ./Application/User/startup_stm32u5xx.o
                0x081fab48                RCC_IRQHandler_S
 .text.EXTI0_IRQHandler
                0x081fab4a        0x2 ./Application/User/startup_stm32u5xx.o
                0x081fab4a                EXTI0_IRQHandler
 .text.EXTI1_IRQHandler
                0x081fab4c        0x2 ./Application/User/startup_stm32u5xx.o
                0x081fab4c                EXTI1_IRQHandler
 .text.EXTI2_IRQHandler
                0x081fab4e        0x2 ./Application/User/startup_stm32u5xx.o
                0x081fab4e                EXTI2_IRQHandler
 .text.EXTI3_IRQHandler
                0x081fab50        0x2 ./Application/User/startup_stm32u5xx.o
                0x081fab50                EXTI3_IRQHandler
 .text.EXTI4_IRQHandler
                0x081fab52        0x2 ./Application/User/startup_stm32u5xx.o
                0x081fab52                EXTI4_IRQHandler
 .text.EXTI5_IRQHandler
                0x081fab54        0x2 ./Application/User/startup_stm32u5xx.o
                0x081fab54                EXTI5_IRQHandler
 .text.EXTI6_IRQHandler
                0x081fab56        0x2 ./Application/User/startup_stm32u5xx.o
                0x081fab56                EXTI6_IRQHandler
 .text.EXTI7_IRQHandler
                0x081fab58        0x2 ./Application/User/startup_stm32u5xx.o
                0x081fab58                EXTI7_IRQHandler
 .text.EXTI8_IRQHandler
                0x081fab5a        0x2 ./Application/User/startup_stm32u5xx.o
                0x081fab5a                EXTI8_IRQHandler
 .text.EXTI9_IRQHandler
                0x081fab5c        0x2 ./Application/User/startup_stm32u5xx.o
                0x081fab5c                EXTI9_IRQHandler
 .text.EXTI10_IRQHandler
                0x081fab5e        0x2 ./Application/User/startup_stm32u5xx.o
                0x081fab5e                EXTI10_IRQHandler
 .text.EXTI11_IRQHandler
                0x081fab60        0x2 ./Application/User/startup_stm32u5xx.o
                0x081fab60                EXTI11_IRQHandler
 .text.EXTI12_IRQHandler
                0x081fab62        0x2 ./Application/User/startup_stm32u5xx.o
                0x081fab62                EXTI12_IRQHandler
 .text.EXTI13_IRQHandler
                0x081fab64        0x2 ./Application/User/startup_stm32u5xx.o
                0x081fab64                EXTI13_IRQHandler
 .text.EXTI14_IRQHandler
                0x081fab66        0x2 ./Application/User/startup_stm32u5xx.o
                0x081fab66                EXTI14_IRQHandler
 .text.EXTI15_IRQHandler
                0x081fab68        0x2 ./Application/User/startup_stm32u5xx.o
                0x081fab68                EXTI15_IRQHandler
 .text.IWDG_IRQHandler
                0x081fab6a        0x2 ./Application/User/startup_stm32u5xx.o
                0x081fab6a                IWDG_IRQHandler
 .text.SAES_IRQHandler
                0x081fab6c        0x2 ./Application/User/startup_stm32u5xx.o
                0x081fab6c                SAES_IRQHandler
 .text.GPDMA1_Channel0_IRQHandler
                0x081fab6e        0x2 ./Application/User/startup_stm32u5xx.o
                0x081fab6e                GPDMA1_Channel0_IRQHandler
 .text.GPDMA1_Channel1_IRQHandler
                0x081fab70        0x2 ./Application/User/startup_stm32u5xx.o
                0x081fab70                GPDMA1_Channel1_IRQHandler
 .text.GPDMA1_Channel2_IRQHandler
                0x081fab72        0x2 ./Application/User/startup_stm32u5xx.o
                0x081fab72                GPDMA1_Channel2_IRQHandler
 .text.GPDMA1_Channel3_IRQHandler
                0x081fab74        0x2 ./Application/User/startup_stm32u5xx.o
                0x081fab74                GPDMA1_Channel3_IRQHandler
 .text.GPDMA1_Channel4_IRQHandler
                0x081fab76        0x2 ./Application/User/startup_stm32u5xx.o
                0x081fab76                GPDMA1_Channel4_IRQHandler
 .text.GPDMA1_Channel5_IRQHandler
                0x081fab78        0x2 ./Application/User/startup_stm32u5xx.o
                0x081fab78                GPDMA1_Channel5_IRQHandler
 .text.GPDMA1_Channel6_IRQHandler
                0x081fab7a        0x2 ./Application/User/startup_stm32u5xx.o
                0x081fab7a                GPDMA1_Channel6_IRQHandler
 .text.GPDMA1_Channel7_IRQHandler
                0x081fab7c        0x2 ./Application/User/startup_stm32u5xx.o
                0x081fab7c                GPDMA1_Channel7_IRQHandler
 .text.ADC1_IRQHandler
                0x081fab7e        0x2 ./Application/User/startup_stm32u5xx.o
                0x081fab7e                ADC1_IRQHandler
 .text.DAC1_IRQHandler
                0x081fab80        0x2 ./Application/User/startup_stm32u5xx.o
                0x081fab80                DAC1_IRQHandler
 .text.FDCAN1_IT0_IRQHandler
                0x081fab82        0x2 ./Application/User/startup_stm32u5xx.o
                0x081fab82                FDCAN1_IT0_IRQHandler
 .text.FDCAN1_IT1_IRQHandler
                0x081fab84        0x2 ./Application/User/startup_stm32u5xx.o
                0x081fab84                FDCAN1_IT1_IRQHandler
 .text.TIM1_BRK_IRQHandler
                0x081fab86        0x2 ./Application/User/startup_stm32u5xx.o
                0x081fab86                TIM1_BRK_IRQHandler
 .text.TIM1_UP_IRQHandler
                0x081fab88        0x2 ./Application/User/startup_stm32u5xx.o
                0x081fab88                TIM1_UP_IRQHandler
 .text.TIM1_TRG_COM_IRQHandler
                0x081fab8a        0x2 ./Application/User/startup_stm32u5xx.o
                0x081fab8a                TIM1_TRG_COM_IRQHandler
 .text.TIM1_CC_IRQHandler
                0x081fab8c        0x2 ./Application/User/startup_stm32u5xx.o
                0x081fab8c                TIM1_CC_IRQHandler
 .text.TIM2_IRQHandler
                0x081fab8e        0x2 ./Application/User/startup_stm32u5xx.o
                0x081fab8e                TIM2_IRQHandler
 .text.TIM3_IRQHandler
                0x081fab90        0x2 ./Application/User/startup_stm32u5xx.o
                0x081fab90                TIM3_IRQHandler
 .text.TIM4_IRQHandler
                0x081fab92        0x2 ./Application/User/startup_stm32u5xx.o
                0x081fab92                TIM4_IRQHandler
 .text.TIM5_IRQHandler
                0x081fab94        0x2 ./Application/User/startup_stm32u5xx.o
                0x081fab94                TIM5_IRQHandler
 .text.TIM6_IRQHandler
                0x081fab96        0x2 ./Application/User/startup_stm32u5xx.o
                0x081fab96                TIM6_IRQHandler
 .text.TIM7_IRQHandler
                0x081fab98        0x2 ./Application/User/startup_stm32u5xx.o
                0x081fab98                TIM7_IRQHandler
 .text.TIM8_BRK_IRQHandler
                0x081fab9a        0x2 ./Application/User/startup_stm32u5xx.o
                0x081fab9a                TIM8_BRK_IRQHandler
 .text.TIM8_UP_IRQHandler
                0x081fab9c        0x2 ./Application/User/startup_stm32u5xx.o
                0x081fab9c                TIM8_UP_IRQHandler
 .text.TIM8_TRG_COM_IRQHandler
                0x081fab9e        0x2 ./Application/User/startup_stm32u5xx.o
                0x081fab9e                TIM8_TRG_COM_IRQHandler
 .text.TIM8_CC_IRQHandler
                0x081faba0        0x2 ./Application/User/startup_stm32u5xx.o
                0x081faba0                TIM8_CC_IRQHandler
 .text.I2C1_EV_IRQHandler
                0x081faba2        0x2 ./Application/User/startup_stm32u5xx.o
                0x081faba2                I2C1_EV_IRQHandler
 .text.I2C1_ER_IRQHandler
                0x081faba4        0x2 ./Application/User/startup_stm32u5xx.o
                0x081faba4                I2C1_ER_IRQHandler
 .text.I2C2_EV_IRQHandler
                0x081faba6        0x2 ./Application/User/startup_stm32u5xx.o
                0x081faba6                I2C2_EV_IRQHandler
 .text.I2C2_ER_IRQHandler
                0x081faba8        0x2 ./Application/User/startup_stm32u5xx.o
                0x081faba8                I2C2_ER_IRQHandler
 .text.SPI1_IRQHandler
                0x081fabaa        0x2 ./Application/User/startup_stm32u5xx.o
                0x081fabaa                SPI1_IRQHandler
 .text.SPI2_IRQHandler
                0x081fabac        0x2 ./Application/User/startup_stm32u5xx.o
                0x081fabac                SPI2_IRQHandler
 .text.USART1_IRQHandler
                0x081fabae        0x2 ./Application/User/startup_stm32u5xx.o
                0x081fabae                USART1_IRQHandler
 .text.USART2_IRQHandler
                0x081fabb0        0x2 ./Application/User/startup_stm32u5xx.o
                0x081fabb0                USART2_IRQHandler
 .text.USART3_IRQHandler
                0x081fabb2        0x2 ./Application/User/startup_stm32u5xx.o
                0x081fabb2                USART3_IRQHandler
 .text.UART4_IRQHandler
                0x081fabb4        0x2 ./Application/User/startup_stm32u5xx.o
                0x081fabb4                UART4_IRQHandler
 .text.UART5_IRQHandler
                0x081fabb6        0x2 ./Application/User/startup_stm32u5xx.o
                0x081fabb6                UART5_IRQHandler
 .text.LPUART1_IRQHandler
                0x081fabb8        0x2 ./Application/User/startup_stm32u5xx.o
                0x081fabb8                LPUART1_IRQHandler
 .text.LPTIM1_IRQHandler
                0x081fabba        0x2 ./Application/User/startup_stm32u5xx.o
                0x081fabba                LPTIM1_IRQHandler
 .text.LPTIM2_IRQHandler
                0x081fabbc        0x2 ./Application/User/startup_stm32u5xx.o
                0x081fabbc                LPTIM2_IRQHandler
 .text.TIM15_IRQHandler
                0x081fabbe        0x2 ./Application/User/startup_stm32u5xx.o
                0x081fabbe                TIM15_IRQHandler
 .text.TIM16_IRQHandler
                0x081fabc0        0x2 ./Application/User/startup_stm32u5xx.o
                0x081fabc0                TIM16_IRQHandler
 .text.TIM17_IRQHandler
                0x081fabc2        0x2 ./Application/User/startup_stm32u5xx.o
                0x081fabc2                TIM17_IRQHandler
 .text.COMP_IRQHandler
                0x081fabc4        0x2 ./Application/User/startup_stm32u5xx.o
                0x081fabc4                COMP_IRQHandler
 .text.OTG_FS_IRQHandler
                0x081fabc6        0x2 ./Application/User/startup_stm32u5xx.o
                0x081fabc6                OTG_FS_IRQHandler
 .text.CRS_IRQHandler
                0x081fabc8        0x2 ./Application/User/startup_stm32u5xx.o
                0x081fabc8                CRS_IRQHandler
 .text.FMC_IRQHandler
                0x081fabca        0x2 ./Application/User/startup_stm32u5xx.o
                0x081fabca                FMC_IRQHandler
 .text.OCTOSPI1_IRQHandler
                0x081fabcc        0x2 ./Application/User/startup_stm32u5xx.o
                0x081fabcc                OCTOSPI1_IRQHandler
 .text.PWR_S3WU_IRQHandler
                0x081fabce        0x2 ./Application/User/startup_stm32u5xx.o
                0x081fabce                PWR_S3WU_IRQHandler
 .text.SDMMC1_IRQHandler
                0x081fabd0        0x2 ./Application/User/startup_stm32u5xx.o
                0x081fabd0                SDMMC1_IRQHandler
 .text.SDMMC2_IRQHandler
                0x081fabd2        0x2 ./Application/User/startup_stm32u5xx.o
                0x081fabd2                SDMMC2_IRQHandler
 .text.GPDMA1_Channel8_IRQHandler
                0x081fabd4        0x2 ./Application/User/startup_stm32u5xx.o
                0x081fabd4                GPDMA1_Channel8_IRQHandler
 .text.GPDMA1_Channel9_IRQHandler
                0x081fabd6        0x2 ./Application/User/startup_stm32u5xx.o
                0x081fabd6                GPDMA1_Channel9_IRQHandler
 .text.GPDMA1_Channel10_IRQHandler
                0x081fabd8        0x2 ./Application/User/startup_stm32u5xx.o
                0x081fabd8                GPDMA1_Channel10_IRQHandler
 .text.GPDMA1_Channel11_IRQHandler
                0x081fabda        0x2 ./Application/User/startup_stm32u5xx.o
                0x081fabda                GPDMA1_Channel11_IRQHandler
 .text.GPDMA1_Channel12_IRQHandler
                0x081fabdc        0x2 ./Application/User/startup_stm32u5xx.o
                0x081fabdc                GPDMA1_Channel12_IRQHandler
 .text.GPDMA1_Channel13_IRQHandler
                0x081fabde        0x2 ./Application/User/startup_stm32u5xx.o
                0x081fabde                GPDMA1_Channel13_IRQHandler
 .text.GPDMA1_Channel14_IRQHandler
                0x081fabe0        0x2 ./Application/User/startup_stm32u5xx.o
                0x081fabe0                GPDMA1_Channel14_IRQHandler
 .text.GPDMA1_Channel15_IRQHandler
                0x081fabe2        0x2 ./Application/User/startup_stm32u5xx.o
                0x081fabe2                GPDMA1_Channel15_IRQHandler
 .text.I2C3_EV_IRQHandler
                0x081fabe4        0x2 ./Application/User/startup_stm32u5xx.o
                0x081fabe4                I2C3_EV_IRQHandler
 .text.I2C3_ER_IRQHandler
                0x081fabe6        0x2 ./Application/User/startup_stm32u5xx.o
                0x081fabe6                I2C3_ER_IRQHandler
 .text.SAI1_IRQHandler
                0x081fabe8        0x2 ./Application/User/startup_stm32u5xx.o
                0x081fabe8                SAI1_IRQHandler
 .text.SAI2_IRQHandler
                0x081fabea        0x2 ./Application/User/startup_stm32u5xx.o
                0x081fabea                SAI2_IRQHandler
 .text.TSC_IRQHandler
                0x081fabec        0x2 ./Application/User/startup_stm32u5xx.o
                0x081fabec                TSC_IRQHandler
 .text.AES_IRQHandler
                0x081fabee        0x2 ./Application/User/startup_stm32u5xx.o
                0x081fabee                AES_IRQHandler
 .text.RNG_IRQHandler
                0x081fabf0        0x2 ./Application/User/startup_stm32u5xx.o
                0x081fabf0                RNG_IRQHandler
 .text.FPU_IRQHandler
                0x081fabf2        0x2 ./Application/User/startup_stm32u5xx.o
                0x081fabf2                FPU_IRQHandler
 .text.HASH_IRQHandler
                0x081fabf4        0x2 ./Application/User/startup_stm32u5xx.o
                0x081fabf4                HASH_IRQHandler
 .text.PKA_IRQHandler
                0x081fabf6        0x2 ./Application/User/startup_stm32u5xx.o
                0x081fabf6                PKA_IRQHandler
 .text.LPTIM3_IRQHandler
                0x081fabf8        0x2 ./Application/User/startup_stm32u5xx.o
                0x081fabf8                LPTIM3_IRQHandler
 .text.SPI3_IRQHandler
                0x081fabfa        0x2 ./Application/User/startup_stm32u5xx.o
                0x081fabfa                SPI3_IRQHandler
 .text.I2C4_ER_IRQHandler
                0x081fabfc        0x2 ./Application/User/startup_stm32u5xx.o
                0x081fabfc                I2C4_ER_IRQHandler
 .text.I2C4_EV_IRQHandler
                0x081fabfe        0x2 ./Application/User/startup_stm32u5xx.o
                0x081fabfe                I2C4_EV_IRQHandler
 .text.MDF1_FLT0_IRQHandler
                0x081fac00        0x2 ./Application/User/startup_stm32u5xx.o
                0x081fac00                MDF1_FLT0_IRQHandler
 .text.MDF1_FLT1_IRQHandler
                0x081fac02        0x2 ./Application/User/startup_stm32u5xx.o
                0x081fac02                MDF1_FLT1_IRQHandler
 .text.MDF1_FLT2_IRQHandler
                0x081fac04        0x2 ./Application/User/startup_stm32u5xx.o
                0x081fac04                MDF1_FLT2_IRQHandler
 .text.MDF1_FLT3_IRQHandler
                0x081fac06        0x2 ./Application/User/startup_stm32u5xx.o
                0x081fac06                MDF1_FLT3_IRQHandler
 .text.UCPD1_IRQHandler
                0x081fac08        0x2 ./Application/User/startup_stm32u5xx.o
                0x081fac08                UCPD1_IRQHandler
 .text.ICACHE_IRQHandler
                0x081fac0a        0x2 ./Application/User/startup_stm32u5xx.o
                0x081fac0a                ICACHE_IRQHandler
 .text.OTFDEC1_IRQHandler
                0x081fac0c        0x2 ./Application/User/startup_stm32u5xx.o
                0x081fac0c                OTFDEC1_IRQHandler
 .text.OTFDEC2_IRQHandler
                0x081fac0e        0x2 ./Application/User/startup_stm32u5xx.o
                0x081fac0e                OTFDEC2_IRQHandler
 .text.LPTIM4_IRQHandler
                0x081fac10        0x2 ./Application/User/startup_stm32u5xx.o
                0x081fac10                LPTIM4_IRQHandler
 .text.DCACHE1_IRQHandler
                0x081fac12        0x2 ./Application/User/startup_stm32u5xx.o
                0x081fac12                DCACHE1_IRQHandler
 .text.ADF1_IRQHandler
                0x081fac14        0x2 ./Application/User/startup_stm32u5xx.o
                0x081fac14                ADF1_IRQHandler
 .text.ADC4_IRQHandler
                0x081fac16        0x2 ./Application/User/startup_stm32u5xx.o
                0x081fac16                ADC4_IRQHandler
 .text.LPDMA1_Channel0_IRQHandler
                0x081fac18        0x2 ./Application/User/startup_stm32u5xx.o
                0x081fac18                LPDMA1_Channel0_IRQHandler
 .text.LPDMA1_Channel1_IRQHandler
                0x081fac1a        0x2 ./Application/User/startup_stm32u5xx.o
                0x081fac1a                LPDMA1_Channel1_IRQHandler
 .text.LPDMA1_Channel2_IRQHandler
                0x081fac1c        0x2 ./Application/User/startup_stm32u5xx.o
                0x081fac1c                LPDMA1_Channel2_IRQHandler
 .text.LPDMA1_Channel3_IRQHandler
                0x081fac1e        0x2 ./Application/User/startup_stm32u5xx.o
                0x081fac1e                LPDMA1_Channel3_IRQHandler
 .text.DMA2D_IRQHandler
                0x081fac20        0x2 ./Application/User/startup_stm32u5xx.o
                0x081fac20                DMA2D_IRQHandler
 .text.DCMI_PSSI_IRQHandler
                0x081fac22        0x2 ./Application/User/startup_stm32u5xx.o
                0x081fac22                DCMI_PSSI_IRQHandler
 .text.OCTOSPI2_IRQHandler
                0x081fac24        0x2 ./Application/User/startup_stm32u5xx.o
                0x081fac24                OCTOSPI2_IRQHandler
 .text.MDF1_FLT4_IRQHandler
                0x081fac26        0x2 ./Application/User/startup_stm32u5xx.o
                0x081fac26                MDF1_FLT4_IRQHandler
 .text.MDF1_FLT5_IRQHandler
                0x081fac28        0x2 ./Application/User/startup_stm32u5xx.o
                0x081fac28                MDF1_FLT5_IRQHandler
 .text.CORDIC_IRQHandler
                0x081fac2a        0x2 ./Application/User/startup_stm32u5xx.o
                0x081fac2a                CORDIC_IRQHandler
 .text.FMAC_IRQHandler
                0x081fac2c        0x2 ./Application/User/startup_stm32u5xx.o
                0x081fac2c                FMAC_IRQHandler
 .text.LSECSSD_IRQHandler
                0x081fac2e        0x2 ./Application/User/startup_stm32u5xx.o
                0x081fac2e                LSECSSD_IRQHandler
 .text.Reset_Handler
                0x081fac30       0x68 ./Application/User/startup_stm32u5xx.o
                0x081fac30                Reset_Handler
 .text.HAL_InitTick
                0x081fac98       0x1c ./Application/User/tick.o
                0x081fac98                HAL_InitTick
 .text.HAL_GetTick
                0x081facb4       0x50 ./Application/User/tick.o
                0x081facb4                HAL_GetTick
 .text.Ymodem_Init
                0x081fad04       0x64 ./Application/User/ymodem.o
                0x081fad04                Ymodem_Init
 .text.Ymodem_Receive
                0x081fad68      0x2e0 ./Application/User/ymodem.o
                0x081fad68                Ymodem_Receive
 .text.SystemInit
                0x081fb048       0x44 ./Drivers/CMSIS/system_stm32u5xx.o
                0x081fb048                SystemInit
 .text.HAL_MspInit
                0x081fb08c        0x2 ./Drivers/STM32U5xx_HAL_Driver/stm32u5xx_hal.o
                0x081fb08c                HAL_MspInit
 *fill*         0x081fb08e        0x2 
 .text.HAL_Init
                0x081fb090       0x50 ./Drivers/STM32U5xx_HAL_Driver/stm32u5xx_hal.o
                0x081fb090                HAL_Init
 .text.HAL_Delay
                0x081fb0e0       0x24 ./Drivers/STM32U5xx_HAL_Driver/stm32u5xx_hal.o
                0x081fb0e0                HAL_Delay
 .text.HAL_NVIC_SetPriorityGrouping
                0x081fb104       0x24 ./Drivers/STM32U5xx_HAL_Driver/stm32u5xx_hal_cortex.o
                0x081fb104                HAL_NVIC_SetPriorityGrouping
 .text.CRC_Handle_8
                0x081fb128       0x60 ./Drivers/STM32U5xx_HAL_Driver/stm32u5xx_hal_crc.o
 .text.CRC_Handle_16
                0x081fb188       0x2e ./Drivers/STM32U5xx_HAL_Driver/stm32u5xx_hal_crc.o
 .text.HAL_CRC_MspInit
                0x081fb1b6        0x2 ./Drivers/STM32U5xx_HAL_Driver/stm32u5xx_hal_crc.o
                0x081fb1b6                HAL_CRC_MspInit
 .text.HAL_CRC_Init
                0x081fb1b8       0x74 ./Drivers/STM32U5xx_HAL_Driver/stm32u5xx_hal_crc.o
                0x081fb1b8                HAL_CRC_Init
 .text.HAL_CRC_Calculate
                0x081fb22c       0x48 ./Drivers/STM32U5xx_HAL_Driver/stm32u5xx_hal_crc.o
                0x081fb22c                HAL_CRC_Calculate
 .text.HAL_CRCEx_Polynomial_Set
                0x081fb274       0x4e ./Drivers/STM32U5xx_HAL_Driver/stm32u5xx_hal_crc_ex.o
                0x081fb274                HAL_CRCEx_Polynomial_Set
 *fill*         0x081fb2c2        0x2 
 .text.FLASH_Program_QuadWord
                0x081fb2c4       0x28 ./Drivers/STM32U5xx_HAL_Driver/stm32u5xx_hal_flash.o
 .text.FLASH_Program_Burst
                0x081fb2ec       0x2c ./Drivers/STM32U5xx_HAL_Driver/stm32u5xx_hal_flash.o
 .text.HAL_FLASH_Unlock
                0x081fb318       0x24 ./Drivers/STM32U5xx_HAL_Driver/stm32u5xx_hal_flash.o
                0x081fb318                HAL_FLASH_Unlock
 .text.HAL_FLASH_Lock
                0x081fb33c       0x18 ./Drivers/STM32U5xx_HAL_Driver/stm32u5xx_hal_flash.o
                0x081fb33c                HAL_FLASH_Lock
 .text.FLASH_WaitForLastOperation
                0x081fb354       0x54 ./Drivers/STM32U5xx_HAL_Driver/stm32u5xx_hal_flash.o
                0x081fb354                FLASH_WaitForLastOperation
 .text.HAL_FLASH_Program
                0x081fb3a8       0x60 ./Drivers/STM32U5xx_HAL_Driver/stm32u5xx_hal_flash.o
                0x081fb3a8                HAL_FLASH_Program
 .text.FLASH_MassErase
                0x081fb408       0x28 ./Drivers/STM32U5xx_HAL_Driver/stm32u5xx_hal_flash_ex.o
 .text.FLASH_PageErase
                0x081fb430       0x34 ./Drivers/STM32U5xx_HAL_Driver/stm32u5xx_hal_flash_ex.o
                0x081fb430                FLASH_PageErase
 .text.HAL_FLASHEx_Erase
                0x081fb464       0x9c ./Drivers/STM32U5xx_HAL_Driver/stm32u5xx_hal_flash_ex.o
                0x081fb464                HAL_FLASHEx_Erase
 .text.HAL_GPIO_Init
                0x081fb500      0x21c ./Drivers/STM32U5xx_HAL_Driver/stm32u5xx_hal_gpio.o
                0x081fb500                HAL_GPIO_Init
 .text.HAL_RCC_GetSysClockFreq
                0x081fb71c      0x118 ./Drivers/STM32U5xx_HAL_Driver/stm32u5xx_hal_rcc.o
                0x081fb71c                HAL_RCC_GetSysClockFreq
 .text.HAL_RCC_GetHCLKFreq
                0x081fb834       0x28 ./Drivers/STM32U5xx_HAL_Driver/stm32u5xx_hal_rcc.o
                0x081fb834                HAL_RCC_GetHCLKFreq
 .text.HAL_RCC_GetPCLK1Freq
                0x081fb85c       0x20 ./Drivers/STM32U5xx_HAL_Driver/stm32u5xx_hal_rcc.o
                0x081fb85c                HAL_RCC_GetPCLK1Freq
 .text.HAL_RCC_GetPCLK2Freq
                0x081fb87c       0x20 ./Drivers/STM32U5xx_HAL_Driver/stm32u5xx_hal_rcc.o
                0x081fb87c                HAL_RCC_GetPCLK2Freq
 .text.HAL_RCC_GetPCLK3Freq
                0x081fb89c       0x20 ./Drivers/STM32U5xx_HAL_Driver/stm32u5xx_hal_rcc.o
                0x081fb89c                HAL_RCC_GetPCLK3Freq
 .text.HAL_RCCEx_GetPLL1ClockFreq
                0x081fb8bc      0x134 ./Drivers/STM32U5xx_HAL_Driver/stm32u5xx_hal_rcc_ex.o
                0x081fb8bc                HAL_RCCEx_GetPLL1ClockFreq
 .text.HAL_RCCEx_GetPLL2ClockFreq
                0x081fb9f0      0x134 ./Drivers/STM32U5xx_HAL_Driver/stm32u5xx_hal_rcc_ex.o
                0x081fb9f0                HAL_RCCEx_GetPLL2ClockFreq
 .text.HAL_RCCEx_GetPLL3ClockFreq
                0x081fbb24      0x134 ./Drivers/STM32U5xx_HAL_Driver/stm32u5xx_hal_rcc_ex.o
                0x081fbb24                HAL_RCCEx_GetPLL3ClockFreq
 .text.HAL_RCCEx_GetPeriphCLKFreq
                0x081fbc58      0xca0 ./Drivers/STM32U5xx_HAL_Driver/stm32u5xx_hal_rcc_ex.o
                0x081fbc58                HAL_RCCEx_GetPeriphCLKFreq
 .text.UART_EndRxTransfer
                0x081fc8f8       0x58 ./Drivers/STM32U5xx_HAL_Driver/stm32u5xx_hal_uart.o
 .text.UART_SetConfig
                0x081fc950      0x19c ./Drivers/STM32U5xx_HAL_Driver/stm32u5xx_hal_uart.o
                0x081fc950                UART_SetConfig
 .text.UART_AdvFeatureConfig
                0x081fcaec       0xaa ./Drivers/STM32U5xx_HAL_Driver/stm32u5xx_hal_uart.o
                0x081fcaec                UART_AdvFeatureConfig
 .text.UART_WaitOnFlagUntilTimeout
                0x081fcb96       0x88 ./Drivers/STM32U5xx_HAL_Driver/stm32u5xx_hal_uart.o
                0x081fcb96                UART_WaitOnFlagUntilTimeout
 .text.HAL_UART_Transmit
                0x081fcc1e       0xba ./Drivers/STM32U5xx_HAL_Driver/stm32u5xx_hal_uart.o
                0x081fcc1e                HAL_UART_Transmit
 .text.HAL_UART_Receive
                0x081fccd8       0xe8 ./Drivers/STM32U5xx_HAL_Driver/stm32u5xx_hal_uart.o
                0x081fccd8                HAL_UART_Receive
 .text.UART_CheckIdleState
                0x081fcdc0       0xb6 ./Drivers/STM32U5xx_HAL_Driver/stm32u5xx_hal_uart.o
                0x081fcdc0                UART_CheckIdleState
 .text.HAL_UART_Init
                0x081fce76       0x60 ./Drivers/STM32U5xx_HAL_Driver/stm32u5xx_hal_uart.o
                0x081fce76                HAL_UART_Init
 *fill*         0x081fced6        0x2 
 .text.exit     0x081fced8       0x24 /opt/st/stm32cubeide_1.13.1/plugins/com.st.stm32cube.ide.mcu.externaltools.gnu-tools-for-stm32.12.3.rel1.linux64_1.0.100.202403111256/tools/bin/../lib/gcc/arm-none-eabi/12.3.1/../../../../arm-none-eabi/lib/thumb/v8-m.main+fp/hard/libc_nano.a(libc_a-exit.o)
                0x081fced8                exit
 .text.std      0x081fcefc       0x6c /opt/st/stm32cubeide_1.13.1/plugins/com.st.stm32cube.ide.mcu.externaltools.gnu-tools-for-stm32.12.3.rel1.linux64_1.0.100.202403111256/tools/bin/../lib/gcc/arm-none-eabi/12.3.1/../../../../arm-none-eabi/lib/thumb/v8-m.main+fp/hard/libc_nano.a(libc_a-findfp.o)
 .text.stdio_exit_handler
                0x081fcf68       0x18 /opt/st/stm32cubeide_1.13.1/plugins/com.st.stm32cube.ide.mcu.externaltools.gnu-tools-for-stm32.12.3.rel1.linux64_1.0.100.202403111256/tools/bin/../lib/gcc/arm-none-eabi/12.3.1/../../../../arm-none-eabi/lib/thumb/v8-m.main+fp/hard/libc_nano.a(libc_a-findfp.o)
 .text.cleanup_stdio
                0x081fcf80       0x40 /opt/st/stm32cubeide_1.13.1/plugins/com.st.stm32cube.ide.mcu.externaltools.gnu-tools-for-stm32.12.3.rel1.linux64_1.0.100.202403111256/tools/bin/../lib/gcc/arm-none-eabi/12.3.1/../../../../arm-none-eabi/lib/thumb/v8-m.main+fp/hard/libc_nano.a(libc_a-findfp.o)
 .text.global_stdio_init.part.0
                0x081fcfc0       0x3c /opt/st/stm32cubeide_1.13.1/plugins/com.st.stm32cube.ide.mcu.externaltools.gnu-tools-for-stm32.12.3.rel1.linux64_1.0.100.202403111256/tools/bin/../lib/gcc/arm-none-eabi/12.3.1/../../../../arm-none-eabi/lib/thumb/v8-m.main+fp/hard/libc_nano.a(libc_a-findfp.o)
 .text.__sfp_lock_acquire
                0x081fcffc        0xc /opt/st/stm32cubeide_1.13.1/plugins/com.st.stm32cube.ide.mcu.externaltools.gnu-tools-for-stm32.12.3.rel1.linux64_1.0.100.202403111256/tools/bin/../lib/gcc/arm-none-eabi/12.3.1/../../../../arm-none-eabi/lib/thumb/v8-m.main+fp/hard/libc_nano.a(libc_a-findfp.o)
                0x081fcffc                __sfp_lock_acquire
 .text.__sfp_lock_release
                0x081fd008        0xc /opt/st/stm32cubeide_1.13.1/plugins/com.st.stm32cube.ide.mcu.externaltools.gnu-tools-for-stm32.12.3.rel1.linux64_1.0.100.202403111256/tools/bin/../lib/gcc/arm-none-eabi/12.3.1/../../../../arm-none-eabi/lib/thumb/v8-m.main+fp/hard/libc_nano.a(libc_a-findfp.o)
                0x081fd008                __sfp_lock_release
 .text.__sinit  0x081fd014       0x30 /opt/st/stm32cubeide_1.13.1/plugins/com.st.stm32cube.ide.mcu.externaltools.gnu-tools-for-stm32.12.3.rel1.linux64_1.0.100.202403111256/tools/bin/../lib/gcc/arm-none-eabi/12.3.1/../../../../arm-none-eabi/lib/thumb/v8-m.main+fp/hard/libc_nano.a(libc_a-findfp.o)
                0x081fd014                __sinit
 .text._fwalk_sglue
                0x081fd044       0x3c /opt/st/stm32cubeide_1.13.1/plugins/com.st.stm32cube.ide.mcu.externaltools.gnu-tools-for-stm32.12.3.rel1.linux64_1.0.100.202403111256/tools/bin/../lib/gcc/arm-none-eabi/12.3.1/../../../../arm-none-eabi/lib/thumb/v8-m.main+fp/hard/libc_nano.a(libc_a-fwalk.o)
                0x081fd044                _fwalk_sglue
 .text.printf   0x081fd080       0x24 /opt/st/stm32cubeide_1.13.1/plugins/com.st.stm32cube.ide.mcu.externaltools.gnu-tools-for-stm32.12.3.rel1.linux64_1.0.100.202403111256/tools/bin/../lib/gcc/arm-none-eabi/12.3.1/../../../../arm-none-eabi/lib/thumb/v8-m.main+fp/hard/libc_nano.a(libc_a-printf.o)
                0x081fd080                printf
                0x081fd080                iprintf
 .text._puts_r  0x081fd0a4       0xaa /opt/st/stm32cubeide_1.13.1/plugins/com.st.stm32cube.ide.mcu.externaltools.gnu-tools-for-stm32.12.3.rel1.linux64_1.0.100.202403111256/tools/bin/../lib/gcc/arm-none-eabi/12.3.1/../../../../arm-none-eabi/lib/thumb/v8-m.main+fp/hard/libc_nano.a(libc_a-puts.o)
                0x081fd0a4                _puts_r
 *fill*         0x081fd14e        0x2 
 .text.puts     0x081fd150       0x10 /opt/st/stm32cubeide_1.13.1/plugins/com.st.stm32cube.ide.mcu.externaltools.gnu-tools-for-stm32.12.3.rel1.linux64_1.0.100.202403111256/tools/bin/../lib/gcc/arm-none-eabi/12.3.1/../../../../arm-none-eabi/lib/thumb/v8-m.main+fp/hard/libc_nano.a(libc_a-puts.o)
                0x081fd150                puts
 .text.setvbuf  0x081fd160      0x168 /opt/st/stm32cubeide_1.13.1/plugins/com.st.stm32cube.ide.mcu.externaltools.gnu-tools-for-stm32.12.3.rel1.linux64_1.0.100.202403111256/tools/bin/../lib/gcc/arm-none-eabi/12.3.1/../../../../arm-none-eabi/lib/thumb/v8-m.main+fp/hard/libc_nano.a(libc_a-setvbuf.o)
                0x081fd160                setvbuf
 .text.__sread  0x081fd2c8       0x22 /opt/st/stm32cubeide_1.13.1/plugins/com.st.stm32cube.ide.mcu.externaltools.gnu-tools-for-stm32.12.3.rel1.linux64_1.0.100.202403111256/tools/bin/../lib/gcc/arm-none-eabi/12.3.1/../../../../arm-none-eabi/lib/thumb/v8-m.main+fp/hard/libc_nano.a(libc_a-stdio.o)
                0x081fd2c8                __sread
 .text.__swrite
                0x081fd2ea       0x38 /opt/st/stm32cubeide_1.13.1/plugins/com.st.stm32cube.ide.mcu.externaltools.gnu-tools-for-stm32.12.3.rel1.linux64_1.0.100.202403111256/tools/bin/../lib/gcc/arm-none-eabi/12.3.1/../../../../arm-none-eabi/lib/thumb/v8-m.main+fp/hard/libc_nano.a(libc_a-stdio.o)
                0x081fd2ea                __swrite
 .text.__sseek  0x081fd322       0x24 /opt/st/stm32cubeide_1.13.1/plugins/com.st.stm32cube.ide.mcu.externaltools.gnu-tools-for-stm32.12.3.rel1.linux64_1.0.100.202403111256/tools/bin/../lib/gcc/arm-none-eabi/12.3.1/../../../../arm-none-eabi/lib/thumb/v8-m.main+fp/hard/libc_nano.a(libc_a-stdio.o)
                0x081fd322                __sseek
 .text.__sclose
                0x081fd346        0x8 /opt/st/stm32cubeide_1.13.1/plugins/com.st.stm32cube.ide.mcu.externaltools.gnu-tools-for-stm32.12.3.rel1.linux64_1.0.100.202403111256/tools/bin/../lib/gcc/arm-none-eabi/12.3.1/../../../../arm-none-eabi/lib/thumb/v8-m.main+fp/hard/libc_nano.a(libc_a-stdio.o)
                0x081fd346                __sclose
 .text.__swbuf_r
                0x081fd34e       0x7c /opt/st/stm32cubeide_1.13.1/plugins/com.st.stm32cube.ide.mcu.externaltools.gnu-tools-for-stm32.12.3.rel1.linux64_1.0.100.202403111256/tools/bin/../lib/gcc/arm-none-eabi/12.3.1/../../../../arm-none-eabi/lib/thumb/v8-m.main+fp/hard/libc_nano.a(libc_a-wbuf.o)
                0x081fd34e                __swbuf_r
 *fill*         0x081fd3ca        0x2 
 .text.__swsetup_r
                0x081fd3cc       0xac /opt/st/stm32cubeide_1.13.1/plugins/com.st.stm32cube.ide.mcu.externaltools.gnu-tools-for-stm32.12.3.rel1.linux64_1.0.100.202403111256/tools/bin/../lib/gcc/arm-none-eabi/12.3.1/../../../../arm-none-eabi/lib/thumb/v8-m.main+fp/hard/libc_nano.a(libc_a-wsetup.o)
                0x081fd3cc                __swsetup_r
 .text.memset   0x081fd478       0x10 /opt/st/stm32cubeide_1.13.1/plugins/com.st.stm32cube.ide.mcu.externaltools.gnu-tools-for-stm32.12.3.rel1.linux64_1.0.100.202403111256/tools/bin/../lib/gcc/arm-none-eabi/12.3.1/../../../../arm-none-eabi/lib/thumb/v8-m.main+fp/hard/libc_nano.a(libc_a-memset.o)
                0x081fd478                memset
 .text._close_r
                0x081fd488       0x20 /opt/st/stm32cubeide_1.13.1/plugins/com.st.stm32cube.ide.mcu.externaltools.gnu-tools-for-stm32.12.3.rel1.linux64_1.0.100.202403111256/tools/bin/../lib/gcc/arm-none-eabi/12.3.1/../../../../arm-none-eabi/lib/thumb/v8-m.main+fp/hard/libc_nano.a(libc_a-closer.o)
                0x081fd488                _close_r
 .text._lseek_r
                0x081fd4a8       0x24 /opt/st/stm32cubeide_1.13.1/plugins/com.st.stm32cube.ide.mcu.externaltools.gnu-tools-for-stm32.12.3.rel1.linux64_1.0.100.202403111256/tools/bin/../lib/gcc/arm-none-eabi/12.3.1/../../../../arm-none-eabi/lib/thumb/v8-m.main+fp/hard/libc_nano.a(libc_a-lseekr.o)
                0x081fd4a8                _lseek_r
 .text._read_r  0x081fd4cc       0x24 /opt/st/stm32cubeide_1.13.1/plugins/com.st.stm32cube.ide.mcu.externaltools.gnu-tools-for-stm32.12.3.rel1.linux64_1.0.100.202403111256/tools/bin/../lib/gcc/arm-none-eabi/12.3.1/../../../../arm-none-eabi/lib/thumb/v8-m.main+fp/hard/libc_nano.a(libc_a-readr.o)
                0x081fd4cc                _read_r
 .text._write_r
                0x081fd4f0       0x24 /opt/st/stm32cubeide_1.13.1/plugins/com.st.stm32cube.ide.mcu.externaltools.gnu-tools-for-stm32.12.3.rel1.linux64_1.0.100.202403111256/tools/bin/../lib/gcc/arm-none-eabi/12.3.1/../../../../arm-none-eabi/lib/thumb/v8-m.main+fp/hard/libc_nano.a(libc_a-writer.o)
                0x081fd4f0                _write_r
 .text.__libc_init_array
                0x081fd514       0x48 /opt/st/stm32cubeide_1.13.1/plugins/com.st.stm32cube.ide.mcu.externaltools.gnu-tools-for-stm32.12.3.rel1.linux64_1.0.100.202403111256/tools/bin/../lib/gcc/arm-none-eabi/12.3.1/../../../../arm-none-eabi/lib/thumb/v8-m.main+fp/hard/libc_nano.a(libc_a-init.o)
                0x081fd514                __libc_init_array
 .text.__retarget_lock_init_recursive
                0x081fd55c        0x2 /opt/st/stm32cubeide_1.13.1/plugins/com.st.stm32cube.ide.mcu.externaltools.gnu-tools-for-stm32.12.3.rel1.linux64_1.0.100.202403111256/tools/bin/../lib/gcc/arm-none-eabi/12.3.1/../../../../arm-none-eabi/lib/thumb/v8-m.main+fp/hard/libc_nano.a(libc_a-lock.o)
                0x081fd55c                __retarget_lock_init_recursive
 .text.__retarget_lock_acquire_recursive
                0x081fd55e        0x2 /opt/st/stm32cubeide_1.13.1/plugins/com.st.stm32cube.ide.mcu.externaltools.gnu-tools-for-stm32.12.3.rel1.linux64_1.0.100.202403111256/tools/bin/../lib/gcc/arm-none-eabi/12.3.1/../../../../arm-none-eabi/lib/thumb/v8-m.main+fp/hard/libc_nano.a(libc_a-lock.o)
                0x081fd55e                __retarget_lock_acquire_recursive
 .text.__retarget_lock_release_recursive
                0x081fd560        0x2 /opt/st/stm32cubeide_1.13.1/plugins/com.st.stm32cube.ide.mcu.externaltools.gnu-tools-for-stm32.12.3.rel1.linux64_1.0.100.202403111256/tools/bin/../lib/gcc/arm-none-eabi/12.3.1/../../../../arm-none-eabi/lib/thumb/v8-m.main+fp/hard/libc_nano.a(libc_a-lock.o)
                0x081fd560                __retarget_lock_release_recursive
 *fill*         0x081fd562        0x2 
 .text._free_r  0x081fd564       0x94 /opt/st/stm32cubeide_1.13.1/plugins/com.st.stm32cube.ide.mcu.externaltools.gnu-tools-for-stm32.12.3.rel1.linux64_1.0.100.202403111256/tools/bin/../lib/gcc/arm-none-eabi/12.3.1/../../../../arm-none-eabi/lib/thumb/v8-m.main+fp/hard/libc_nano.a(libc_a-freer.o)
                0x081fd564                _free_r
 .text.malloc   0x081fd5f8       0x10 /opt/st/stm32cubeide_1.13.1/plugins/com.st.stm32cube.ide.mcu.externaltools.gnu-tools-for-stm32.12.3.rel1.linux64_1.0.100.202403111256/tools/bin/../lib/gcc/arm-none-eabi/12.3.1/../../../../arm-none-eabi/lib/thumb/v8-m.main+fp/hard/libc_nano.a(libc_a-malloc.o)
                0x081fd5f8                malloc
 .text.sbrk_aligned
                0x081fd608       0x44 /opt/st/stm32cubeide_1.13.1/plugins/com.st.stm32cube.ide.mcu.externaltools.gnu-tools-for-stm32.12.3.rel1.linux64_1.0.100.202403111256/tools/bin/../lib/gcc/arm-none-eabi/12.3.1/../../../../arm-none-eabi/lib/thumb/v8-m.main+fp/hard/libc_nano.a(libc_a-mallocr.o)
 .text._malloc_r
                0x081fd64c      0x100 /opt/st/stm32cubeide_1.13.1/plugins/com.st.stm32cube.ide.mcu.externaltools.gnu-tools-for-stm32.12.3.rel1.linux64_1.0.100.202403111256/tools/bin/../lib/gcc/arm-none-eabi/12.3.1/../../../../arm-none-eabi/lib/thumb/v8-m.main+fp/hard/libc_nano.a(libc_a-mallocr.o)
                0x081fd64c                _malloc_r
 .text.__malloc_lock
                0x081fd74c        0xc /opt/st/stm32cubeide_1.13.1/plugins/com.st.stm32cube.ide.mcu.externaltools.gnu-tools-for-stm32.12.3.rel1.linux64_1.0.100.202403111256/tools/bin/../lib/gcc/arm-none-eabi/12.3.1/../../../../arm-none-eabi/lib/thumb/v8-m.main+fp/hard/libc_nano.a(libc_a-mlock.o)
                0x081fd74c                __malloc_lock
 .text.__malloc_unlock
                0x081fd758        0xc /opt/st/stm32cubeide_1.13.1/plugins/com.st.stm32cube.ide.mcu.externaltools.gnu-tools-for-stm32.12.3.rel1.linux64_1.0.100.202403111256/tools/bin/../lib/gcc/arm-none-eabi/12.3.1/../../../../arm-none-eabi/lib/thumb/v8-m.main+fp/hard/libc_nano.a(libc_a-mlock.o)
                0x081fd758                __malloc_unlock
 .text.__sfputc_r
                0x081fd764       0x2e /opt/st/stm32cubeide_1.13.1/plugins/com.st.stm32cube.ide.mcu.externaltools.gnu-tools-for-stm32.12.3.rel1.linux64_1.0.100.202403111256/tools/bin/../lib/gcc/arm-none-eabi/12.3.1/../../../../arm-none-eabi/lib/thumb/v8-m.main+fp/hard/libc_nano.a(libc_a-nano-vfprintf.o)
 .text.__sfputs_r
                0x081fd792       0x24 /opt/st/stm32cubeide_1.13.1/plugins/com.st.stm32cube.ide.mcu.externaltools.gnu-tools-for-stm32.12.3.rel1.linux64_1.0.100.202403111256/tools/bin/../lib/gcc/arm-none-eabi/12.3.1/../../../../arm-none-eabi/lib/thumb/v8-m.main+fp/hard/libc_nano.a(libc_a-nano-vfprintf.o)
                0x081fd792                __sfputs_r
 *fill*         0x081fd7b6        0x2 
 .text._vfprintf_r
                0x081fd7b8      0x230 /opt/st/stm32cubeide_1.13.1/plugins/com.st.stm32cube.ide.mcu.externaltools.gnu-tools-for-stm32.12.3.rel1.linux64_1.0.100.202403111256/tools/bin/../lib/gcc/arm-none-eabi/12.3.1/../../../../arm-none-eabi/lib/thumb/v8-m.main+fp/hard/libc_nano.a(libc_a-nano-vfprintf.o)
                0x081fd7b8                _vfiprintf_r
                0x081fd7b8                _vfprintf_r
 .text._printf_common
                0x081fd9e8       0xe4 /opt/st/stm32cubeide_1.13.1/plugins/com.st.stm32cube.ide.mcu.externaltools.gnu-tools-for-stm32.12.3.rel1.linux64_1.0.100.202403111256/tools/bin/../lib/gcc/arm-none-eabi/12.3.1/../../../../arm-none-eabi/lib/thumb/v8-m.main+fp/hard/libc_nano.a(libc_a-nano-vfprintf_i.o)
                0x081fd9e8                _printf_common
 .text._printf_i
                0x081fdacc      0x240 /opt/st/stm32cubeide_1.13.1/plugins/com.st.stm32cube.ide.mcu.externaltools.gnu-tools-for-stm32.12.3.rel1.linux64_1.0.100.202403111256/tools/bin/../lib/gcc/arm-none-eabi/12.3.1/../../../../arm-none-eabi/lib/thumb/v8-m.main+fp/hard/libc_nano.a(libc_a-nano-vfprintf_i.o)
                0x081fdacc                _printf_i
 .text.__sflush_r
                0x081fdd0c      0x108 /opt/st/stm32cubeide_1.13.1/plugins/com.st.stm32cube.ide.mcu.externaltools.gnu-tools-for-stm32.12.3.rel1.linux64_1.0.100.202403111256/tools/bin/../lib/gcc/arm-none-eabi/12.3.1/../../../../arm-none-eabi/lib/thumb/v8-m.main+fp/hard/libc_nano.a(libc_a-fflush.o)
                0x081fdd0c                __sflush_r
 .text._fflush_r
                0x081fde14       0x50 /opt/st/stm32cubeide_1.13.1/plugins/com.st.stm32cube.ide.mcu.externaltools.gnu-tools-for-stm32.12.3.rel1.linux64_1.0.100.202403111256/tools/bin/../lib/gcc/arm-none-eabi/12.3.1/../../../../arm-none-eabi/lib/thumb/v8-m.main+fp/hard/libc_nano.a(libc_a-fflush.o)
                0x081fde14                _fflush_r
 .text.__swhatbuf_r
                0x081fde64       0x4a /opt/st/stm32cubeide_1.13.1/plugins/com.st.stm32cube.ide.mcu.externaltools.gnu-tools-for-stm32.12.3.rel1.linux64_1.0.100.202403111256/tools/bin/../lib/gcc/arm-none-eabi/12.3.1/../../../../arm-none-eabi/lib/thumb/v8-m.main+fp/hard/libc_nano.a(libc_a-makebuf.o)
                0x081fde64                __swhatbuf_r
 .text.__smakebuf_r
                0x081fdeae       0x78 /opt/st/stm32cubeide_1.13.1/plugins/com.st.stm32cube.ide.mcu.externaltools.gnu-tools-for-stm32.12.3.rel1.linux64_1.0.100.202403111256/tools/bin/../lib/gcc/arm-none-eabi/12.3.1/../../../../arm-none-eabi/lib/thumb/v8-m.main+fp/hard/libc_nano.a(libc_a-makebuf.o)
                0x081fdeae                __smakebuf_r
 *fill*         0x081fdf26        0x2 
 .text._fstat_r
                0x081fdf28       0x24 /opt/st/stm32cubeide_1.13.1/plugins/com.st.stm32cube.ide.mcu.externaltools.gnu-tools-for-stm32.12.3.rel1.linux64_1.0.100.202403111256/tools/bin/../lib/gcc/arm-none-eabi/12.3.1/../../../../arm-none-eabi/lib/thumb/v8-m.main+fp/hard/libc_nano.a(libc_a-fstatr.o)
                0x081fdf28                _fstat_r
 .text._isatty_r
                0x081fdf4c       0x20 /opt/st/stm32cubeide_1.13.1/plugins/com.st.stm32cube.ide.mcu.externaltools.gnu-tools-for-stm32.12.3.rel1.linux64_1.0.100.202403111256/tools/bin/../lib/gcc/arm-none-eabi/12.3.1/../../../../arm-none-eabi/lib/thumb/v8-m.main+fp/hard/libc_nano.a(libc_a-isattyr.o)
                0x081fdf4c                _isatty_r
 .text._sbrk_r  0x081fdf6c       0x20 /opt/st/stm32cubeide_1.13.1/plugins/com.st.stm32cube.ide.mcu.externaltools.gnu-tools-for-stm32.12.3.rel1.linux64_1.0.100.202403111256/tools/bin/../lib/gcc/arm-none-eabi/12.3.1/../../../../arm-none-eabi/lib/thumb/v8-m.main+fp/hard/libc_nano.a(libc_a-sbrkr.o)
                0x081fdf6c                _sbrk_r
 .text.memchr   0x081fdf8c       0x1c /opt/st/stm32cubeide_1.13.1/plugins/com.st.stm32cube.ide.mcu.externaltools.gnu-tools-for-stm32.12.3.rel1.linux64_1.0.100.202403111256/tools/bin/../lib/gcc/arm-none-eabi/12.3.1/../../../../arm-none-eabi/lib/thumb/v8-m.main+fp/hard/libc_nano.a(libc_a-memchr-stub.o)
                0x081fdf8c                memchr
 .text          0x081fdfa8       0x30 /opt/st/stm32cubeide_1.13.1/plugins/com.st.stm32cube.ide.mcu.externaltools.gnu-tools-for-stm32.12.3.rel1.linux64_1.0.100.202403111256/tools/bin/../lib/gcc/arm-none-eabi/12.3.1/thumb/v8-m.main+fp/hard/libgcc.a(_aeabi_uldivmod.o)
                0x081fdfa8                __aeabi_uldivmod
 .text          0x081fdfd8      0x2e4 /opt/st/stm32cubeide_1.13.1/plugins/com.st.stm32cube.ide.mcu.externaltools.gnu-tools-for-stm32.12.3.rel1.linux64_1.0.100.202403111256/tools/bin/../lib/gcc/arm-none-eabi/12.3.1/thumb/v8-m.main+fp/hard/libgcc.a(_udivmoddi4.o)
                0x081fdfd8                __udivmoddi4
 .text          0x081fe2bc        0x4 /opt/st/stm32cubeide_1.13.1/plugins/com.st.stm32cube.ide.mcu.externaltools.gnu-tools-for-stm32.12.3.rel1.linux64_1.0.100.202403111256/tools/bin/../lib/gcc/arm-none-eabi/12.3.1/thumb/v8-m.main+fp/hard/libgcc.a(_dvmd_tls.o)
                0x081fe2bc                __aeabi_ldiv0
                0x081fe2bc                __aeabi_idiv0
 .text._close   0x081fe2c0       0x10 /opt/st/stm32cubeide_1.13.1/plugins/com.st.stm32cube.ide.mcu.externaltools.gnu-tools-for-stm32.12.3.rel1.linux64_1.0.100.202403111256/tools/bin/../lib/gcc/arm-none-eabi/12.3.1/../../../../arm-none-eabi/lib/thumb/v8-m.main+fp/hard/libnosys.a(close.o)
                0x081fe2c0                _close
 .text._fstat   0x081fe2d0       0x10 /opt/st/stm32cubeide_1.13.1/plugins/com.st.stm32cube.ide.mcu.externaltools.gnu-tools-for-stm32.12.3.rel1.linux64_1.0.100.202403111256/tools/bin/../lib/gcc/arm-none-eabi/12.3.1/../../../../arm-none-eabi/lib/thumb/v8-m.main+fp/hard/libnosys.a(fstat.o)
                0x081fe2d0                _fstat
 .text._isatty  0x081fe2e0       0x10 /opt/st/stm32cubeide_1.13.1/plugins/com.st.stm32cube.ide.mcu.externaltools.gnu-tools-for-stm32.12.3.rel1.linux64_1.0.100.202403111256/tools/bin/../lib/gcc/arm-none-eabi/12.3.1/../../../../arm-none-eabi/lib/thumb/v8-m.main+fp/hard/libnosys.a(isatty.o)
                0x081fe2e0                _isatty
 .text._lseek   0x081fe2f0       0x10 /opt/st/stm32cubeide_1.13.1/plugins/com.st.stm32cube.ide.mcu.externaltools.gnu-tools-for-stm32.12.3.rel1.linux64_1.0.100.202403111256/tools/bin/../lib/gcc/arm-none-eabi/12.3.1/../../../../arm-none-eabi/lib/thumb/v8-m.main+fp/hard/libnosys.a(lseek.o)
                0x081fe2f0                _lseek
 .text._read    0x081fe300       0x10 /opt/st/stm32cubeide_1.13.1/plugins/com.st.stm32cube.ide.mcu.externaltools.gnu-tools-for-stm32.12.3.rel1.linux64_1.0.100.202403111256/tools/bin/../lib/gcc/arm-none-eabi/12.3.1/../../../../arm-none-eabi/lib/thumb/v8-m.main+fp/hard/libnosys.a(read.o)
                0x081fe300                _read
 .text._sbrk    0x081fe310       0x1c /opt/st/stm32cubeide_1.13.1/plugins/com.st.stm32cube.ide.mcu.externaltools.gnu-tools-for-stm32.12.3.rel1.linux64_1.0.100.202403111256/tools/bin/../lib/gcc/arm-none-eabi/12.3.1/../../../../arm-none-eabi/lib/thumb/v8-m.main+fp/hard/libnosys.a(sbrk.o)
                0x081fe310                _sbrk
 .text._exit    0x081fe32c        0x2 /opt/st/stm32cubeide_1.13.1/plugins/com.st.stm32cube.ide.mcu.externaltools.gnu-tools-for-stm32.12.3.rel1.linux64_1.0.100.202403111256/tools/bin/../lib/gcc/arm-none-eabi/12.3.1/../../../../arm-none-eabi/lib/thumb/v8-m.main+fp/hard/libnosys.a(_exit.o)
                0x081fe32c                _exit
 *(.init)
 *fill*         0x081fe32e        0x2 
 .init          0x081fe330        0x4 /opt/st/stm32cubeide_1.13.1/plugins/com.st.stm32cube.ide.mcu.externaltools.gnu-tools-for-stm32.12.3.rel1.linux64_1.0.100.202403111256/tools/bin/../lib/gcc/arm-none-eabi/12.3.1/thumb/v8-m.main+fp/hard/crti.o
                0x081fe330                _init
 .init          0x081fe334        0x8 /opt/st/stm32cubeide_1.13.1/plugins/com.st.stm32cube.ide.mcu.externaltools.gnu-tools-for-stm32.12.3.rel1.linux64_1.0.100.202403111256/tools/bin/../lib/gcc/arm-none-eabi/12.3.1/thumb/v8-m.main+fp/hard/crtn.o
 *(.fini)
 .fini          0x081fe33c        0x4 /opt/st/stm32cubeide_1.13.1/plugins/com.st.stm32cube.ide.mcu.externaltools.gnu-tools-for-stm32.12.3.rel1.linux64_1.0.100.202403111256/tools/bin/../lib/gcc/arm-none-eabi/12.3.1/thumb/v8-m.main+fp/hard/crti.o
                0x081fe33c                _fini
 .fini          0x081fe340        0x8 /opt/st/stm32cubeide_1.13.1/plugins/com.st.stm32cube.ide.mcu.externaltools.gnu-tools-for-stm32.12.3.rel1.linux64_1.0.100.202403111256/tools/bin/../lib/gcc/arm-none-eabi/12.3.1/thumb/v8-m.main+fp/hard/crtn.o
 *crtbegin.o(.ctors)
 *crtbegin?.o(.ctors)
 *(EXCLUDE_FILE(*crtend.o *crtend?.o) .ctors)
 *(SORT_BY_NAME(.ctors.*))
 *(.ctors)
 *crtbegin.o(.dtors)
 *crtbegin?.o(.dtors)
 *(EXCLUDE_FILE(*crtend.o *crtend?.o) .dtors)
 *(SORT_BY_NAME(.dtors.*))
 *(.dtors)
 *(.rodata*)
 .rodata.YMODEM_IT_MSG
                0x081fe348       0x1a ./Application/User/com.o
                0x081fe348                YMODEM_IT_MSG
 .rodata.FW_UPDATE_PrintWelcome.str1.1
                0x081fe362      0x175 ./Application/User/fw_update_app.o
 .rodata.FW_UPDATE_DownloadNewFirmware.constprop.0.str1.1
                0x081fe4d7      0x106 ./Application/User/fw_update_app.o
                                0x109 (size before relaxing)
 .rodata.FW_UPDATE_Run.str1.1
                0x081fe5dd      0x164 ./Application/User/fw_update_app.o
 *fill*         0x081fe741        0x3 
 .rodata.MagicTrailerValue
                0x081fe744       0x10 ./Application/User/fw_update_app.o
                0x081fe744                MagicTrailerValue
 .rodata.TFM_Driver_FLASH0
                0x081fe754       0x2c ./Application/User/low_level_flash.o
                0x081fe754                TFM_Driver_FLASH0
 .rodata.ARM_FLASH0_DEV_DATA
                0x081fe780       0x18 ./Application/User/low_level_flash.o
 .rodata.main.str1.1
                0x081fe798      0x128 ./Application/User/main.o
 .rodata.Ymodem_Receive.str1.1
                0x081fe8c0       0x15 ./Application/User/ymodem.o
 .rodata.BACK_SLASH_POINT
                0x081fe8d5        0x3 ./Application/User/ymodem.o
                0x081fe8d5                BACK_SLASH_POINT
 .rodata.MSIRangeTable
                0x081fe8d8       0x40 ./Drivers/CMSIS/system_stm32u5xx.o
                0x081fe8d8                MSIRangeTable
 .rodata.APBPrescTable
                0x081fe918        0x8 ./Drivers/CMSIS/system_stm32u5xx.o
                0x081fe918                APBPrescTable
 .rodata.AHBPrescTable
                0x081fe920       0x10 ./Drivers/CMSIS/system_stm32u5xx.o
                0x081fe920                AHBPrescTable
 .rodata.LPGPIO_Map
                0x081fe930       0x80 ./Drivers/STM32U5xx_HAL_Driver/stm32u5xx_hal_gpio.o
 .rodata.UARTPrescTable
                0x081fe9b0       0x18 ./Drivers/STM32U5xx_HAL_Driver/stm32u5xx_hal_uart.o
                0x081fe9b0                UARTPrescTable
 .rodata._vfprintf_r.str1.1
                0x081fe9c8       0x11 /opt/st/stm32cubeide_1.13.1/plugins/com.st.stm32cube.ide.mcu.externaltools.gnu-tools-for-stm32.12.3.rel1.linux64_1.0.100.202403111256/tools/bin/../lib/gcc/arm-none-eabi/12.3.1/../../../../arm-none-eabi/lib/thumb/v8-m.main+fp/hard/libc_nano.a(libc_a-nano-vfprintf.o)
 .rodata._printf_i.str1.1
                0x081fe9d9       0x22 /opt/st/stm32cubeide_1.13.1/plugins/com.st.stm32cube.ide.mcu.externaltools.gnu-tools-for-stm32.12.3.rel1.linux64_1.0.100.202403111256/tools/bin/../lib/gcc/arm-none-eabi/12.3.1/../../../../arm-none-eabi/lib/thumb/v8-m.main+fp/hard/libc_nano.a(libc_a-nano-vfprintf_i.o)
 *(.eh_frame*)
 *fill*         0x081fe9fb        0x1 
 .eh_frame      0x081fe9fc        0x0 /opt/st/stm32cubeide_1.13.1/plugins/com.st.stm32cube.ide.mcu.externaltools.gnu-tools-for-stm32.12.3.rel1.linux64_1.0.100.202403111256/tools/bin/../lib/gcc/arm-none-eabi/12.3.1/thumb/v8-m.main+fp/hard/crtbegin.o
 .eh_frame      0x081fe9fc        0x4 /opt/st/stm32cubeide_1.13.1/plugins/com.st.stm32cube.ide.mcu.externaltools.gnu-tools-for-stm32.12.3.rel1.linux64_1.0.100.202403111256/tools/bin/../lib/gcc/arm-none-eabi/12.3.1/thumb/v8-m.main+fp/hard/crtend.o

.glue_7         0x081fea00        0x0
 .glue_7        0x081fea00        0x0 linker stubs

.glue_7t        0x081fea00        0x0
 .glue_7t       0x081fea00        0x0 linker stubs

.vfp11_veneer   0x081fea00        0x0
 .vfp11_veneer  0x081fea00        0x0 linker stubs

.v4_bx          0x081fea00        0x0
 .v4_bx         0x081fea00        0x0 linker stubs

.iplt           0x081fea00        0x0
 .iplt          0x081fea00        0x0 /opt/st/stm32cubeide_1.13.1/plugins/com.st.stm32cube.ide.mcu.externaltools.gnu-tools-for-stm32.12.3.rel1.linux64_1.0.100.202403111256/tools/bin/../lib/gcc/arm-none-eabi/12.3.1/thumb/v8-m.main+fp/hard/crtbegin.o

.ARM.extab
 *(.ARM.extab* .gnu.linkonce.armextab.*)
                0x081fea00                        __exidx_start = .

.ARM.exidx      0x081fea00        0x8
 *(.ARM.exidx* .gnu.linkonce.armexidx.*)
 .ARM.exidx     0x081fea00        0x8 /opt/st/stm32cubeide_1.13.1/plugins/com.st.stm32cube.ide.mcu.externaltools.gnu-tools-for-stm32.12.3.rel1.linux64_1.0.100.202403111256/tools/bin/../lib/gcc/arm-none-eabi/12.3.1/../../../../arm-none-eabi/lib/thumb/v8-m.main+fp/hard/crt0.o
                                 0x10 (size before relaxing)
 .ARM.exidx     0x081fea08        0x0 /opt/st/stm32cubeide_1.13.1/plugins/com.st.stm32cube.ide.mcu.externaltools.gnu-tools-for-stm32.12.3.rel1.linux64_1.0.100.202403111256/tools/bin/../lib/gcc/arm-none-eabi/12.3.1/thumb/v8-m.main+fp/hard/libgcc.a(_udivmoddi4.o)
                                  0x8 (size before relaxing)
                0x081fea08                        __exidx_end = .

.rel.dyn        0x081fea08        0x0
 .rel.iplt      0x081fea08        0x0 /opt/st/stm32cubeide_1.13.1/plugins/com.st.stm32cube.ide.mcu.externaltools.gnu-tools-for-stm32.12.3.rel1.linux64_1.0.100.202403111256/tools/bin/../lib/gcc/arm-none-eabi/12.3.1/thumb/v8-m.main+fp/hard/crtbegin.o

.copy.table     0x081fea08        0xc
                0x081fea08                        . = ALIGN (0x4)
                0x081fea08                        __copy_table_start__ = .
                0x081fea08        0x4 LONG 0x81fea1c __etext
                0x081fea0c        0x4 LONG 0x20000000 __data_start__
                0x081fea10        0x4 LONG 0x2c ((__data_end__ - __data_start__) / 0x4)
                0x081fea14                        __copy_table_end__ = .

.zero.table     0x081fea14        0x8
                0x081fea14                        . = ALIGN (0x4)
                0x081fea14                        __zero_table_start__ = .
                0x081fea14        0x4 LONG 0x200000b0 __bss_start__
                0x081fea18        0x4 LONG 0x1a6 ((__bss_end__ - __bss_start__) / 0x4)
                0x081fea1c                        __zero_table_end__ = .
                0x081fea1c                        __etext = .

.data           0x20000000       0xb0 load address 0x081fea1c
                0x20000000                        __data_start__ = .
 *(vtable)
 *(.data*)
 .data.FLASH0_DEV
                0x20000000       0x10 ./Application/User/low_level_device.o
                0x20000000                FLASH0_DEV
 .data.access_vect
                0x20000010       0x18 ./Application/User/low_level_device.o
 .data.SystemCoreClock
                0x20000028        0x4 ./Drivers/CMSIS/system_stm32u5xx.o
                0x20000028                SystemCoreClock
 .data.uwTickFreq
                0x2000002c        0x1 ./Drivers/STM32U5xx_HAL_Driver/stm32u5xx_hal.o
                0x2000002c                uwTickFreq
 *fill*         0x2000002d        0x3 
 .data.pFlash   0x20000030       0x1c ./Drivers/STM32U5xx_HAL_Driver/stm32u5xx_hal_flash.o
                0x20000030                pFlash
 .data.__sglue  0x2000004c        0xc /opt/st/stm32cubeide_1.13.1/plugins/com.st.stm32cube.ide.mcu.externaltools.gnu-tools-for-stm32.12.3.rel1.linux64_1.0.100.202403111256/tools/bin/../lib/gcc/arm-none-eabi/12.3.1/../../../../arm-none-eabi/lib/thumb/v8-m.main+fp/hard/libc_nano.a(libc_a-findfp.o)
                0x2000004c                __sglue
 .data._impure_ptr
                0x20000058        0x4 /opt/st/stm32cubeide_1.13.1/plugins/com.st.stm32cube.ide.mcu.externaltools.gnu-tools-for-stm32.12.3.rel1.linux64_1.0.100.202403111256/tools/bin/../lib/gcc/arm-none-eabi/12.3.1/../../../../arm-none-eabi/lib/thumb/v8-m.main+fp/hard/libc_nano.a(libc_a-impure.o)
                0x20000058                _impure_ptr
 .data._impure_data
                0x2000005c       0x4c /opt/st/stm32cubeide_1.13.1/plugins/com.st.stm32cube.ide.mcu.externaltools.gnu-tools-for-stm32.12.3.rel1.linux64_1.0.100.202403111256/tools/bin/../lib/gcc/arm-none-eabi/12.3.1/../../../../arm-none-eabi/lib/thumb/v8-m.main+fp/hard/libc_nano.a(libc_a-impure.o)
                0x2000005c                _impure_data
                0x200000a8                        . = ALIGN (0x4)
                0x200000a8                        PROVIDE (__preinit_array_start = .)
 *(.preinit_array)
                0x200000a8                        PROVIDE (__preinit_array_end = .)
                0x200000a8                        . = ALIGN (0x4)
                0x200000a8                        PROVIDE (__init_array_start = .)
 *(SORT_BY_NAME(.init_array.*))
 *(.init_array)
 .init_array    0x200000a8        0x4 /opt/st/stm32cubeide_1.13.1/plugins/com.st.stm32cube.ide.mcu.externaltools.gnu-tools-for-stm32.12.3.rel1.linux64_1.0.100.202403111256/tools/bin/../lib/gcc/arm-none-eabi/12.3.1/thumb/v8-m.main+fp/hard/crtbegin.o
                0x200000ac                        PROVIDE (__init_array_end = .)
                0x200000ac                        . = ALIGN (0x4)
                [!provide]                        PROVIDE (__fini_array_start = .)
 *(SORT_BY_NAME(.fini_array.*))
 *(.fini_array)
 .fini_array    0x200000ac        0x4 /opt/st/stm32cubeide_1.13.1/plugins/com.st.stm32cube.ide.mcu.externaltools.gnu-tools-for-stm32.12.3.rel1.linux64_1.0.100.202403111256/tools/bin/../lib/gcc/arm-none-eabi/12.3.1/thumb/v8-m.main+fp/hard/crtbegin.o
                [!provide]                        PROVIDE (__fini_array_end = .)
 *(.jcr*)
                0x200000b0                        . = ALIGN (0x4)
                0x200000b0                        __data_end__ = .

.igot.plt       0x200000b0        0x0 load address 0x081feacc
 .igot.plt      0x200000b0        0x0 /opt/st/stm32cubeide_1.13.1/plugins/com.st.stm32cube.ide.mcu.externaltools.gnu-tools-for-stm32.12.3.rel1.linux64_1.0.100.202403111256/tools/bin/../lib/gcc/arm-none-eabi/12.3.1/thumb/v8-m.main+fp/hard/crtbegin.o

.bss            0x200000b0      0x698 load address 0x081feacc
                0x200000b0                        . = ALIGN (0x4)
                0x200000b0                        __bss_start__ = .
 *(.bss*)
 .bss           0x200000b0       0x1c /opt/st/stm32cubeide_1.13.1/plugins/com.st.stm32cube.ide.mcu.externaltools.gnu-tools-for-stm32.12.3.rel1.linux64_1.0.100.202403111256/tools/bin/../lib/gcc/arm-none-eabi/12.3.1/thumb/v8-m.main+fp/hard/crtbegin.o
 .bss.Abort     0x200000cc        0x1 ./Application/User/com.o
 *fill*         0x200000cd        0x3 
 .bss.Ymodem    0x200000d0        0x4 ./Application/User/com.o
 .bss.UartHandle
                0x200000d4       0x94 ./Application/User/com.o
 .bss.m_uFlashMinWriteSize
                0x20000168        0x4 ./Application/User/fw_update_app.o
 .bss.m_uFlashSectorSize
                0x2000016c        0x4 ./Application/User/fw_update_app.o
 .bss.m_uPacketsReceived
                0x20000170        0x4 ./Application/User/fw_update_app.o
 .bss.m_uNbrBlocksYmodem
                0x20000174        0x4 ./Application/User/fw_update_app.o
 .bss.m_uFileSizeYmodem
                0x20000178        0x4 ./Application/User/fw_update_app.o
 .bss.ARM_FLASH0_STATUS
                0x2000017c        0x4 ./Application/User/low_level_flash.o
 .bss.m_uTick.0
                0x20000180        0x4 ./Application/User/tick.o
 .bss.tdelta.1  0x20000184        0x4 ./Application/User/tick.o
 .bss.t1.2      0x20000188        0x4 ./Application/User/tick.o
 .bss.CrcHandle
                0x2000018c       0x24 ./Application/User/ymodem.o
 .bss.m_aFileName
                0x200001b0       0x41 ./Application/User/ymodem.o
                0x200001b0                m_aFileName
 .bss.m_aPacketData
                0x200001f1      0x406 ./Application/User/ymodem.o
 *fill*         0x200005f7        0x1 
 .bss.__sf      0x200005f8      0x138 /opt/st/stm32cubeide_1.13.1/plugins/com.st.stm32cube.ide.mcu.externaltools.gnu-tools-for-stm32.12.3.rel1.linux64_1.0.100.202403111256/tools/bin/../lib/gcc/arm-none-eabi/12.3.1/../../../../arm-none-eabi/lib/thumb/v8-m.main+fp/hard/libc_nano.a(libc_a-findfp.o)
                0x200005f8                __sf
 .bss.__stdio_exit_handler
                0x20000730        0x4 /opt/st/stm32cubeide_1.13.1/plugins/com.st.stm32cube.ide.mcu.externaltools.gnu-tools-for-stm32.12.3.rel1.linux64_1.0.100.202403111256/tools/bin/../lib/gcc/arm-none-eabi/12.3.1/../../../../arm-none-eabi/lib/thumb/v8-m.main+fp/hard/libc_nano.a(libc_a-findfp.o)
                0x20000730                __stdio_exit_handler
 .bss.errno     0x20000734        0x4 /opt/st/stm32cubeide_1.13.1/plugins/com.st.stm32cube.ide.mcu.externaltools.gnu-tools-for-stm32.12.3.rel1.linux64_1.0.100.202403111256/tools/bin/../lib/gcc/arm-none-eabi/12.3.1/../../../../arm-none-eabi/lib/thumb/v8-m.main+fp/hard/libc_nano.a(libc_a-reent.o)
                0x20000734                errno
 .bss.__lock___malloc_recursive_mutex
                0x20000738        0x1 /opt/st/stm32cubeide_1.13.1/plugins/com.st.stm32cube.ide.mcu.externaltools.gnu-tools-for-stm32.12.3.rel1.linux64_1.0.100.202403111256/tools/bin/../lib/gcc/arm-none-eabi/12.3.1/../../../../arm-none-eabi/lib/thumb/v8-m.main+fp/hard/libc_nano.a(libc_a-lock.o)
                0x20000738                __lock___malloc_recursive_mutex
 .bss.__lock___sfp_recursive_mutex
                0x20000739        0x1 /opt/st/stm32cubeide_1.13.1/plugins/com.st.stm32cube.ide.mcu.externaltools.gnu-tools-for-stm32.12.3.rel1.linux64_1.0.100.202403111256/tools/bin/../lib/gcc/arm-none-eabi/12.3.1/../../../../arm-none-eabi/lib/thumb/v8-m.main+fp/hard/libc_nano.a(libc_a-lock.o)
                0x20000739                __lock___sfp_recursive_mutex
 *fill*         0x2000073a        0x2 
 .bss.__malloc_sbrk_start
                0x2000073c        0x4 /opt/st/stm32cubeide_1.13.1/plugins/com.st.stm32cube.ide.mcu.externaltools.gnu-tools-for-stm32.12.3.rel1.linux64_1.0.100.202403111256/tools/bin/../lib/gcc/arm-none-eabi/12.3.1/../../../../arm-none-eabi/lib/thumb/v8-m.main+fp/hard/libc_nano.a(libc_a-mallocr.o)
                0x2000073c                __malloc_sbrk_start
 .bss.__malloc_free_list
                0x20000740        0x4 /opt/st/stm32cubeide_1.13.1/plugins/com.st.stm32cube.ide.mcu.externaltools.gnu-tools-for-stm32.12.3.rel1.linux64_1.0.100.202403111256/tools/bin/../lib/gcc/arm-none-eabi/12.3.1/../../../../arm-none-eabi/lib/thumb/v8-m.main+fp/hard/libc_nano.a(libc_a-mallocr.o)
                0x20000740                __malloc_free_list
 .bss.heap_end.0
                0x20000744        0x4 /opt/st/stm32cubeide_1.13.1/plugins/com.st.stm32cube.ide.mcu.externaltools.gnu-tools-for-stm32.12.3.rel1.linux64_1.0.100.202403111256/tools/bin/../lib/gcc/arm-none-eabi/12.3.1/../../../../arm-none-eabi/lib/thumb/v8-m.main+fp/hard/libnosys.a(sbrk.o)
 *(COMMON)
                0x20000748                        . = ALIGN (0x4)
                0x20000748                        __bss_end__ = .
                0x00000698                        bss_size = (__bss_end__ - __bss_start__)

.msp_stack      0x20000760      0x400 load address 0x081ff180
                0x20000b60                        . = (. + __msp_stack_size__)
 *fill*         0x20000760      0x400 
                0x20000b60                        Image$$ARM_LIB_STACK_MSP$$ZI$$Limit = (ADDR (.msp_stack) + SIZEOF (.msp_stack))
                0x20000760                        Image$$ARM_LIB_STACK_MSP$$ZI$$Base = ADDR (.msp_stack)

.heap           0x20000b60      0x200 load address 0x081ff580
                0x20000b60                        __end__ = .
                0x20000b60                        PROVIDE (end = .)
                0x20000b60                        __HeapBase = .
                0x20000d60                        . = (. + __heap_size__)
 *fill*         0x20000b60      0x200 
                0x20000d60                        __HeapLimit = .
                0x20000d60                        __heap_limit = .
                0x20000b60                        PROVIDE (__stack = Image$$ARM_LIB_STACK_MSP$$ZI$$Limit)
                0x20000b60                        PROVIDE (__StackTop = Image$$ARM_LIB_STACK_MSP$$ZI$$Limit)
                0x20000760                        PROVIDE (__StackLimit = Image$$ARM_LIB_STACK_MSP$$ZI$$Base)
OUTPUT(TFM_Loader_NonSecure.elf elf32-littlearm)
LOAD linker stubs

.ARM.attributes
                0x00000000       0x36
 .ARM.attributes
                0x00000000       0x26 /opt/st/stm32cubeide_1.13.1/plugins/com.st.stm32cube.ide.mcu.externaltools.gnu-tools-for-stm32.12.3.rel1.linux64_1.0.100.202403111256/tools/bin/../lib/gcc/arm-none-eabi/12.3.1/thumb/v8-m.main+fp/hard/crti.o
 .ARM.attributes
                0x00000026       0x38 /opt/st/stm32cubeide_1.13.1/plugins/com.st.stm32cube.ide.mcu.externaltools.gnu-tools-for-stm32.12.3.rel1.linux64_1.0.100.202403111256/tools/bin/../lib/gcc/arm-none-eabi/12.3.1/thumb/v8-m.main+fp/hard/crtbegin.o
 .ARM.attributes
                0x0000005e       0x24 /opt/st/stm32cubeide_1.13.1/plugins/com.st.stm32cube.ide.mcu.externaltools.gnu-tools-for-stm32.12.3.rel1.linux64_1.0.100.202403111256/tools/bin/../lib/gcc/arm-none-eabi/12.3.1/../../../../arm-none-eabi/lib/thumb/v8-m.main+fp/hard/crt0.o
 .ARM.attributes
                0x00000082       0x3a ./Application/User/com.o
 .ARM.attributes
                0x000000bc       0x3a ./Application/User/common.o
 .ARM.attributes
                0x000000f6       0x3a ./Application/User/fw_update_app.o
 .ARM.attributes
                0x00000130       0x3a ./Application/User/low_level_device.o
 .ARM.attributes
                0x0000016a       0x3a ./Application/User/low_level_flash.o
 .ARM.attributes
                0x000001a4       0x3a ./Application/User/main.o
 .ARM.attributes
                0x000001de       0x3a ./Application/User/startup_stm32u5xx.o
 .ARM.attributes
                0x00000218       0x3a ./Application/User/tick.o
 .ARM.attributes
                0x00000252       0x3a ./Application/User/ymodem.o
 .ARM.attributes
                0x0000028c       0x3a ./Drivers/CMSIS/system_stm32u5xx.o
 .ARM.attributes
                0x000002c6       0x3a ./Drivers/STM32U5xx_HAL_Driver/stm32u5xx_hal.o
 .ARM.attributes
                0x00000300       0x3a ./Drivers/STM32U5xx_HAL_Driver/stm32u5xx_hal_cortex.o
 .ARM.attributes
                0x0000033a       0x3a ./Drivers/STM32U5xx_HAL_Driver/stm32u5xx_hal_crc.o
 .ARM.attributes
                0x00000374       0x3a ./Drivers/STM32U5xx_HAL_Driver/stm32u5xx_hal_crc_ex.o
 .ARM.attributes
                0x000003ae       0x3a ./Drivers/STM32U5xx_HAL_Driver/stm32u5xx_hal_flash.o
 .ARM.attributes
                0x000003e8       0x3a ./Drivers/STM32U5xx_HAL_Driver/stm32u5xx_hal_flash_ex.o
 .ARM.attributes
                0x00000422       0x3a ./Drivers/STM32U5xx_HAL_Driver/stm32u5xx_hal_gpio.o
 .ARM.attributes
                0x0000045c       0x3a ./Drivers/STM32U5xx_HAL_Driver/stm32u5xx_hal_rcc.o
 .ARM.attributes
                0x00000496       0x3a ./Drivers/STM32U5xx_HAL_Driver/stm32u5xx_hal_rcc_ex.o
 .ARM.attributes
                0x000004d0       0x3a ./Drivers/STM32U5xx_HAL_Driver/stm32u5xx_hal_uart.o
 .ARM.attributes
                0x0000050a       0x38 /opt/st/stm32cubeide_1.13.1/plugins/com.st.stm32cube.ide.mcu.externaltools.gnu-tools-for-stm32.12.3.rel1.linux64_1.0.100.202403111256/tools/bin/../lib/gcc/arm-none-eabi/12.3.1/../../../../arm-none-eabi/lib/thumb/v8-m.main+fp/hard/libc_nano.a(libc_a-exit.o)
 .ARM.attributes
                0x00000542       0x38 /opt/st/stm32cubeide_1.13.1/plugins/com.st.stm32cube.ide.mcu.externaltools.gnu-tools-for-stm32.12.3.rel1.linux64_1.0.100.202403111256/tools/bin/../lib/gcc/arm-none-eabi/12.3.1/../../../../arm-none-eabi/lib/thumb/v8-m.main+fp/hard/libc_nano.a(libc_a-findfp.o)
 .ARM.attributes
                0x0000057a       0x38 /opt/st/stm32cubeide_1.13.1/plugins/com.st.stm32cube.ide.mcu.externaltools.gnu-tools-for-stm32.12.3.rel1.linux64_1.0.100.202403111256/tools/bin/../lib/gcc/arm-none-eabi/12.3.1/../../../../arm-none-eabi/lib/thumb/v8-m.main+fp/hard/libc_nano.a(libc_a-fwalk.o)
 .ARM.attributes
                0x000005b2       0x38 /opt/st/stm32cubeide_1.13.1/plugins/com.st.stm32cube.ide.mcu.externaltools.gnu-tools-for-stm32.12.3.rel1.linux64_1.0.100.202403111256/tools/bin/../lib/gcc/arm-none-eabi/12.3.1/../../../../arm-none-eabi/lib/thumb/v8-m.main+fp/hard/libc_nano.a(libc_a-printf.o)
 .ARM.attributes
                0x000005ea       0x38 /opt/st/stm32cubeide_1.13.1/plugins/com.st.stm32cube.ide.mcu.externaltools.gnu-tools-for-stm32.12.3.rel1.linux64_1.0.100.202403111256/tools/bin/../lib/gcc/arm-none-eabi/12.3.1/../../../../arm-none-eabi/lib/thumb/v8-m.main+fp/hard/libc_nano.a(libc_a-puts.o)
 .ARM.attributes
                0x00000622       0x38 /opt/st/stm32cubeide_1.13.1/plugins/com.st.stm32cube.ide.mcu.externaltools.gnu-tools-for-stm32.12.3.rel1.linux64_1.0.100.202403111256/tools/bin/../lib/gcc/arm-none-eabi/12.3.1/../../../../arm-none-eabi/lib/thumb/v8-m.main+fp/hard/libc_nano.a(libc_a-setvbuf.o)
 .ARM.attributes
                0x0000065a       0x38 /opt/st/stm32cubeide_1.13.1/plugins/com.st.stm32cube.ide.mcu.externaltools.gnu-tools-for-stm32.12.3.rel1.linux64_1.0.100.202403111256/tools/bin/../lib/gcc/arm-none-eabi/12.3.1/../../../../arm-none-eabi/lib/thumb/v8-m.main+fp/hard/libc_nano.a(libc_a-stdio.o)
 .ARM.attributes
                0x00000692       0x38 /opt/st/stm32cubeide_1.13.1/plugins/com.st.stm32cube.ide.mcu.externaltools.gnu-tools-for-stm32.12.3.rel1.linux64_1.0.100.202403111256/tools/bin/../lib/gcc/arm-none-eabi/12.3.1/../../../../arm-none-eabi/lib/thumb/v8-m.main+fp/hard/libc_nano.a(libc_a-wbuf.o)
 .ARM.attributes
                0x000006ca       0x38 /opt/st/stm32cubeide_1.13.1/plugins/com.st.stm32cube.ide.mcu.externaltools.gnu-tools-for-stm32.12.3.rel1.linux64_1.0.100.202403111256/tools/bin/../lib/gcc/arm-none-eabi/12.3.1/../../../../arm-none-eabi/lib/thumb/v8-m.main+fp/hard/libc_nano.a(libc_a-wsetup.o)
 .ARM.attributes
                0x00000702       0x38 /opt/st/stm32cubeide_1.13.1/plugins/com.st.stm32cube.ide.mcu.externaltools.gnu-tools-for-stm32.12.3.rel1.linux64_1.0.100.202403111256/tools/bin/../lib/gcc/arm-none-eabi/12.3.1/../../../../arm-none-eabi/lib/thumb/v8-m.main+fp/hard/libc_nano.a(libc_a-memset.o)
 .ARM.attributes
                0x0000073a       0x38 /opt/st/stm32cubeide_1.13.1/plugins/com.st.stm32cube.ide.mcu.externaltools.gnu-tools-for-stm32.12.3.rel1.linux64_1.0.100.202403111256/tools/bin/../lib/gcc/arm-none-eabi/12.3.1/../../../../arm-none-eabi/lib/thumb/v8-m.main+fp/hard/libc_nano.a(libc_a-closer.o)
 .ARM.attributes
                0x00000772       0x38 /opt/st/stm32cubeide_1.13.1/plugins/com.st.stm32cube.ide.mcu.externaltools.gnu-tools-for-stm32.12.3.rel1.linux64_1.0.100.202403111256/tools/bin/../lib/gcc/arm-none-eabi/12.3.1/../../../../arm-none-eabi/lib/thumb/v8-m.main+fp/hard/libc_nano.a(libc_a-reent.o)
 .ARM.attributes
                0x000007aa       0x38 /opt/st/stm32cubeide_1.13.1/plugins/com.st.stm32cube.ide.mcu.externaltools.gnu-tools-for-stm32.12.3.rel1.linux64_1.0.100.202403111256/tools/bin/../lib/gcc/arm-none-eabi/12.3.1/../../../../arm-none-eabi/lib/thumb/v8-m.main+fp/hard/libc_nano.a(libc_a-impure.o)
 .ARM.attributes
                0x000007e2       0x38 /opt/st/stm32cubeide_1.13.1/plugins/com.st.stm32cube.ide.mcu.externaltools.gnu-tools-for-stm32.12.3.rel1.linux64_1.0.100.202403111256/tools/bin/../lib/gcc/arm-none-eabi/12.3.1/../../../../arm-none-eabi/lib/thumb/v8-m.main+fp/hard/libc_nano.a(libc_a-lseekr.o)
 .ARM.attributes
                0x0000081a       0x38 /opt/st/stm32cubeide_1.13.1/plugins/com.st.stm32cube.ide.mcu.externaltools.gnu-tools-for-stm32.12.3.rel1.linux64_1.0.100.202403111256/tools/bin/../lib/gcc/arm-none-eabi/12.3.1/../../../../arm-none-eabi/lib/thumb/v8-m.main+fp/hard/libc_nano.a(libc_a-readr.o)
 .ARM.attributes
                0x00000852       0x38 /opt/st/stm32cubeide_1.13.1/plugins/com.st.stm32cube.ide.mcu.externaltools.gnu-tools-for-stm32.12.3.rel1.linux64_1.0.100.202403111256/tools/bin/../lib/gcc/arm-none-eabi/12.3.1/../../../../arm-none-eabi/lib/thumb/v8-m.main+fp/hard/libc_nano.a(libc_a-writer.o)
 .ARM.attributes
                0x0000088a       0x38 /opt/st/stm32cubeide_1.13.1/plugins/com.st.stm32cube.ide.mcu.externaltools.gnu-tools-for-stm32.12.3.rel1.linux64_1.0.100.202403111256/tools/bin/../lib/gcc/arm-none-eabi/12.3.1/../../../../arm-none-eabi/lib/thumb/v8-m.main+fp/hard/libc_nano.a(libc_a-init.o)
 .ARM.attributes
                0x000008c2       0x38 /opt/st/stm32cubeide_1.13.1/plugins/com.st.stm32cube.ide.mcu.externaltools.gnu-tools-for-stm32.12.3.rel1.linux64_1.0.100.202403111256/tools/bin/../lib/gcc/arm-none-eabi/12.3.1/../../../../arm-none-eabi/lib/thumb/v8-m.main+fp/hard/libc_nano.a(libc_a-lock.o)
 .ARM.attributes
                0x000008fa       0x38 /opt/st/stm32cubeide_1.13.1/plugins/com.st.stm32cube.ide.mcu.externaltools.gnu-tools-for-stm32.12.3.rel1.linux64_1.0.100.202403111256/tools/bin/../lib/gcc/arm-none-eabi/12.3.1/../../../../arm-none-eabi/lib/thumb/v8-m.main+fp/hard/libc_nano.a(libc_a-freer.o)
 .ARM.attributes
                0x00000932       0x38 /opt/st/stm32cubeide_1.13.1/plugins/com.st.stm32cube.ide.mcu.externaltools.gnu-tools-for-stm32.12.3.rel1.linux64_1.0.100.202403111256/tools/bin/../lib/gcc/arm-none-eabi/12.3.1/../../../../arm-none-eabi/lib/thumb/v8-m.main+fp/hard/libc_nano.a(libc_a-malloc.o)
 .ARM.attributes
                0x0000096a       0x38 /opt/st/stm32cubeide_1.13.1/plugins/com.st.stm32cube.ide.mcu.externaltools.gnu-tools-for-stm32.12.3.rel1.linux64_1.0.100.202403111256/tools/bin/../lib/gcc/arm-none-eabi/12.3.1/../../../../arm-none-eabi/lib/thumb/v8-m.main+fp/hard/libc_nano.a(libc_a-mallocr.o)
 .ARM.attributes
                0x000009a2       0x38 /opt/st/stm32cubeide_1.13.1/plugins/com.st.stm32cube.ide.mcu.externaltools.gnu-tools-for-stm32.12.3.rel1.linux64_1.0.100.202403111256/tools/bin/../lib/gcc/arm-none-eabi/12.3.1/../../../../arm-none-eabi/lib/thumb/v8-m.main+fp/hard/libc_nano.a(libc_a-mlock.o)
 .ARM.attributes
                0x000009da       0x38 /opt/st/stm32cubeide_1.13.1/plugins/com.st.stm32cube.ide.mcu.externaltools.gnu-tools-for-stm32.12.3.rel1.linux64_1.0.100.202403111256/tools/bin/../lib/gcc/arm-none-eabi/12.3.1/../../../../arm-none-eabi/lib/thumb/v8-m.main+fp/hard/libc_nano.a(libc_a-nano-vfprintf.o)
 .ARM.attributes
                0x00000a12       0x38 /opt/st/stm32cubeide_1.13.1/plugins/com.st.stm32cube.ide.mcu.externaltools.gnu-tools-for-stm32.12.3.rel1.linux64_1.0.100.202403111256/tools/bin/../lib/gcc/arm-none-eabi/12.3.1/../../../../arm-none-eabi/lib/thumb/v8-m.main+fp/hard/libc_nano.a(libc_a-nano-vfprintf_i.o)
 .ARM.attributes
                0x00000a4a       0x38 /opt/st/stm32cubeide_1.13.1/plugins/com.st.stm32cube.ide.mcu.externaltools.gnu-tools-for-stm32.12.3.rel1.linux64_1.0.100.202403111256/tools/bin/../lib/gcc/arm-none-eabi/12.3.1/../../../../arm-none-eabi/lib/thumb/v8-m.main+fp/hard/libc_nano.a(libc_a-fflush.o)
 .ARM.attributes
                0x00000a82       0x38 /opt/st/stm32cubeide_1.13.1/plugins/com.st.stm32cube.ide.mcu.externaltools.gnu-tools-for-stm32.12.3.rel1.linux64_1.0.100.202403111256/tools/bin/../lib/gcc/arm-none-eabi/12.3.1/../../../../arm-none-eabi/lib/thumb/v8-m.main+fp/hard/libc_nano.a(libc_a-makebuf.o)
 .ARM.attributes
                0x00000aba       0x38 /opt/st/stm32cubeide_1.13.1/plugins/com.st.stm32cube.ide.mcu.externaltools.gnu-tools-for-stm32.12.3.rel1.linux64_1.0.100.202403111256/tools/bin/../lib/gcc/arm-none-eabi/12.3.1/../../../../arm-none-eabi/lib/thumb/v8-m.main+fp/hard/libc_nano.a(libc_a-fstatr.o)
 .ARM.attributes
                0x00000af2       0x38 /opt/st/stm32cubeide_1.13.1/plugins/com.st.stm32cube.ide.mcu.externaltools.gnu-tools-for-stm32.12.3.rel1.linux64_1.0.100.202403111256/tools/bin/../lib/gcc/arm-none-eabi/12.3.1/../../../../arm-none-eabi/lib/thumb/v8-m.main+fp/hard/libc_nano.a(libc_a-isattyr.o)
 .ARM.attributes
                0x00000b2a       0x38 /opt/st/stm32cubeide_1.13.1/plugins/com.st.stm32cube.ide.mcu.externaltools.gnu-tools-for-stm32.12.3.rel1.linux64_1.0.100.202403111256/tools/bin/../lib/gcc/arm-none-eabi/12.3.1/../../../../arm-none-eabi/lib/thumb/v8-m.main+fp/hard/libc_nano.a(libc_a-sbrkr.o)
 .ARM.attributes
                0x00000b62       0x38 /opt/st/stm32cubeide_1.13.1/plugins/com.st.stm32cube.ide.mcu.externaltools.gnu-tools-for-stm32.12.3.rel1.linux64_1.0.100.202403111256/tools/bin/../lib/gcc/arm-none-eabi/12.3.1/../../../../arm-none-eabi/lib/thumb/v8-m.main+fp/hard/libc_nano.a(libc_a-memchr-stub.o)
 .ARM.attributes
                0x00000b9a       0x26 /opt/st/stm32cubeide_1.13.1/plugins/com.st.stm32cube.ide.mcu.externaltools.gnu-tools-for-stm32.12.3.rel1.linux64_1.0.100.202403111256/tools/bin/../lib/gcc/arm-none-eabi/12.3.1/thumb/v8-m.main+fp/hard/libgcc.a(_aeabi_uldivmod.o)
 .ARM.attributes
                0x00000bc0       0x38 /opt/st/stm32cubeide_1.13.1/plugins/com.st.stm32cube.ide.mcu.externaltools.gnu-tools-for-stm32.12.3.rel1.linux64_1.0.100.202403111256/tools/bin/../lib/gcc/arm-none-eabi/12.3.1/thumb/v8-m.main+fp/hard/libgcc.a(_udivmoddi4.o)
 .ARM.attributes
                0x00000bf8       0x26 /opt/st/stm32cubeide_1.13.1/plugins/com.st.stm32cube.ide.mcu.externaltools.gnu-tools-for-stm32.12.3.rel1.linux64_1.0.100.202403111256/tools/bin/../lib/gcc/arm-none-eabi/12.3.1/thumb/v8-m.main+fp/hard/libgcc.a(_dvmd_tls.o)
 .ARM.attributes
                0x00000c1e       0x38 /opt/st/stm32cubeide_1.13.1/plugins/com.st.stm32cube.ide.mcu.externaltools.gnu-tools-for-stm32.12.3.rel1.linux64_1.0.100.202403111256/tools/bin/../lib/gcc/arm-none-eabi/12.3.1/../../../../arm-none-eabi/lib/thumb/v8-m.main+fp/hard/libnosys.a(close.o)
 .ARM.attributes
                0x00000c56       0x38 /opt/st/stm32cubeide_1.13.1/plugins/com.st.stm32cube.ide.mcu.externaltools.gnu-tools-for-stm32.12.3.rel1.linux64_1.0.100.202403111256/tools/bin/../lib/gcc/arm-none-eabi/12.3.1/../../../../arm-none-eabi/lib/thumb/v8-m.main+fp/hard/libnosys.a(fstat.o)
 .ARM.attributes
                0x00000c8e       0x38 /opt/st/stm32cubeide_1.13.1/plugins/com.st.stm32cube.ide.mcu.externaltools.gnu-tools-for-stm32.12.3.rel1.linux64_1.0.100.202403111256/tools/bin/../lib/gcc/arm-none-eabi/12.3.1/../../../../arm-none-eabi/lib/thumb/v8-m.main+fp/hard/libnosys.a(isatty.o)
 .ARM.attributes
                0x00000cc6       0x38 /opt/st/stm32cubeide_1.13.1/plugins/com.st.stm32cube.ide.mcu.externaltools.gnu-tools-for-stm32.12.3.rel1.linux64_1.0.100.202403111256/tools/bin/../lib/gcc/arm-none-eabi/12.3.1/../../../../arm-none-eabi/lib/thumb/v8-m.main+fp/hard/libnosys.a(lseek.o)
 .ARM.attributes
                0x00000cfe       0x38 /opt/st/stm32cubeide_1.13.1/plugins/com.st.stm32cube.ide.mcu.externaltools.gnu-tools-for-stm32.12.3.rel1.linux64_1.0.100.202403111256/tools/bin/../lib/gcc/arm-none-eabi/12.3.1/../../../../arm-none-eabi/lib/thumb/v8-m.main+fp/hard/libnosys.a(read.o)
 .ARM.attributes
                0x00000d36       0x38 /opt/st/stm32cubeide_1.13.1/plugins/com.st.stm32cube.ide.mcu.externaltools.gnu-tools-for-stm32.12.3.rel1.linux64_1.0.100.202403111256/tools/bin/../lib/gcc/arm-none-eabi/12.3.1/../../../../arm-none-eabi/lib/thumb/v8-m.main+fp/hard/libnosys.a(sbrk.o)
 .ARM.attributes
                0x00000d6e       0x38 /opt/st/stm32cubeide_1.13.1/plugins/com.st.stm32cube.ide.mcu.externaltools.gnu-tools-for-stm32.12.3.rel1.linux64_1.0.100.202403111256/tools/bin/../lib/gcc/arm-none-eabi/12.3.1/../../../../arm-none-eabi/lib/thumb/v8-m.main+fp/hard/libnosys.a(_exit.o)
 .ARM.attributes
                0x00000da6       0x38 /opt/st/stm32cubeide_1.13.1/plugins/com.st.stm32cube.ide.mcu.externaltools.gnu-tools-for-stm32.12.3.rel1.linux64_1.0.100.202403111256/tools/bin/../lib/gcc/arm-none-eabi/12.3.1/thumb/v8-m.main+fp/hard/crtend.o
 .ARM.attributes
                0x00000dde       0x26 /opt/st/stm32cubeide_1.13.1/plugins/com.st.stm32cube.ide.mcu.externaltools.gnu-tools-for-stm32.12.3.rel1.linux64_1.0.100.202403111256/tools/bin/../lib/gcc/arm-none-eabi/12.3.1/thumb/v8-m.main+fp/hard/crtn.o

.comment        0x00000000       0x43
 .comment       0x00000000       0x43 ./Application/User/com.o
                                 0x44 (size before relaxing)
 .comment       0x00000043       0x44 ./Application/User/common.o
 .comment       0x00000043       0x44 ./Application/User/fw_update_app.o
 .comment       0x00000043       0x44 ./Application/User/low_level_device.o
 .comment       0x00000043       0x44 ./Application/User/low_level_flash.o
 .comment       0x00000043       0x44 ./Application/User/main.o
 .comment       0x00000043       0x44 ./Application/User/startup_stm32u5xx.o
 .comment       0x00000043       0x44 ./Application/User/tick.o
 .comment       0x00000043       0x44 ./Application/User/ymodem.o
 .comment       0x00000043       0x44 ./Drivers/CMSIS/system_stm32u5xx.o
 .comment       0x00000043       0x44 ./Drivers/STM32U5xx_HAL_Driver/stm32u5xx_hal.o
 .comment       0x00000043       0x44 ./Drivers/STM32U5xx_HAL_Driver/stm32u5xx_hal_cortex.o
 .comment       0x00000043       0x44 ./Drivers/STM32U5xx_HAL_Driver/stm32u5xx_hal_crc.o