/home/erhangok/Documents/GitHub/STM32U5_Cellular_Cloud/STM32CubeExpansion_Cloud_AZURE_V2.3.0/Middlewares/Third_Party/mbed-crypto/library/cipher.c:80:12:mbedtls_cipher_list	0	static
/home/erhangok/Documents/GitHub/STM32U5_Cellular_Cloud/STM32CubeExpansion_Cloud_AZURE_V2.3.0/Middlewares/Third_Party/mbed-crypto/library/cipher.c:101:30:mbedtls_cipher_info_from_type	0	static
/home/erhangok/Documents/GitHub/STM32U5_Cellular_Cloud/STM32CubeExpansion_Cloud_AZURE_V2.3.0/Middlewares/Third_Party/mbed-crypto/library/cipher.c:113:30:mbedtls_cipher_info_from_string	16	static
/home/erhangok/Documents/GitHub/STM32U5_Cellular_Cloud/STM32CubeExpansion_Cloud_AZURE_V2.3.0/Middlewares/Third_Party/mbed-crypto/library/cipher.c:128:30:mbedtls_cipher_info_from_values	12	static
/home/erhangok/Documents/GitHub/STM32U5_Cellular_Cloud/STM32CubeExpansion_Cloud_AZURE_V2.3.0/Middlewares/Third_Party/mbed-crypto/library/cipher.c:148:6:mbedtls_cipher_init	0	static
/home/erhangok/Documents/GitHub/STM32U5_Cellular_Cloud/STM32CubeExpansion_Cloud_AZURE_V2.3.0/Middlewares/Third_Party/mbed-crypto/library/cipher.c:154:6:mbedtls_cipher_free	8	static
/home/erhangok/Documents/GitHub/STM32U5_Cellular_Cloud/STM32CubeExpansion_Cloud_AZURE_V2.3.0/Middlewares/Third_Party/mbed-crypto/library/cipher.c:197:5:mbedtls_cipher_setup	16	static
/home/erhangok/Documents/GitHub/STM32U5_Cellular_Cloud/STM32CubeExpansion_Cloud_AZURE_V2.3.0/Middlewares/Third_Party/mbed-crypto/library/cipher.c:257:5:mbedtls_cipher_setkey	8	static
/home/erhangok/Documents/GitHub/STM32U5_Cellular_Cloud/STM32CubeExpansion_Cloud_AZURE_V2.3.0/Middlewares/Third_Party/mbed-crypto/library/cipher.c:355:5:mbedtls_cipher_set_iv	16	static
/home/erhangok/Documents/GitHub/STM32U5_Cellular_Cloud/STM32CubeExpansion_Cloud_AZURE_V2.3.0/Middlewares/Third_Party/mbed-crypto/library/cipher.c:411:5:mbedtls_cipher_reset	0	static
/home/erhangok/Documents/GitHub/STM32U5_Cellular_Cloud/STM32CubeExpansion_Cloud_AZURE_V2.3.0/Middlewares/Third_Party/mbed-crypto/library/cipher.c:483:5:mbedtls_cipher_update	40	static
/home/erhangok/Documents/GitHub/STM32U5_Cellular_Cloud/STM32CubeExpansion_Cloud_AZURE_V2.3.0/Middlewares/Third_Party/mbed-crypto/library/cipher.c:900:5:mbedtls_cipher_finish	8	static
/home/erhangok/Documents/GitHub/STM32U5_Cellular_Cloud/STM32CubeExpansion_Cloud_AZURE_V2.3.0/Middlewares/Third_Party/mbed-crypto/library/cipher.c:1192:5:mbedtls_cipher_crypt	40	static
