/home/erhangok/Downloads/en.x-cube-azure-v2-3-0/STM32CubeExpansion_Cloud_AZURE_V2.3.0/Projects/B-U585I-IOT02A/Applications/TFM_Azure_IoT/TFM_Loader/NonSecure/Src/fw_update_app.c:317:13:FW_UPDATE_PrintWelcome	8	static
/home/erhangok/Downloads/en.x-cube-azure-v2-3-0/STM32CubeExpansion_Cloud_AZURE_V2.3.0/Projects/B-U585I-IOT02A/Applications/TFM_Azure_IoT/TFM_Loader/NonSecure/Src/fw_update_app.c:338:26:FW_UPDATE_DownloadNewFirmware.constprop	32	static
/home/erhangok/Downloads/en.x-cube-azure-v2-3-0/STM32CubeExpansion_Cloud_AZURE_V2.3.0/Projects/B-U585I-IOT02A/Applications/TFM_Azure_IoT/TFM_Loader/NonSecure/Src/fw_update_app.c:94:6:FW_UPDATE_Run	40	static,ignoring_inline_asm
/home/erhangok/Downloads/en.x-cube-azure-v2-3-0/STM32CubeExpansion_Cloud_AZURE_V2.3.0/Projects/B-U585I-IOT02A/Applications/TFM_Azure_IoT/TFM_Loader/NonSecure/Src/fw_update_app.c:441:19:Ymodem_HeaderPktRxCpltCallback	8	static
/home/erhangok/Downloads/en.x-cube-azure-v2-3-0/STM32CubeExpansion_Cloud_AZURE_V2.3.0/Projects/B-U585I-IOT02A/Applications/TFM_Azure_IoT/TFM_Loader/NonSecure/Src/fw_update_app.c:466:19:Ymodem_DataPktRxCpltCallback	32	static
