/home/erhangok/Downloads/en.x-cube-azure-v2-3-0/STM32CubeExpansion_Cloud_AZURE_V2.3.0/Projects/B-U585I-IOT02A/Applications/TFM_Azure_IoT/TFM_Loader/NonSecure/Src/low_level_flash.c:563:24:Flash_GetInfo	0	static
/home/erhangok/Downloads/en.x-cube-azure-v2-3-0/STM32CubeExpansion_Cloud_AZURE_V2.3.0/Projects/B-U585I-IOT02A/Applications/TFM_Azure_IoT/TFM_Loader/NonSecure/Src/low_level_flash.c:316:16:Flash_Initialize	8	static
/home/erhangok/Downloads/en.x-cube-azure-v2-3-0/STM32CubeExpansion_Cloud_AZURE_V2.3.0/Projects/B-U585I-IOT02A/Applications/TFM_Azure_IoT/TFM_Loader/NonSecure/Src/low_level_flash.c:392:16:Flash_ProgramData	48	static
/home/erhangok/Downloads/en.x-cube-azure-v2-3-0/STM32CubeExpansion_Cloud_AZURE_V2.3.0/Projects/B-U585I-IOT02A/Applications/TFM_Azure_IoT/TFM_Loader/NonSecure/Src/low_level_flash.c:470:16:Flash_EraseSector	40	static
