/home/erhangok/Downloads/en.x-cube-azure-v2-3-0/STM32CubeExpansion_Cloud_AZURE_V2.3.0/Projects/B-U585I-IOT02A/Applications/TFM_Azure_IoT/TFM_Loader/NonSecure/Src/main.c:63:1:__io_putchar	16	static
/home/erhangok/Downloads/en.x-cube-azure-v2-3-0/STM32CubeExpansion_Cloud_AZURE_V2.3.0/Projects/B-U585I-IOT02A/Applications/TFM_Azure_IoT/TFM_Loader/NonSecure/Src/main.c:84:5:_write	16	static
/home/erhangok/Downloads/en.x-cube-azure-v2-3-0/STM32CubeExpansion_Cloud_AZURE_V2.3.0/Projects/B-U585I-IOT02A/Applications/TFM_Azure_IoT/TFM_Loader/NonSecure/Src/main.c:117:5:main	8	static
