/home/erhangok/Downloads/en.x-cube-azure-v2-3-0/STM32CubeExpansion_Cloud_AZURE_V2.3.0/Drivers/BSP/B-U585I-IOT02A/b_u585i_iot02a_bus.c:1130:17:I2C_GetTiming.constprop	80	static
/home/erhangok/Downloads/en.x-cube-azure-v2-3-0/STM32CubeExpansion_Cloud_AZURE_V2.3.0/Drivers/BSP/B-U585I-IOT02A/b_u585i_iot02a_bus.c:255:9:BSP_I2C1_DeInit	8	static
/home/erhangok/Downloads/en.x-cube-azure-v2-3-0/STM32CubeExpansion_Cloud_AZURE_V2.3.0/Drivers/BSP/B-U585I-IOT02A/b_u585i_iot02a_bus.c:283:26:MX_I2C1_Init	8	static
/home/erhangok/Downloads/en.x-cube-azure-v2-3-0/STM32CubeExpansion_Cloud_AZURE_V2.3.0/Drivers/BSP/B-U585I-IOT02A/b_u585i_iot02a_bus.c:205:9:BSP_I2C1_Init	64	static
/home/erhangok/Downloads/en.x-cube-azure-v2-3-0/STM32CubeExpansion_Cloud_AZURE_V2.3.0/Drivers/BSP/B-U585I-IOT02A/b_u585i_iot02a_bus.c:329:9:BSP_I2C1_WriteReg	24	static
/home/erhangok/Downloads/en.x-cube-azure-v2-3-0/STM32CubeExpansion_Cloud_AZURE_V2.3.0/Drivers/BSP/B-U585I-IOT02A/b_u585i_iot02a_bus.c:368:9:BSP_I2C1_ReadReg	24	static
/home/erhangok/Downloads/en.x-cube-azure-v2-3-0/STM32CubeExpansion_Cloud_AZURE_V2.3.0/Drivers/BSP/B-U585I-IOT02A/b_u585i_iot02a_bus.c:407:9:BSP_I2C1_WriteReg16	24	static
/home/erhangok/Downloads/en.x-cube-azure-v2-3-0/STM32CubeExpansion_Cloud_AZURE_V2.3.0/Drivers/BSP/B-U585I-IOT02A/b_u585i_iot02a_bus.c:446:9:BSP_I2C1_ReadReg16	24	static
/home/erhangok/Downloads/en.x-cube-azure-v2-3-0/STM32CubeExpansion_Cloud_AZURE_V2.3.0/Drivers/BSP/B-U585I-IOT02A/b_u585i_iot02a_bus.c:484:9:BSP_I2C1_Recv	16	static
/home/erhangok/Downloads/en.x-cube-azure-v2-3-0/STM32CubeExpansion_Cloud_AZURE_V2.3.0/Drivers/BSP/B-U585I-IOT02A/b_u585i_iot02a_bus.c:522:9:BSP_I2C1_Send	16	static
/home/erhangok/Downloads/en.x-cube-azure-v2-3-0/STM32CubeExpansion_Cloud_AZURE_V2.3.0/Drivers/BSP/B-U585I-IOT02A/b_u585i_iot02a_bus.c:560:9:BSP_I2C1_IsReady	8	static
/home/erhangok/Downloads/en.x-cube-azure-v2-3-0/STM32CubeExpansion_Cloud_AZURE_V2.3.0/Drivers/BSP/B-U585I-IOT02A/b_u585i_iot02a_bus.c:709:9:BSP_I2C2_DeInit	8	static
/home/erhangok/Downloads/en.x-cube-azure-v2-3-0/STM32CubeExpansion_Cloud_AZURE_V2.3.0/Drivers/BSP/B-U585I-IOT02A/b_u585i_iot02a_bus.c:737:26:MX_I2C2_Init	0	static
/home/erhangok/Downloads/en.x-cube-azure-v2-3-0/STM32CubeExpansion_Cloud_AZURE_V2.3.0/Drivers/BSP/B-U585I-IOT02A/b_u585i_iot02a_bus.c:659:9:BSP_I2C2_Init	64	static
/home/erhangok/Downloads/en.x-cube-azure-v2-3-0/STM32CubeExpansion_Cloud_AZURE_V2.3.0/Drivers/BSP/B-U585I-IOT02A/b_u585i_iot02a_bus.c:783:9:BSP_I2C2_WriteReg	24	static
/home/erhangok/Downloads/en.x-cube-azure-v2-3-0/STM32CubeExpansion_Cloud_AZURE_V2.3.0/Drivers/BSP/B-U585I-IOT02A/b_u585i_iot02a_bus.c:822:9:BSP_I2C2_ReadReg	24	static
/home/erhangok/Downloads/en.x-cube-azure-v2-3-0/STM32CubeExpansion_Cloud_AZURE_V2.3.0/Drivers/BSP/B-U585I-IOT02A/b_u585i_iot02a_bus.c:861:9:BSP_I2C2_WriteReg16	24	static
/home/erhangok/Downloads/en.x-cube-azure-v2-3-0/STM32CubeExpansion_Cloud_AZURE_V2.3.0/Drivers/BSP/B-U585I-IOT02A/b_u585i_iot02a_bus.c:900:9:BSP_I2C2_ReadReg16	24	static
/home/erhangok/Downloads/en.x-cube-azure-v2-3-0/STM32CubeExpansion_Cloud_AZURE_V2.3.0/Drivers/BSP/B-U585I-IOT02A/b_u585i_iot02a_bus.c:938:9:BSP_I2C2_Recv	16	static
/home/erhangok/Downloads/en.x-cube-azure-v2-3-0/STM32CubeExpansion_Cloud_AZURE_V2.3.0/Drivers/BSP/B-U585I-IOT02A/b_u585i_iot02a_bus.c:976:9:BSP_I2C2_Send	16	static
/home/erhangok/Downloads/en.x-cube-azure-v2-3-0/STM32CubeExpansion_Cloud_AZURE_V2.3.0/Drivers/BSP/B-U585I-IOT02A/b_u585i_iot02a_bus.c:1014:9:BSP_I2C2_IsReady	8	static
/home/erhangok/Downloads/en.x-cube-azure-v2-3-0/STM32CubeExpansion_Cloud_AZURE_V2.3.0/Drivers/BSP/B-U585I-IOT02A/b_u585i_iot02a_bus.c:1038:9:BSP_GetTick	0	static
