/home/erhangok/Documents/GitHub/STM32U5_Cellular_Cloud/STM32CubeExpansion_Cloud_AZURE_V2.3.0/Middlewares/ST/netxduo/common/src/nx_utility.c:77:7:_nx_utility_string_length_check	8	static
/home/erhangok/Documents/GitHub/STM32U5_Cellular_Cloud/STM32CubeExpansion_Cloud_AZURE_V2.3.0/Middlewares/ST/netxduo/common/src/nx_utility.c:151:7:_nx_utility_string_to_uint	16	static
/home/erhangok/Documents/GitHub/STM32U5_Cellular_Cloud/STM32CubeExpansion_Cloud_AZURE_V2.3.0/Middlewares/ST/netxduo/common/src/nx_utility.c:249:6:_nx_utility_uint_to_string	32	static
/home/erhangok/Documents/GitHub/STM32U5_Cellular_Cloud/STM32CubeExpansion_Cloud_AZURE_V2.3.0/Middlewares/ST/netxduo/common/src/nx_utility.c:361:6:_nx_utility_base64_encode	32	static
/home/erhangok/Documents/GitHub/STM32U5_Cellular_Cloud/STM32CubeExpansion_Cloud_AZURE_V2.3.0/Middlewares/ST/netxduo/common/src/nx_utility.c:533:6:_nx_utility_base64_decode	28	static
