/home/erhangok/Documents/GitHub/STM32U5_Cellular_Cloud/STM32CubeExpansion_Cloud_AZURE_V2.3.0/Middlewares/Third_Party/trustedfirmware/secure_fw/partitions/crypto/crypto_key_derivation.c:138:14:tfm_crypto_key_derivation_setup	24	static
/home/erhangok/Documents/GitHub/STM32U5_Cellular_Cloud/STM32CubeExpansion_Cloud_AZURE_V2.3.0/Middlewares/Third_Party/trustedfirmware/secure_fw/partitions/crypto/crypto_key_derivation.c:185:14:tfm_crypto_key_derivation_get_capacity	24	static
/home/erhangok/Documents/GitHub/STM32U5_Cellular_Cloud/STM32CubeExpansion_Cloud_AZURE_V2.3.0/Middlewares/Third_Party/trustedfirmware/secure_fw/partitions/crypto/crypto_key_derivation.c:220:14:tfm_crypto_key_derivation_set_capacity	16	static
/home/erhangok/Documents/GitHub/STM32U5_Cellular_Cloud/STM32CubeExpansion_Cloud_AZURE_V2.3.0/Middlewares/Third_Party/trustedfirmware/secure_fw/partitions/crypto/crypto_key_derivation.c:253:14:tfm_crypto_key_derivation_input_bytes	32	static
/home/erhangok/Documents/GitHub/STM32U5_Cellular_Cloud/STM32CubeExpansion_Cloud_AZURE_V2.3.0/Middlewares/Third_Party/trustedfirmware/secure_fw/partitions/crypto/crypto_key_derivation.c:294:14:tfm_crypto_key_derivation_output_bytes	24	static
/home/erhangok/Documents/GitHub/STM32U5_Cellular_Cloud/STM32CubeExpansion_Cloud_AZURE_V2.3.0/Middlewares/Third_Party/trustedfirmware/secure_fw/partitions/crypto/crypto_key_derivation.c:328:14:tfm_crypto_key_derivation_input_key	32	static
/home/erhangok/Documents/GitHub/STM32U5_Cellular_Cloud/STM32CubeExpansion_Cloud_AZURE_V2.3.0/Middlewares/Third_Party/trustedfirmware/secure_fw/partitions/crypto/crypto_key_derivation.c:372:14:tfm_crypto_key_derivation_output_key	96	static
/home/erhangok/Documents/GitHub/STM32U5_Cellular_Cloud/STM32CubeExpansion_Cloud_AZURE_V2.3.0/Middlewares/Third_Party/trustedfirmware/secure_fw/partitions/crypto/crypto_key_derivation.c:442:14:tfm_crypto_key_derivation_abort	24	static
/home/erhangok/Documents/GitHub/STM32U5_Cellular_Cloud/STM32CubeExpansion_Cloud_AZURE_V2.3.0/Middlewares/Third_Party/trustedfirmware/secure_fw/partitions/crypto/crypto_key_derivation.c:495:14:tfm_crypto_key_derivation_key_agreement	48	static
/home/erhangok/Documents/GitHub/STM32U5_Cellular_Cloud/STM32CubeExpansion_Cloud_AZURE_V2.3.0/Middlewares/Third_Party/trustedfirmware/secure_fw/partitions/crypto/crypto_key_derivation.c:545:14:tfm_crypto_generate_random	4	static
/home/erhangok/Documents/GitHub/STM32U5_Cellular_Cloud/STM32CubeExpansion_Cloud_AZURE_V2.3.0/Middlewares/Third_Party/trustedfirmware/secure_fw/partitions/crypto/crypto_key_derivation.c:566:14:tfm_crypto_raw_key_agreement	64	static
