/home/erhangok/Documents/GitHub/STM32U5_Cellular_Cloud/STM32CubeExpansion_Cloud_AZURE_V2.3.0/Middlewares/Third_Party/trustedfirmware/secure_fw/partitions/internal_trusted_storage/flash_fs/its_flash_fs.c:441:21:its_flash_fs_delete_idx	80	static
/home/erhangok/Documents/GitHub/STM32U5_Cellular_Cloud/STM32CubeExpansion_Cloud_AZURE_V2.3.0/Middlewares/Third_Party/trustedfirmware/secure_fw/partitions/internal_trusted_storage/flash_fs/its_flash_fs.c:140:14:its_flash_fs_init_ctx	24	static
/home/erhangok/Documents/GitHub/STM32U5_Cellular_Cloud/STM32CubeExpansion_Cloud_AZURE_V2.3.0/Middlewares/Third_Party/trustedfirmware/secure_fw/partitions/internal_trusted_storage/flash_fs/its_flash_fs.c:166:14:its_flash_fs_prepare	24	static
/home/erhangok/Documents/GitHub/STM32U5_Cellular_Cloud/STM32CubeExpansion_Cloud_AZURE_V2.3.0/Middlewares/Third_Party/trustedfirmware/secure_fw/partitions/internal_trusted_storage/flash_fs/its_flash_fs.c:191:14:its_flash_fs_wipe_all	0	static
/home/erhangok/Documents/GitHub/STM32U5_Cellular_Cloud/STM32CubeExpansion_Cloud_AZURE_V2.3.0/Middlewares/Third_Party/trustedfirmware/secure_fw/partitions/internal_trusted_storage/flash_fs/its_flash_fs.c:197:14:its_flash_fs_file_exist	16	static
/home/erhangok/Documents/GitHub/STM32U5_Cellular_Cloud/STM32CubeExpansion_Cloud_AZURE_V2.3.0/Middlewares/Third_Party/trustedfirmware/secure_fw/partitions/internal_trusted_storage/flash_fs/its_flash_fs.c:211:14:its_flash_fs_file_get_info	56	static
/home/erhangok/Documents/GitHub/STM32U5_Cellular_Cloud/STM32CubeExpansion_Cloud_AZURE_V2.3.0/Middlewares/Third_Party/trustedfirmware/secure_fw/partitions/internal_trusted_storage/flash_fs/its_flash_fs.c:243:14:its_flash_fs_file_write	104	static
/home/erhangok/Documents/GitHub/STM32U5_Cellular_Cloud/STM32CubeExpansion_Cloud_AZURE_V2.3.0/Middlewares/Third_Party/trustedfirmware/secure_fw/partitions/internal_trusted_storage/flash_fs/its_flash_fs.c:553:14:its_flash_fs_file_delete	16	static
/home/erhangok/Documents/GitHub/STM32U5_Cellular_Cloud/STM32CubeExpansion_Cloud_AZURE_V2.3.0/Middlewares/Third_Party/trustedfirmware/secure_fw/partitions/internal_trusted_storage/flash_fs/its_flash_fs.c:568:14:its_flash_fs_file_read	72	static
