/home/erhangok/Documents/GitHub/STM32U5_Cellular_Cloud/STM32CubeExpansion_Cloud_AZURE_V2.3.0/Middlewares/Third_Party/trustedfirmware/secure_fw/partitions/internal_trusted_storage/flash/its_flash_nor.c:29:21:its_flash_nor_init	8	static
/home/erhangok/Documents/GitHub/STM32U5_Cellular_Cloud/STM32CubeExpansion_Cloud_AZURE_V2.3.0/Middlewares/Third_Party/trustedfirmware/secure_fw/partitions/internal_trusted_storage/flash/its_flash_nor.c:41:21:its_flash_nor_read	16	static
/home/erhangok/Documents/GitHub/STM32U5_Cellular_Cloud/STM32CubeExpansion_Cloud_AZURE_V2.3.0/Middlewares/Third_Party/trustedfirmware/secure_fw/partitions/internal_trusted_storage/flash/its_flash_nor.c:56:21:its_flash_nor_write	16	static
/home/erhangok/Documents/GitHub/STM32U5_Cellular_Cloud/STM32CubeExpansion_Cloud_AZURE_V2.3.0/Middlewares/Third_Party/trustedfirmware/secure_fw/partitions/internal_trusted_storage/flash/its_flash_nor.c:71:21:its_flash_nor_flush	0	static
/home/erhangok/Documents/GitHub/STM32U5_Cellular_Cloud/STM32CubeExpansion_Cloud_AZURE_V2.3.0/Middlewares/Third_Party/trustedfirmware/secure_fw/partitions/internal_trusted_storage/flash/its_flash_nor.c:80:21:its_flash_nor_erase	16	static
