/home/erhangok/Documents/GitHub/STM32U5_Cellular_Cloud/STM32CubeExpansion_Cloud_AZURE_V2.3.0/Middlewares/Third_Party/trustedfirmware/secure_fw/spm/ffm/spm_psa_client_call.c:23:10:tfm_spm_client_psa_framework_version	0	static
/home/erhangok/Documents/GitHub/STM32U5_Cellular_Cloud/STM32CubeExpansion_Cloud_AZURE_V2.3.0/Middlewares/Third_Party/trustedfirmware/secure_fw/spm/ffm/spm_psa_client_call.c:28:10:tfm_spm_client_psa_version	16	static
/home/erhangok/Documents/GitHub/STM32U5_Cellular_Cloud/STM32CubeExpansion_Cloud_AZURE_V2.3.0/Middlewares/Third_Party/trustedfirmware/secure_fw/spm/ffm/spm_psa_client_call.c:52:14:tfm_spm_client_psa_connect	48	static
/home/erhangok/Documents/GitHub/STM32U5_Cellular_Cloud/STM32CubeExpansion_Cloud_AZURE_V2.3.0/Middlewares/Third_Party/trustedfirmware/secure_fw/spm/ffm/spm_psa_client_call.c:126:14:tfm_spm_client_psa_call	144	static
/home/erhangok/Documents/GitHub/STM32U5_Cellular_Cloud/STM32CubeExpansion_Cloud_AZURE_V2.3.0/Middlewares/Third_Party/trustedfirmware/secure_fw/spm/ffm/spm_psa_client_call.c:302:6:tfm_spm_client_psa_close	56	static
