/home/erhangok/Downloads/en.x-cube-azure-v2-3-0/STM32CubeExpansion_Cloud_AZURE_V2.3.0/Middlewares/Third_Party/trustedfirmware/secure_fw/spm/cmsis_psa/spm_ipc.c:366:28:tfm_spm_get_partition_by_id	12	static
/home/erhangok/Downloads/en.x-cube-azure-v2-3-0/STM32CubeExpansion_Cloud_AZURE_V2.3.0/Middlewares/Third_Party/trustedfirmware/secure_fw/spm/cmsis_psa/spm_ipc.c:87:14:tfm_spm_to_user_handle	0	static
/home/erhangok/Downloads/en.x-cube-azure-v2-3-0/STM32CubeExpansion_Cloud_AZURE_V2.3.0/Middlewares/Third_Party/trustedfirmware/secure_fw/spm/cmsis_psa/spm_ipc.c:115:27:tfm_spm_to_handle_instance	0	static
/home/erhangok/Downloads/en.x-cube-azure-v2-3-0/STM32CubeExpansion_Cloud_AZURE_V2.3.0/Middlewares/Third_Party/trustedfirmware/secure_fw/spm/cmsis_psa/spm_ipc.c:131:27:tfm_spm_create_conn_handle	16	static
/home/erhangok/Downloads/en.x-cube-azure-v2-3-0/STM32CubeExpansion_Cloud_AZURE_V2.3.0/Middlewares/Third_Party/trustedfirmware/secure_fw/spm/cmsis_psa/spm_ipc.c:155:9:tfm_spm_validate_conn_handle	16	static
/home/erhangok/Downloads/en.x-cube-azure-v2-3-0/STM32CubeExpansion_Cloud_AZURE_V2.3.0/Middlewares/Third_Party/trustedfirmware/secure_fw/spm/cmsis_psa/spm_ipc.c:173:9:tfm_spm_free_conn_handle	8	static
/home/erhangok/Downloads/en.x-cube-azure-v2-3-0/STM32CubeExpansion_Cloud_AZURE_V2.3.0/Middlewares/Third_Party/trustedfirmware/secure_fw/spm/cmsis_psa/spm_ipc.c:190:9:tfm_spm_set_rhandle	0	static
/home/erhangok/Downloads/en.x-cube-azure-v2-3-0/STM32CubeExpansion_Cloud_AZURE_V2.3.0/Middlewares/Third_Party/trustedfirmware/secure_fw/spm/cmsis_psa/spm_ipc.c:227:24:tfm_spm_get_msg_by_signal	16	static
/home/erhangok/Downloads/en.x-cube-azure-v2-3-0/STM32CubeExpansion_Cloud_AZURE_V2.3.0/Middlewares/Third_Party/trustedfirmware/secure_fw/spm/cmsis_psa/spm_ipc.c:326:10:tfm_spm_partition_get_privileged_mode	0	static
/home/erhangok/Downloads/en.x-cube-azure-v2-3-0/STM32CubeExpansion_Cloud_AZURE_V2.3.0/Middlewares/Third_Party/trustedfirmware/secure_fw/spm/cmsis_psa/spm_ipc.c:335:6:tfm_is_partition_privileged	0	static
/home/erhangok/Downloads/en.x-cube-azure-v2-3-0/STM32CubeExpansion_Cloud_AZURE_V2.3.0/Middlewares/Third_Party/trustedfirmware/secure_fw/spm/cmsis_psa/spm_ipc.c:343:27:tfm_spm_get_service_by_sid	12	static
/home/erhangok/Downloads/en.x-cube-azure-v2-3-0/STM32CubeExpansion_Cloud_AZURE_V2.3.0/Middlewares/Third_Party/trustedfirmware/secure_fw/spm/cmsis_psa/spm_ipc.c:376:21:tfm_spm_get_running_partition	8	static
/home/erhangok/Downloads/en.x-cube-azure-v2-3-0/STM32CubeExpansion_Cloud_AZURE_V2.3.0/Middlewares/Third_Party/trustedfirmware/secure_fw/spm/cmsis_psa/spm_ipc.c:386:9:tfm_spm_check_client_version	0	static
/home/erhangok/Downloads/en.x-cube-azure-v2-3-0/STM32CubeExpansion_Cloud_AZURE_V2.3.0/Middlewares/Third_Party/trustedfirmware/secure_fw/spm/cmsis_psa/spm_ipc.c:408:9:tfm_spm_check_authorization	16	static
/home/erhangok/Downloads/en.x-cube-azure-v2-3-0/STM32CubeExpansion_Cloud_AZURE_V2.3.0/Middlewares/Third_Party/trustedfirmware/secure_fw/spm/cmsis_psa/spm_ipc.c:483:2:tfm_spm_get_msg_buffer_from_conn_handle	0	static
/home/erhangok/Downloads/en.x-cube-azure-v2-3-0/STM32CubeExpansion_Cloud_AZURE_V2.3.0/Middlewares/Third_Party/trustedfirmware/secure_fw/spm/cmsis_psa/spm_ipc.c:490:6:tfm_spm_fill_msg	32	static
/home/erhangok/Downloads/en.x-cube-azure-v2-3-0/STM32CubeExpansion_Cloud_AZURE_V2.3.0/Middlewares/Third_Party/trustedfirmware/secure_fw/spm/cmsis_psa/spm_ipc.c:548:6:tfm_spm_send_event	16	static
/home/erhangok/Downloads/en.x-cube-azure-v2-3-0/STM32CubeExpansion_Cloud_AZURE_V2.3.0/Middlewares/Third_Party/trustedfirmware/secure_fw/spm/cmsis_psa/spm_ipc.c:583:10:tfm_spm_partition_get_running_partition_id	8	static
/home/erhangok/Downloads/en.x-cube-azure-v2-3-0/STM32CubeExpansion_Cloud_AZURE_V2.3.0/Middlewares/Third_Party/trustedfirmware/secure_fw/spm/cmsis_psa/spm_ipc.c:442:24:tfm_spm_get_msg_from_handle	8	static
/home/erhangok/Downloads/en.x-cube-azure-v2-3-0/STM32CubeExpansion_Cloud_AZURE_V2.3.0/Middlewares/Third_Party/trustedfirmware/secure_fw/spm/cmsis_psa/spm_ipc.c:595:9:tfm_memory_check	152	static,ignoring_inline_asm
/home/erhangok/Downloads/en.x-cube-azure-v2-3-0/STM32CubeExpansion_Cloud_AZURE_V2.3.0/Middlewares/Third_Party/trustedfirmware/secure_fw/spm/cmsis_psa/spm_ipc.c:649:10:tfm_spm_init	184	static,ignoring_inline_asm
/home/erhangok/Downloads/en.x-cube-azure-v2-3-0/STM32CubeExpansion_Cloud_AZURE_V2.3.0/Middlewares/Third_Party/trustedfirmware/secure_fw/spm/cmsis_psa/spm_ipc.c:796:6:tfm_pendsv_do_schedule	16	static,ignoring_inline_asm
/home/erhangok/Downloads/en.x-cube-azure-v2-3-0/STM32CubeExpansion_Cloud_AZURE_V2.3.0/Middlewares/Third_Party/trustedfirmware/secure_fw/spm/cmsis_psa/spm_ipc.c:858:6:update_caller_outvec_len	12	static
/home/erhangok/Downloads/en.x-cube-azure-v2-3-0/STM32CubeExpansion_Cloud_AZURE_V2.3.0/Middlewares/Third_Party/trustedfirmware/secure_fw/spm/cmsis_psa/spm_ipc.c:882:6:notify_with_signal	16	static
/home/erhangok/Downloads/en.x-cube-azure-v2-3-0/STM32CubeExpansion_Cloud_AZURE_V2.3.0/Middlewares/Third_Party/trustedfirmware/secure_fw/spm/cmsis_psa/spm_ipc.c:924:6:tfm_set_irq_signal	16	static,ignoring_inline_asm
../g/secure_fw/spm/cmsis_psa/tfm_secure_irq_handlers_ipc.inc:94:6:TAMP_IRQHandler	0	static
../g/secure_fw/spm/cmsis_psa/tfm_secure_irq_handlers_ipc.inc:99:6:GTZC_IRQHandler	0	static
/home/erhangok/Downloads/en.x-cube-azure-v2-3-0/STM32CubeExpansion_Cloud_AZURE_V2.3.0/Middlewares/Third_Party/trustedfirmware/secure_fw/spm/cmsis_psa/spm_ipc.c:935:9:get_irq_line_for_signal	0	static
/home/erhangok/Downloads/en.x-cube-azure-v2-3-0/STM32CubeExpansion_Cloud_AZURE_V2.3.0/Middlewares/Third_Party/trustedfirmware/secure_fw/spm/cmsis_psa/spm_ipc.c:954:6:tfm_spm_validate_caller	16	static
/home/erhangok/Downloads/en.x-cube-azure-v2-3-0/STM32CubeExpansion_Cloud_AZURE_V2.3.0/Middlewares/Third_Party/trustedfirmware/secure_fw/spm/cmsis_psa/spm_ipc.c:996:6:tfm_spm_request_handler	16	static
