/home/erhangok/Documents/GitHub/STM32U5_Cellular_Cloud/STM32CubeExpansion_Cloud_AZURE_V2.3.0/Middlewares/Third_Party/trustedfirmware/lib/ext/t_cose/crypto_adapters/t_cose_psa_crypto.c:96:26:psa_status_to_t_cose_error_signing	0	static
/home/erhangok/Documents/GitHub/STM32U5_Cellular_Cloud/STM32CubeExpansion_Cloud_AZURE_V2.3.0/Middlewares/Third_Party/trustedfirmware/lib/ext/t_cose/crypto_adapters/t_cose_psa_crypto.c:444:1:psa_status_to_t_cose_error_hmac	0	static
/home/erhangok/Documents/GitHub/STM32U5_Cellular_Cloud/STM32CubeExpansion_Cloud_AZURE_V2.3.0/Middlewares/Third_Party/trustedfirmware/lib/ext/t_cose/crypto_adapters/t_cose_psa_crypto.c:112:1:t_cose_crypto_pub_key_verify	16	static
/home/erhangok/Documents/GitHub/STM32U5_Cellular_Cloud/STM32CubeExpansion_Cloud_AZURE_V2.3.0/Middlewares/Third_Party/trustedfirmware/lib/ext/t_cose/crypto_adapters/t_cose_psa_crypto.c:165:1:t_cose_crypto_pub_key_sign	40	static
/home/erhangok/Documents/GitHub/STM32U5_Cellular_Cloud/STM32CubeExpansion_Cloud_AZURE_V2.3.0/Middlewares/Third_Party/trustedfirmware/lib/ext/t_cose/crypto_adapters/t_cose_psa_crypto.c:223:19:t_cose_crypto_sig_size	32	static
/home/erhangok/Documents/GitHub/STM32U5_Cellular_Cloud/STM32CubeExpansion_Cloud_AZURE_V2.3.0/Middlewares/Third_Party/trustedfirmware/lib/ext/t_cose/crypto_adapters/t_cose_psa_crypto.c:342:19:t_cose_crypto_hash_start	8	static
/home/erhangok/Documents/GitHub/STM32U5_Cellular_Cloud/STM32CubeExpansion_Cloud_AZURE_V2.3.0/Middlewares/Third_Party/trustedfirmware/lib/ext/t_cose/crypto_adapters/t_cose_psa_crypto.c:364:6:t_cose_crypto_hash_update	16	static
/home/erhangok/Documents/GitHub/STM32U5_Cellular_Cloud/STM32CubeExpansion_Cloud_AZURE_V2.3.0/Middlewares/Third_Party/trustedfirmware/lib/ext/t_cose/crypto_adapters/t_cose_psa_crypto.c:391:1:t_cose_crypto_hash_finish	24	static
/home/erhangok/Documents/GitHub/STM32U5_Cellular_Cloud/STM32CubeExpansion_Cloud_AZURE_V2.3.0/Middlewares/Third_Party/trustedfirmware/lib/ext/t_cose/crypto_adapters/t_cose_psa_crypto.c:462:1:t_cose_crypto_hmac_sign_setup	8	static
/home/erhangok/Documents/GitHub/STM32U5_Cellular_Cloud/STM32CubeExpansion_Cloud_AZURE_V2.3.0/Middlewares/Third_Party/trustedfirmware/lib/ext/t_cose/crypto_adapters/t_cose_psa_crypto.c:503:1:t_cose_crypto_hmac_update	16	static
/home/erhangok/Documents/GitHub/STM32U5_Cellular_Cloud/STM32CubeExpansion_Cloud_AZURE_V2.3.0/Middlewares/Third_Party/trustedfirmware/lib/ext/t_cose/crypto_adapters/t_cose_psa_crypto.c:522:1:t_cose_crypto_hmac_sign_finish	24	static
/home/erhangok/Documents/GitHub/STM32U5_Cellular_Cloud/STM32CubeExpansion_Cloud_AZURE_V2.3.0/Middlewares/Third_Party/trustedfirmware/lib/ext/t_cose/crypto_adapters/t_cose_psa_crypto.c:546:1:t_cose_crypto_hmac_verify_setup	8	static
/home/erhangok/Documents/GitHub/STM32U5_Cellular_Cloud/STM32CubeExpansion_Cloud_AZURE_V2.3.0/Middlewares/Third_Party/trustedfirmware/lib/ext/t_cose/crypto_adapters/t_cose_psa_crypto.c:587:1:t_cose_crypto_hmac_verify_finish	16	static
