/home/erhangok/Downloads/en.x-cube-azure-v2-3-0/STM32CubeExpansion_Cloud_AZURE_V2.3.0/Middlewares/Third_Party/trustedfirmware/secure_fw/partitions/firmware_update/bootloader/mcuboot/tfm_mcuboot_fwu.c:119:13:get_flash_image_index	0	static
/home/erhangok/Downloads/en.x-cube-azure-v2-3-0/STM32CubeExpansion_Cloud_AZURE_V2.3.0/Middlewares/Third_Party/trustedfirmware/secure_fw/partitions/firmware_update/bootloader/mcuboot/tfm_mcuboot_fwu.c:349:21:util_img_hash.constprop	4136	static
/home/erhangok/Downloads/en.x-cube-azure-v2-3-0/STM32CubeExpansion_Cloud_AZURE_V2.3.0/Middlewares/Third_Party/trustedfirmware/secure_fw/partitions/firmware_update/bootloader/mcuboot/tfm_mcuboot_fwu.c:53:12:convert_id_from_bl_to_mcuboot.constprop	8	static
/home/erhangok/Downloads/en.x-cube-azure-v2-3-0/STM32CubeExpansion_Cloud_AZURE_V2.3.0/Middlewares/Third_Party/trustedfirmware/secure_fw/partitions/firmware_update/bootloader/mcuboot/tfm_mcuboot_fwu.c:148:14:fwu_bootloader_init	8	static
/home/erhangok/Downloads/en.x-cube-azure-v2-3-0/STM32CubeExpansion_Cloud_AZURE_V2.3.0/Middlewares/Third_Party/trustedfirmware/secure_fw/partitions/firmware_update/bootloader/mcuboot/tfm_mcuboot_fwu.c:157:14:fwu_bootloader_staging_area_init	24	static
/home/erhangok/Downloads/en.x-cube-azure-v2-3-0/STM32CubeExpansion_Cloud_AZURE_V2.3.0/Middlewares/Third_Party/trustedfirmware/secure_fw/partitions/firmware_update/bootloader/mcuboot/tfm_mcuboot_fwu.c:193:14:fwu_bootloader_load_image	32	static
/home/erhangok/Downloads/en.x-cube-azure-v2-3-0/STM32CubeExpansion_Cloud_AZURE_V2.3.0/Middlewares/Third_Party/trustedfirmware/secure_fw/partitions/firmware_update/bootloader/mcuboot/tfm_mcuboot_fwu.c:249:14:fwu_bootloader_install_image	16	static
/home/erhangok/Downloads/en.x-cube-azure-v2-3-0/STM32CubeExpansion_Cloud_AZURE_V2.3.0/Middlewares/Third_Party/trustedfirmware/secure_fw/partitions/firmware_update/bootloader/mcuboot/tfm_mcuboot_fwu.c:305:14:fwu_bootloader_mark_image_accepted	8	static
/home/erhangok/Downloads/en.x-cube-azure-v2-3-0/STM32CubeExpansion_Cloud_AZURE_V2.3.0/Middlewares/Third_Party/trustedfirmware/secure_fw/partitions/firmware_update/bootloader/mcuboot/tfm_mcuboot_fwu.c:323:14:fwu_bootloader_abort	32	static
/home/erhangok/Downloads/en.x-cube-azure-v2-3-0/STM32CubeExpansion_Cloud_AZURE_V2.3.0/Middlewares/Third_Party/trustedfirmware/secure_fw/partitions/firmware_update/bootloader/mcuboot/tfm_mcuboot_fwu.c:465:14:fwu_bootloader_get_image_info	120	static
