/home/erhangok/Downloads/en.x-cube-azure-v2-3-0/STM32CubeExpansion_Cloud_AZURE_V2.3.0/Middlewares/Third_Party/trustedfirmware/secure_fw/partitions/initial_attestation/tfm_attest_req_mngr.c:101:21:tfm_attest_get_public_key	136	static
/home/erhangok/Downloads/en.x-cube-azure-v2-3-0/STM32CubeExpansion_Cloud_AZURE_V2.3.0/Middlewares/Third_Party/trustedfirmware/secure_fw/partitions/initial_attestation/tfm_attest_req_mngr.c:65:21:psa_attest_get_token_size	40	static
/home/erhangok/Downloads/en.x-cube-azure-v2-3-0/STM32CubeExpansion_Cloud_AZURE_V2.3.0/Middlewares/Third_Party/trustedfirmware/secure_fw/partitions/initial_attestation/tfm_attest_req_mngr.c:26:21:psa_attest_get_token	688	static
/home/erhangok/Downloads/en.x-cube-azure-v2-3-0/STM32CubeExpansion_Cloud_AZURE_V2.3.0/Middlewares/Third_Party/trustedfirmware/secure_fw/partitions/initial_attestation/tfm_attest_req_mngr.c:148:13:attest_signal_handle	56	static
/home/erhangok/Downloads/en.x-cube-azure-v2-3-0/STM32CubeExpansion_Cloud_AZURE_V2.3.0/Middlewares/Third_Party/trustedfirmware/secure_fw/partitions/initial_attestation/tfm_attest_req_mngr.c:171:14:attest_partition_init	16	static
