/home/erhangok/Documents/GitHub/STM32U5_Cellular_Cloud/STM32CubeExpansion_Cloud_AZURE_V2.3.0/Middlewares/Third_Party/trustedfirmware/secure_fw/spm/cmsis_psa/tfm_psa_api_veneers.c:33:10:tfm_psa_framework_version_veneer	0	static,ignoring_inline_asm
/home/erhangok/Documents/GitHub/STM32U5_Cellular_Cloud/STM32CubeExpansion_Cloud_AZURE_V2.3.0/Middlewares/Third_Party/trustedfirmware/secure_fw/spm/cmsis_psa/tfm_psa_api_veneers.c:41:10:tfm_psa_version_veneer	0	static,ignoring_inline_asm
/home/erhangok/Documents/GitHub/STM32U5_Cellular_Cloud/STM32CubeExpansion_Cloud_AZURE_V2.3.0/Middlewares/Third_Party/trustedfirmware/secure_fw/spm/cmsis_psa/tfm_psa_api_veneers.c:49:14:tfm_psa_connect_veneer	0	static,ignoring_inline_asm
/home/erhangok/Documents/GitHub/STM32U5_Cellular_Cloud/STM32CubeExpansion_Cloud_AZURE_V2.3.0/Middlewares/Third_Party/trustedfirmware/secure_fw/spm/cmsis_psa/tfm_psa_api_veneers.c:57:14:tfm_psa_call_veneer	0	static,ignoring_inline_asm
/home/erhangok/Documents/GitHub/STM32U5_Cellular_Cloud/STM32CubeExpansion_Cloud_AZURE_V2.3.0/Middlewares/Third_Party/trustedfirmware/secure_fw/spm/cmsis_psa/tfm_psa_api_veneers.c:68:6:tfm_psa_close_veneer	0	static,ignoring_inline_asm
