/home/erhangok/Documents/GitHub/STM32U5_Cellular_Cloud/STM32CubeExpansion_Cloud_AZURE_V2.3.0/Middlewares/Third_Party/trustedfirmware/secure_fw/partitions/firmware_update/tfm_fwu.c:15:14:tfm_internal_fwu_initialize	8	static
/home/erhangok/Documents/GitHub/STM32U5_Cellular_Cloud/STM32CubeExpansion_Cloud_AZURE_V2.3.0/Middlewares/Third_Party/trustedfirmware/secure_fw/partitions/firmware_update/tfm_fwu.c:29:14:tfm_internal_fwu_write	4	static
/home/erhangok/Documents/GitHub/STM32U5_Cellular_Cloud/STM32CubeExpansion_Cloud_AZURE_V2.3.0/Middlewares/Third_Party/trustedfirmware/secure_fw/partitions/firmware_update/tfm_fwu.c:47:14:tfm_internal_fwu_install	32	static
/home/erhangok/Documents/GitHub/STM32U5_Cellular_Cloud/STM32CubeExpansion_Cloud_AZURE_V2.3.0/Middlewares/Third_Party/trustedfirmware/secure_fw/partitions/firmware_update/tfm_fwu.c:80:14:tfm_internal_fwu_abort	0	static
/home/erhangok/Documents/GitHub/STM32U5_Cellular_Cloud/STM32CubeExpansion_Cloud_AZURE_V2.3.0/Middlewares/Third_Party/trustedfirmware/secure_fw/partitions/firmware_update/tfm_fwu.c:93:14:tfm_internal_fwu_query	8	static
/home/erhangok/Documents/GitHub/STM32U5_Cellular_Cloud/STM32CubeExpansion_Cloud_AZURE_V2.3.0/Middlewares/Third_Party/trustedfirmware/secure_fw/partitions/firmware_update/tfm_fwu.c:112:6:tfm_internal_fwu_request_reboot	0	static
/home/erhangok/Documents/GitHub/STM32U5_Cellular_Cloud/STM32CubeExpansion_Cloud_AZURE_V2.3.0/Middlewares/Third_Party/trustedfirmware/secure_fw/partitions/firmware_update/tfm_fwu.c:117:14:tfm_internal_fwu_accept	0	static
