/home/erhangok/Downloads/en.x-cube-azure-v2-3-0/STM32CubeExpansion_Cloud_AZURE_V2.3.0/Middlewares/Third_Party/trustedfirmware/secure_fw/spm/cmsis_psa/arch/tfm_arch_v8m_main.c:56:29:PendSV_Handler	0	static,ignoring_inline_asm
/home/erhangok/Downloads/en.x-cube-azure-v2-3-0/STM32CubeExpansion_Cloud_AZURE_V2.3.0/Middlewares/Third_Party/trustedfirmware/secure_fw/spm/cmsis_psa/arch/tfm_arch_v8m_main.c:73:6:tfm_arch_init_actx	0	static
/home/erhangok/Downloads/en.x-cube-azure-v2-3-0/STM32CubeExpansion_Cloud_AZURE_V2.3.0/Middlewares/Third_Party/trustedfirmware/secure_fw/spm/cmsis_psa/arch/tfm_arch_v8m_main.c:84:29:SecureFault_Handler	0	static,ignoring_inline_asm
/home/erhangok/Downloads/en.x-cube-azure-v2-3-0/STM32CubeExpansion_Cloud_AZURE_V2.3.0/Middlewares/Third_Party/trustedfirmware/secure_fw/spm/cmsis_psa/arch/tfm_arch_v8m_main.c:101:29:SVC_Handler	0	static,ignoring_inline_asm
/home/erhangok/Downloads/en.x-cube-azure-v2-3-0/STM32CubeExpansion_Cloud_AZURE_V2.3.0/Middlewares/Third_Party/trustedfirmware/secure_fw/spm/cmsis_psa/arch/tfm_arch_v8m_main.c:113:29:HardFault_Handler	0	static,ignoring_inline_asm
/home/erhangok/Downloads/en.x-cube-azure-v2-3-0/STM32CubeExpansion_Cloud_AZURE_V2.3.0/Middlewares/Third_Party/trustedfirmware/secure_fw/spm/cmsis_psa/arch/tfm_arch_v8m_main.c:125:29:MemManage_Handler	0	static,ignoring_inline_asm
/home/erhangok/Downloads/en.x-cube-azure-v2-3-0/STM32CubeExpansion_Cloud_AZURE_V2.3.0/Middlewares/Third_Party/trustedfirmware/secure_fw/spm/cmsis_psa/arch/tfm_arch_v8m_main.c:137:29:BusFault_Handler	0	static,ignoring_inline_asm
/home/erhangok/Downloads/en.x-cube-azure-v2-3-0/STM32CubeExpansion_Cloud_AZURE_V2.3.0/Middlewares/Third_Party/trustedfirmware/secure_fw/spm/cmsis_psa/arch/tfm_arch_v8m_main.c:149:29:UsageFault_Handler	0	static,ignoring_inline_asm
/home/erhangok/Downloads/en.x-cube-azure-v2-3-0/STM32CubeExpansion_Cloud_AZURE_V2.3.0/Middlewares/Third_Party/trustedfirmware/secure_fw/spm/cmsis_psa/arch/tfm_arch_v8m_main.c:155:6:tfm_arch_set_secure_exception_priorities	0	static
/home/erhangok/Downloads/en.x-cube-azure-v2-3-0/STM32CubeExpansion_Cloud_AZURE_V2.3.0/Middlewares/Third_Party/trustedfirmware/secure_fw/spm/cmsis_psa/arch/tfm_arch_v8m_main.c:198:6:tfm_arch_config_extensions	0	static
/home/erhangok/Downloads/en.x-cube-azure-v2-3-0/STM32CubeExpansion_Cloud_AZURE_V2.3.0/Middlewares/Third_Party/trustedfirmware/secure_fw/spm/cmsis_psa/arch/tfm_arch_v8m_main.c:231:39:tfm_arch_clear_fp_status	0	static,ignoring_inline_asm
