/home/erhangok/Downloads/en.x-cube-azure-v2-3-0/STM32CubeExpansion_Cloud_AZURE_V2.3.0/Middlewares/Third_Party/trustedfirmware/secure_fw/partitions/protected_storage/tfm_ps_secure_api.c:16:14:psa_ps_set	56	static
/home/erhangok/Downloads/en.x-cube-azure-v2-3-0/STM32CubeExpansion_Cloud_AZURE_V2.3.0/Middlewares/Third_Party/trustedfirmware/secure_fw/partitions/protected_storage/tfm_ps_secure_api.c:59:14:psa_ps_get	64	static
/home/erhangok/Downloads/en.x-cube-azure-v2-3-0/STM32CubeExpansion_Cloud_AZURE_V2.3.0/Middlewares/Third_Party/trustedfirmware/secure_fw/partitions/protected_storage/tfm_ps_secure_api.c:110:14:psa_ps_get_info	48	static
/home/erhangok/Downloads/en.x-cube-azure-v2-3-0/STM32CubeExpansion_Cloud_AZURE_V2.3.0/Middlewares/Third_Party/trustedfirmware/secure_fw/partitions/protected_storage/tfm_ps_secure_api.c:148:14:psa_ps_remove	40	static
/home/erhangok/Downloads/en.x-cube-azure-v2-3-0/STM32CubeExpansion_Cloud_AZURE_V2.3.0/Middlewares/Third_Party/trustedfirmware/secure_fw/partitions/protected_storage/tfm_ps_secure_api.c:181:14:psa_ps_create	0	static
/home/erhangok/Downloads/en.x-cube-azure-v2-3-0/STM32CubeExpansion_Cloud_AZURE_V2.3.0/Middlewares/Third_Party/trustedfirmware/secure_fw/partitions/protected_storage/tfm_ps_secure_api.c:191:14:psa_ps_set_extended	0	static
/home/erhangok/Downloads/en.x-cube-azure-v2-3-0/STM32CubeExpansion_Cloud_AZURE_V2.3.0/Middlewares/Third_Party/trustedfirmware/secure_fw/partitions/protected_storage/tfm_ps_secure_api.c:202:10:psa_ps_get_support	40	static
