/home/erhangok/Documents/GitHub/STM32U5_Cellular_Cloud/STM32CubeExpansion_Cloud_AZURE_V2.3.0/Middlewares/Third_Party/trustedfirmware/platform/ext/common/uart_stdout.c:36:5:stdio_output_string	24	static
/home/erhangok/Documents/GitHub/STM32U5_Cellular_Cloud/STM32CubeExpansion_Cloud_AZURE_V2.3.0/Middlewares/Third_Party/trustedfirmware/platform/ext/common/uart_stdout.c:69:5:_write	0	static
/home/erhangok/Documents/GitHub/STM32U5_Cellular_Cloud/STM32CubeExpansion_Cloud_AZURE_V2.3.0/Middlewares/Third_Party/trustedfirmware/platform/ext/common/uart_stdout.c:91:6:stdio_init	8	static
/home/erhangok/Documents/GitHub/STM32U5_Cellular_Cloud/STM32CubeExpansion_Cloud_AZURE_V2.3.0/Middlewares/Third_Party/trustedfirmware/platform/ext/common/uart_stdout.c:108:6:stdio_uninit	8	static
