/home/erhangok/Documents/GitHub/STM32U5_Cellular_Cloud/STM32CubeExpansion_Cloud_AZURE_V2.3.0/Drivers/BSP/Components/iis2mdc/iis2mdc.c:210:9:IIS2MDC_GetCapabilities	0	static
/home/erhangok/Documents/GitHub/STM32U5_Cellular_Cloud/STM32CubeExpansion_Cloud_AZURE_V2.3.0/Drivers/BSP/Components/iis2mdc/iis2mdc.c:282:9:IIS2MDC_MAG_GetSensitivity	0	static
/home/erhangok/Documents/GitHub/STM32U5_Cellular_Cloud/STM32CubeExpansion_Cloud_AZURE_V2.3.0/Drivers/BSP/Components/iis2mdc/iis2mdc.c:363:9:IIS2MDC_MAG_GetFullScale	0	static
/home/erhangok/Documents/GitHub/STM32U5_Cellular_Cloud/STM32CubeExpansion_Cloud_AZURE_V2.3.0/Drivers/BSP/Components/iis2mdc/iis2mdc.c:377:9:IIS2MDC_MAG_SetFullScale	0	static
/home/erhangok/Documents/GitHub/STM32U5_Cellular_Cloud/STM32CubeExpansion_Cloud_AZURE_V2.3.0/Drivers/BSP/Components/iis2mdc/iis2mdc.c:233:9:IIS2MDC_MAG_Enable	8	static
/home/erhangok/Documents/GitHub/STM32U5_Cellular_Cloud/STM32CubeExpansion_Cloud_AZURE_V2.3.0/Drivers/BSP/Components/iis2mdc/iis2mdc.c:257:9:IIS2MDC_MAG_Disable	8	static
/home/erhangok/Documents/GitHub/STM32U5_Cellular_Cloud/STM32CubeExpansion_Cloud_AZURE_V2.3.0/Drivers/BSP/Components/iis2mdc/iis2mdc.c:175:9:IIS2MDC_DeInit	8	static
/home/erhangok/Documents/GitHub/STM32U5_Cellular_Cloud/STM32CubeExpansion_Cloud_AZURE_V2.3.0/Drivers/BSP/Components/iis2mdc/iis2mdc.c:339:9:IIS2MDC_MAG_SetOutputDataRate	8	static
/home/erhangok/Documents/GitHub/STM32U5_Cellular_Cloud/STM32CubeExpansion_Cloud_AZURE_V2.3.0/Drivers/BSP/Components/iis2mdc/iis2mdc.c:139:9:IIS2MDC_Init	16	static
/home/erhangok/Documents/GitHub/STM32U5_Cellular_Cloud/STM32CubeExpansion_Cloud_AZURE_V2.3.0/Drivers/BSP/Components/iis2mdc/iis2mdc.c:194:9:IIS2MDC_ReadID	8	static
/home/erhangok/Documents/GitHub/STM32U5_Cellular_Cloud/STM32CubeExpansion_Cloud_AZURE_V2.3.0/Drivers/BSP/Components/iis2mdc/iis2mdc.c:296:9:IIS2MDC_MAG_GetOutputDataRate	16	static
/home/erhangok/Documents/GitHub/STM32U5_Cellular_Cloud/STM32CubeExpansion_Cloud_AZURE_V2.3.0/Drivers/BSP/Components/iis2mdc/iis2mdc.c:390:9:IIS2MDC_MAG_GetAxesRaw	16	static
/home/erhangok/Documents/GitHub/STM32U5_Cellular_Cloud/STM32CubeExpansion_Cloud_AZURE_V2.3.0/Drivers/BSP/Components/iis2mdc/iis2mdc.c:414:9:IIS2MDC_MAG_GetAxes	16	static
/home/erhangok/Documents/GitHub/STM32U5_Cellular_Cloud/STM32CubeExpansion_Cloud_AZURE_V2.3.0/Drivers/BSP/Components/iis2mdc/iis2mdc.c:520:16:ReadMagRegWrap	8	static
/home/erhangok/Documents/GitHub/STM32U5_Cellular_Cloud/STM32CubeExpansion_Cloud_AZURE_V2.3.0/Drivers/BSP/Components/iis2mdc/iis2mdc.c:544:16:WriteMagRegWrap	8	static
/home/erhangok/Documents/GitHub/STM32U5_Cellular_Cloud/STM32CubeExpansion_Cloud_AZURE_V2.3.0/Drivers/BSP/Components/iis2mdc/iis2mdc.c:83:9:IIS2MDC_RegisterBusIO	8	static
/home/erhangok/Documents/GitHub/STM32U5_Cellular_Cloud/STM32CubeExpansion_Cloud_AZURE_V2.3.0/Drivers/BSP/Components/iis2mdc/iis2mdc.c:443:9:IIS2MDC_Read_Reg	8	static
/home/erhangok/Documents/GitHub/STM32U5_Cellular_Cloud/STM32CubeExpansion_Cloud_AZURE_V2.3.0/Drivers/BSP/Components/iis2mdc/iis2mdc.c:460:9:IIS2MDC_Write_Reg	16	static
/home/erhangok/Documents/GitHub/STM32U5_Cellular_Cloud/STM32CubeExpansion_Cloud_AZURE_V2.3.0/Drivers/BSP/Components/iis2mdc/iis2mdc.c:476:9:IIS2MDC_MAG_Get_DRDY_Status	8	static
/home/erhangok/Documents/GitHub/STM32U5_Cellular_Cloud/STM32CubeExpansion_Cloud_AZURE_V2.3.0/Drivers/BSP/Components/iis2mdc/iis2mdc.c:492:9:IIS2MDC_MAG_Get_Init_Status	0	static
