/home/erhangok/Documents/GitHub/STM32U5_Cellular_Cloud/STM32CubeExpansion_Cloud_AZURE_V2.3.0/Middlewares/ST/netxduo/addons/azure_iot/azure-sdk-for-c/sdk/src/azure/iot/az_iot_provisioning_client.c:49:49:az_iot_provisioning_client_options_default	0	static
/home/erhangok/Documents/GitHub/STM32U5_Cellular_Cloud/STM32CubeExpansion_Cloud_AZURE_V2.3.0/Middlewares/ST/netxduo/addons/azure_iot/azure-sdk-for-c/sdk/src/azure/iot/az_iot_provisioning_client.c:54:24:az_iot_provisioning_client_init	24	static
/home/erhangok/Documents/GitHub/STM32U5_Cellular_Cloud/STM32CubeExpansion_Cloud_AZURE_V2.3.0/Middlewares/ST/netxduo/addons/azure_iot/azure-sdk-for-c/sdk/src/azure/iot/az_iot_provisioning_client.c:77:24:az_iot_provisioning_client_get_user_name	96	static
/home/erhangok/Documents/GitHub/STM32U5_Cellular_Cloud/STM32CubeExpansion_Cloud_AZURE_V2.3.0/Middlewares/ST/netxduo/addons/azure_iot/azure-sdk-for-c/sdk/src/azure/iot/az_iot_provisioning_client.c:130:24:az_iot_provisioning_client_get_client_id	56	static
/home/erhangok/Documents/GitHub/STM32U5_Cellular_Cloud/STM32CubeExpansion_Cloud_AZURE_V2.3.0/Middlewares/ST/netxduo/addons/azure_iot/azure-sdk-for-c/sdk/src/azure/iot/az_iot_provisioning_client.c:160:24:az_iot_provisioning_client_register_get_publish_topic	72	static
/home/erhangok/Documents/GitHub/STM32U5_Cellular_Cloud/STM32CubeExpansion_Cloud_AZURE_V2.3.0/Middlewares/ST/netxduo/addons/azure_iot/azure-sdk-for-c/sdk/src/azure/iot/az_iot_provisioning_client.c:194:24:az_iot_provisioning_client_query_status_get_publish_topic	88	static
/home/erhangok/Documents/GitHub/STM32U5_Cellular_Cloud/STM32CubeExpansion_Cloud_AZURE_V2.3.0/Middlewares/ST/netxduo/addons/azure_iot/azure-sdk-for-c/sdk/src/azure/iot/az_iot_provisioning_client.c:516:24:az_iot_provisioning_client_parse_received_topic_and_payload	304	static
/home/erhangok/Documents/GitHub/STM32U5_Cellular_Cloud/STM32CubeExpansion_Cloud_AZURE_V2.3.0/Middlewares/ST/netxduo/addons/azure_iot/azure-sdk-for-c/sdk/src/azure/iot/az_iot_provisioning_client.c:567:24:az_iot_provisioning_client_get_request_payload	120	static
