/home/erhangok/Documents/GitHub/STM32U5_Cellular_Cloud/STM32CubeExpansion_Cloud_AZURE_V2.3.0/Middlewares/ST/netxduo/addons/azure_iot/nx_azure_iot_provisioning_client.c:259:13:nx_azure_iot_provisioning_client_update_state	24	static
/home/erhangok/Documents/GitHub/STM32U5_Cellular_Cloud/STM32CubeExpansion_Cloud_AZURE_V2.3.0/Middlewares/ST/netxduo/addons/azure_iot/nx_azure_iot_provisioning_client.c:106:13:nx_azure_iot_provisioning_client_mqtt_disconnect_notify	8	static
/home/erhangok/Documents/GitHub/STM32U5_Cellular_Cloud/STM32CubeExpansion_Cloud_AZURE_V2.3.0/Middlewares/ST/netxduo/addons/azure_iot/nx_azure_iot_provisioning_client.c:201:13:nx_azure_iot_provisioning_client_mqtt_receive_callback	24	static
/home/erhangok/Documents/GitHub/STM32U5_Cellular_Cloud/STM32CubeExpansion_Cloud_AZURE_V2.3.0/Middlewares/ST/netxduo/addons/azure_iot/nx_azure_iot_provisioning_client.c:341:13:nx_azure_iot_provisioning_client_mqtt_connect_notify	16	static
/home/erhangok/Documents/GitHub/STM32U5_Cellular_Cloud/STM32CubeExpansion_Cloud_AZURE_V2.3.0/Middlewares/ST/netxduo/addons/azure_iot/nx_azure_iot_provisioning_client.c:615:13:nx_azure_iot_provisioning_client_send_req.constprop	56	static
/home/erhangok/Documents/GitHub/STM32U5_Cellular_Cloud/STM32CubeExpansion_Cloud_AZURE_V2.3.0/Middlewares/ST/netxduo/addons/azure_iot/nx_azure_iot_provisioning_client.c:1129:13:nx_azure_iot_provisioning_client_event_process	104	static
/home/erhangok/Documents/GitHub/STM32U5_Cellular_Cloud/STM32CubeExpansion_Cloud_AZURE_V2.3.0/Middlewares/ST/netxduo/addons/azure_iot/nx_azure_iot_provisioning_client.c:804:6:nx_azure_iot_provisioning_client_initialize	96	static
/home/erhangok/Documents/GitHub/STM32U5_Cellular_Cloud/STM32CubeExpansion_Cloud_AZURE_V2.3.0/Middlewares/ST/netxduo/addons/azure_iot/nx_azure_iot_provisioning_client.c:944:6:nx_azure_iot_provisioning_client_deinitialize	16	static
/home/erhangok/Documents/GitHub/STM32U5_Cellular_Cloud/STM32CubeExpansion_Cloud_AZURE_V2.3.0/Middlewares/ST/netxduo/addons/azure_iot/nx_azure_iot_provisioning_client.c:1028:6:nx_azure_iot_provisioning_client_trusted_cert_add	16	static
/home/erhangok/Documents/GitHub/STM32U5_Cellular_Cloud/STM32CubeExpansion_Cloud_AZURE_V2.3.0/Middlewares/ST/netxduo/addons/azure_iot/nx_azure_iot_provisioning_client.c:1070:6:nx_azure_iot_provisioning_client_device_cert_set	16	static
/home/erhangok/Documents/GitHub/STM32U5_Cellular_Cloud/STM32CubeExpansion_Cloud_AZURE_V2.3.0/Middlewares/ST/netxduo/addons/azure_iot/nx_azure_iot_provisioning_client.c:1191:6:nx_azure_iot_provisioning_client_register	32	static
/home/erhangok/Documents/GitHub/STM32U5_Cellular_Cloud/STM32CubeExpansion_Cloud_AZURE_V2.3.0/Middlewares/ST/netxduo/addons/azure_iot/nx_azure_iot_provisioning_client.c:1281:6:nx_azure_iot_provisioning_client_completion_callback_set	16	static
/home/erhangok/Documents/GitHub/STM32U5_Cellular_Cloud/STM32CubeExpansion_Cloud_AZURE_V2.3.0/Middlewares/ST/netxduo/addons/azure_iot/nx_azure_iot_provisioning_client.c:1303:6:nx_azure_iot_provisioning_client_symmetric_key_set	112	static
/home/erhangok/Documents/GitHub/STM32U5_Cellular_Cloud/STM32CubeExpansion_Cloud_AZURE_V2.3.0/Middlewares/ST/netxduo/addons/azure_iot/nx_azure_iot_provisioning_client.c:1350:6:nx_azure_iot_provisioning_client_iothub_device_info_get	32	static
/home/erhangok/Documents/GitHub/STM32U5_Cellular_Cloud/STM32CubeExpansion_Cloud_AZURE_V2.3.0/Middlewares/ST/netxduo/addons/azure_iot/nx_azure_iot_provisioning_client.c:1407:6:nx_azure_iot_provisioning_client_registration_payload_set	16	static
