/home/erhangok/Documents/GitHub/STM32U5_Cellular_Cloud/STM32CubeExpansion_Cloud_AZURE_V2.3.0/Middlewares/ST/netxduo/addons/azure_iot/nx_azure_iot.c:41:13:nx_azure_iot_event_process	0	static
/home/erhangok/Documents/GitHub/STM32U5_Cellular_Cloud/STM32CubeExpansion_Cloud_AZURE_V2.3.0/Middlewares/ST/netxduo/addons/azure_iot/nx_azure_iot.c:156:13:nx_azure_iot_log_listener	8	static
/home/erhangok/Documents/GitHub/STM32U5_Cellular_Cloud/STM32CubeExpansion_Cloud_AZURE_V2.3.0/Middlewares/ST/netxduo/addons/azure_iot/nx_azure_iot.c:105:6:nx_azure_iot_log	84	static
/home/erhangok/Documents/GitHub/STM32U5_Cellular_Cloud/STM32CubeExpansion_Cloud_AZURE_V2.3.0/Middlewares/ST/netxduo/addons/azure_iot/nx_azure_iot.c:520:14:nx_azure_iot_certificate_verify	32	static
/home/erhangok/Documents/GitHub/STM32U5_Cellular_Cloud/STM32CubeExpansion_Cloud_AZURE_V2.3.0/Middlewares/ST/netxduo/addons/azure_iot/nx_azure_iot.c:166:6:nx_azure_iot_log_init	0	static
/home/erhangok/Documents/GitHub/STM32U5_Cellular_Cloud/STM32CubeExpansion_Cloud_AZURE_V2.3.0/Middlewares/ST/netxduo/addons/azure_iot/nx_azure_iot.c:172:24:nx_azure_iot_resource_search	0	static
/home/erhangok/Documents/GitHub/STM32U5_Cellular_Cloud/STM32CubeExpansion_Cloud_AZURE_V2.3.0/Middlewares/ST/netxduo/addons/azure_iot/nx_azure_iot.c:196:6:nx_azure_iot_resource_add	0	static
/home/erhangok/Documents/GitHub/STM32U5_Cellular_Cloud/STM32CubeExpansion_Cloud_AZURE_V2.3.0/Middlewares/ST/netxduo/addons/azure_iot/nx_azure_iot.c:205:6:nx_azure_iot_resource_remove	0	static
/home/erhangok/Documents/GitHub/STM32U5_Cellular_Cloud/STM32CubeExpansion_Cloud_AZURE_V2.3.0/Middlewares/ST/netxduo/addons/azure_iot/nx_azure_iot.c:293:6:nx_azure_iot_delete	24	static
/home/erhangok/Documents/GitHub/STM32U5_Cellular_Cloud/STM32CubeExpansion_Cloud_AZURE_V2.3.0/Middlewares/ST/netxduo/addons/azure_iot/nx_azure_iot.c:235:6:nx_azure_iot_create	24	static
/home/erhangok/Documents/GitHub/STM32U5_Cellular_Cloud/STM32CubeExpansion_Cloud_AZURE_V2.3.0/Middlewares/ST/netxduo/addons/azure_iot/nx_azure_iot.c:335:6:nx_azure_iot_buffer_allocate	24	static
/home/erhangok/Documents/GitHub/STM32U5_Cellular_Cloud/STM32CubeExpansion_Cloud_AZURE_V2.3.0/Middlewares/ST/netxduo/addons/azure_iot/nx_azure_iot.c:354:6:nx_azure_iot_buffer_free	16	static
/home/erhangok/Documents/GitHub/STM32U5_Cellular_Cloud/STM32CubeExpansion_Cloud_AZURE_V2.3.0/Middlewares/ST/netxduo/addons/azure_iot/nx_azure_iot.c:361:6:nx_azure_iot_publish_packet_get	16	static
/home/erhangok/Documents/GitHub/STM32U5_Cellular_Cloud/STM32CubeExpansion_Cloud_AZURE_V2.3.0/Middlewares/ST/netxduo/addons/azure_iot/nx_azure_iot.c:381:6:nx_azure_iot_publish_mqtt_packet	32	static
/home/erhangok/Documents/GitHub/STM32U5_Cellular_Cloud/STM32CubeExpansion_Cloud_AZURE_V2.3.0/Middlewares/ST/netxduo/addons/azure_iot/nx_azure_iot.c:411:6:nx_azure_iot_mqtt_packet_id_get	16	static
/home/erhangok/Documents/GitHub/STM32U5_Cellular_Cloud/STM32CubeExpansion_Cloud_AZURE_V2.3.0/Middlewares/ST/netxduo/addons/azure_iot/nx_azure_iot.c:447:6:nx_azure_iot_mqtt_packet_adjust	32	static
/home/erhangok/Documents/GitHub/STM32U5_Cellular_Cloud/STM32CubeExpansion_Cloud_AZURE_V2.3.0/Middlewares/ST/netxduo/addons/azure_iot/nx_azure_iot.c:607:6:nx_azure_iot_mqtt_tls_setup	48	static
/home/erhangok/Documents/GitHub/STM32U5_Cellular_Cloud/STM32CubeExpansion_Cloud_AZURE_V2.3.0/Middlewares/ST/netxduo/addons/azure_iot/nx_azure_iot.c:699:6:nx_azure_iot_unix_time_get	8	static
/home/erhangok/Documents/GitHub/STM32U5_Cellular_Cloud/STM32CubeExpansion_Cloud_AZURE_V2.3.0/Middlewares/ST/netxduo/addons/azure_iot/nx_azure_iot.c:585:14:nx_azure_iot_tls_time_function	16	static
/home/erhangok/Documents/GitHub/STM32U5_Cellular_Cloud/STM32CubeExpansion_Cloud_AZURE_V2.3.0/Middlewares/ST/netxduo/addons/azure_iot/nx_azure_iot.c:778:6:nx_azure_iot_base64_hmac_sha256_calculate	96	static
