/home/erhangok/Downloads/en.x-cube-azure-v2-3-0/STM32CubeExpansion_Cloud_AZURE_V2.3.0/Middlewares/ST/netxduo/addons/web/nx_web_http_client.c:217:7:_nx_web_http_client_create	48	static
/home/erhangok/Downloads/en.x-cube-azure-v2-3-0/STM32CubeExpansion_Cloud_AZURE_V2.3.0/Middlewares/ST/netxduo/addons/web/nx_web_http_client.c:143:7:_nxe_web_http_client_create	20	static
/home/erhangok/Downloads/en.x-cube-azure-v2-3-0/STM32CubeExpansion_Cloud_AZURE_V2.3.0/Middlewares/ST/netxduo/addons/web/nx_web_http_client.c:368:7:_nx_web_http_client_delete	16	static
/home/erhangok/Downloads/en.x-cube-azure-v2-3-0/STM32CubeExpansion_Cloud_AZURE_V2.3.0/Middlewares/ST/netxduo/addons/web/nx_web_http_client.c:306:7:_nxe_web_http_client_delete	0	static,ignoring_inline_asm
/home/erhangok/Downloads/en.x-cube-azure-v2-3-0/STM32CubeExpansion_Cloud_AZURE_V2.3.0/Middlewares/ST/netxduo/addons/web/nx_web_http_client.c:1294:7:_nx_web_http_client_get_server_response	64	static
/home/erhangok/Downloads/en.x-cube-azure-v2-3-0/STM32CubeExpansion_Cloud_AZURE_V2.3.0/Middlewares/ST/netxduo/addons/web/nx_web_http_client.c:1855:6:_nx_web_http_client_response_read	40	static
/home/erhangok/Downloads/en.x-cube-azure-v2-3-0/STM32CubeExpansion_Cloud_AZURE_V2.3.0/Middlewares/ST/netxduo/addons/web/nx_web_http_client.c:1964:6:_nx_web_http_client_response_byte_expect	24	static
/home/erhangok/Downloads/en.x-cube-azure-v2-3-0/STM32CubeExpansion_Cloud_AZURE_V2.3.0/Middlewares/ST/netxduo/addons/web/nx_web_http_client.c:2037:6:_nx_web_http_client_chunked_size_get	48	static
/home/erhangok/Downloads/en.x-cube-azure-v2-3-0/STM32CubeExpansion_Cloud_AZURE_V2.3.0/Middlewares/ST/netxduo/addons/web/nx_web_http_client.c:2182:6:_nx_web_http_client_response_chunked_get	64	static
/home/erhangok/Downloads/en.x-cube-azure-v2-3-0/STM32CubeExpansion_Cloud_AZURE_V2.3.0/Middlewares/ST/netxduo/addons/web/nx_web_http_client.c:2489:6:_nx_web_http_client_request_chunked_set	48	static
/home/erhangok/Downloads/en.x-cube-azure-v2-3-0/STM32CubeExpansion_Cloud_AZURE_V2.3.0/Middlewares/ST/netxduo/addons/web/nx_web_http_client.c:2429:6:_nxe_web_http_client_request_chunked_set	0	static
/home/erhangok/Downloads/en.x-cube-azure-v2-3-0/STM32CubeExpansion_Cloud_AZURE_V2.3.0/Middlewares/ST/netxduo/addons/web/nx_web_http_client.c:6008:7:_nx_web_http_client_type_get	24	static
/home/erhangok/Downloads/en.x-cube-azure-v2-3-0/STM32CubeExpansion_Cloud_AZURE_V2.3.0/Middlewares/ST/netxduo/addons/web/nx_web_http_client.c:6189:7:_nx_web_http_client_content_length_get	16	static
/home/erhangok/Downloads/en.x-cube-azure-v2-3-0/STM32CubeExpansion_Cloud_AZURE_V2.3.0/Middlewares/ST/netxduo/addons/web/nx_web_http_client.c:6321:7:_nx_web_http_client_memicmp	12	static
/home/erhangok/Downloads/en.x-cube-azure-v2-3-0/STM32CubeExpansion_Cloud_AZURE_V2.3.0/Middlewares/ST/netxduo/addons/web/nx_web_http_client.c:6400:7:_nx_web_http_client_process_header_fields	56	static
/home/erhangok/Downloads/en.x-cube-azure-v2-3-0/STM32CubeExpansion_Cloud_AZURE_V2.3.0/Middlewares/ST/netxduo/addons/web/nx_web_http_client.c:6595:7:_nx_web_http_client_number_convert	24	static
/home/erhangok/Downloads/en.x-cube-azure-v2-3-0/STM32CubeExpansion_Cloud_AZURE_V2.3.0/Middlewares/ST/netxduo/addons/web/nx_web_http_client.c:7759:6:_nx_web_http_client_request_header_add	40	static
/home/erhangok/Downloads/en.x-cube-azure-v2-3-0/STM32CubeExpansion_Cloud_AZURE_V2.3.0/Middlewares/ST/netxduo/addons/web/nx_web_http_client.c:459:6:_nx_web_http_client_content_type_header_add	48	static
/home/erhangok/Downloads/en.x-cube-azure-v2-3-0/STM32CubeExpansion_Cloud_AZURE_V2.3.0/Middlewares/ST/netxduo/addons/web/nx_web_http_client.c:519:6:_nx_web_http_client_content_length_header_add	48	static
/home/erhangok/Downloads/en.x-cube-azure-v2-3-0/STM32CubeExpansion_Cloud_AZURE_V2.3.0/Middlewares/ST/netxduo/addons/web/nx_web_http_client.c:7692:6:_nxe_web_http_client_request_header_add	16	static
/home/erhangok/Downloads/en.x-cube-azure-v2-3-0/STM32CubeExpansion_Cloud_AZURE_V2.3.0/Middlewares/ST/netxduo/addons/web/nx_web_http_client.c:8094:6:_nx_web_http_client_request_packet_allocate	4	static
/home/erhangok/Downloads/en.x-cube-azure-v2-3-0/STM32CubeExpansion_Cloud_AZURE_V2.3.0/Middlewares/ST/netxduo/addons/web/nx_web_http_client.c:8027:6:_nxe_web_http_client_request_packet_allocate	0	static
/home/erhangok/Downloads/en.x-cube-azure-v2-3-0/STM32CubeExpansion_Cloud_AZURE_V2.3.0/Middlewares/ST/netxduo/addons/web/nx_web_http_client.c:8172:6:_nxe_web_http_client_response_header_callback_set	0	static
/home/erhangok/Downloads/en.x-cube-azure-v2-3-0/STM32CubeExpansion_Cloud_AZURE_V2.3.0/Middlewares/ST/netxduo/addons/web/nx_web_http_client.c:8238:6:_nx_web_http_client_response_header_callback_set	0	static
/home/erhangok/Downloads/en.x-cube-azure-v2-3-0/STM32CubeExpansion_Cloud_AZURE_V2.3.0/Middlewares/ST/netxduo/addons/web/nx_web_http_client.c:8299:7:_nx_web_http_client_send	0	static
/home/erhangok/Downloads/en.x-cube-azure-v2-3-0/STM32CubeExpansion_Cloud_AZURE_V2.3.0/Middlewares/ST/netxduo/addons/web/nx_web_http_client.c:8366:7:_nx_web_http_client_receive	0	static
/home/erhangok/Downloads/en.x-cube-azure-v2-3-0/STM32CubeExpansion_Cloud_AZURE_V2.3.0/Middlewares/ST/netxduo/addons/web/nx_web_http_client.c:8434:6:_nx_web_http_client_error_exit	8	static
/home/erhangok/Downloads/en.x-cube-azure-v2-3-0/STM32CubeExpansion_Cloud_AZURE_V2.3.0/Middlewares/ST/netxduo/addons/web/nx_web_http_client.c:1559:7:_nx_web_http_client_response_body_get	40	static
/home/erhangok/Downloads/en.x-cube-azure-v2-3-0/STM32CubeExpansion_Cloud_AZURE_V2.3.0/Middlewares/ST/netxduo/addons/web/nx_web_http_client.c:1482:7:_nxe_web_http_client_response_body_get	8	static,ignoring_inline_asm
/home/erhangok/Downloads/en.x-cube-azure-v2-3-0/STM32CubeExpansion_Cloud_AZURE_V2.3.0/Middlewares/ST/netxduo/addons/web/nx_web_http_client.c:2659:6:_nx_web_http_client_request_packet_send	40	static
/home/erhangok/Downloads/en.x-cube-azure-v2-3-0/STM32CubeExpansion_Cloud_AZURE_V2.3.0/Middlewares/ST/netxduo/addons/web/nx_web_http_client.c:2594:6:_nxe_web_http_client_request_packet_send	4	static
/home/erhangok/Downloads/en.x-cube-azure-v2-3-0/STM32CubeExpansion_Cloud_AZURE_V2.3.0/Middlewares/ST/netxduo/addons/web/nx_web_http_client.c:5871:7:_nx_web_http_client_put_packet	32	static
/home/erhangok/Downloads/en.x-cube-azure-v2-3-0/STM32CubeExpansion_Cloud_AZURE_V2.3.0/Middlewares/ST/netxduo/addons/web/nx_web_http_client.c:5768:7:_nxe_web_http_client_put_packet	12	static,ignoring_inline_asm
/home/erhangok/Downloads/en.x-cube-azure-v2-3-0/STM32CubeExpansion_Cloud_AZURE_V2.3.0/Middlewares/ST/netxduo/addons/web/nx_web_http_client.c:7407:6:_nx_web_http_client_request_initialize_extended	176	static
/home/erhangok/Downloads/en.x-cube-azure-v2-3-0/STM32CubeExpansion_Cloud_AZURE_V2.3.0/Middlewares/ST/netxduo/addons/web/nx_web_http_client.c:7181:6:_nx_web_http_client_request_initialize	88	static
/home/erhangok/Downloads/en.x-cube-azure-v2-3-0/STM32CubeExpansion_Cloud_AZURE_V2.3.0/Middlewares/ST/netxduo/addons/web/nx_web_http_client.c:7070:6:_nxe_web_http_client_request_initialize	20	static
/home/erhangok/Downloads/en.x-cube-azure-v2-3-0/STM32CubeExpansion_Cloud_AZURE_V2.3.0/Middlewares/ST/netxduo/addons/web/nx_web_http_client.c:7275:6:_nxe_web_http_client_request_initialize_extended	36	static
/home/erhangok/Downloads/en.x-cube-azure-v2-3-0/STM32CubeExpansion_Cloud_AZURE_V2.3.0/Middlewares/ST/netxduo/addons/web/nx_web_http_client.c:7911:6:_nx_web_http_client_request_send	40	static
/home/erhangok/Downloads/en.x-cube-azure-v2-3-0/STM32CubeExpansion_Cloud_AZURE_V2.3.0/Middlewares/ST/netxduo/addons/web/nx_web_http_client.c:7848:6:_nxe_web_http_client_request_send	0	static
/home/erhangok/Downloads/en.x-cube-azure-v2-3-0/STM32CubeExpansion_Cloud_AZURE_V2.3.0/Middlewares/ST/netxduo/addons/web/nx_web_http_client.c:8493:6:_nx_web_http_client_cleanup	24	static
/home/erhangok/Downloads/en.x-cube-azure-v2-3-0/STM32CubeExpansion_Cloud_AZURE_V2.3.0/Middlewares/ST/netxduo/addons/web/nx_web_http_client.c:6768:7:_nx_web_http_client_connect	32	static
/home/erhangok/Downloads/en.x-cube-azure-v2-3-0/STM32CubeExpansion_Cloud_AZURE_V2.3.0/Middlewares/ST/netxduo/addons/web/nx_web_http_client.c:828:7:_nx_web_http_client_get_start_extended	56	static
/home/erhangok/Downloads/en.x-cube-azure-v2-3-0/STM32CubeExpansion_Cloud_AZURE_V2.3.0/Middlewares/ST/netxduo/addons/web/nx_web_http_client.c:654:7:_nx_web_http_client_get_start	80	static
/home/erhangok/Downloads/en.x-cube-azure-v2-3-0/STM32CubeExpansion_Cloud_AZURE_V2.3.0/Middlewares/ST/netxduo/addons/web/nx_web_http_client.c:579:7:_nxe_web_http_client_get_start	28	static,ignoring_inline_asm
/home/erhangok/Downloads/en.x-cube-azure-v2-3-0/STM32CubeExpansion_Cloud_AZURE_V2.3.0/Middlewares/ST/netxduo/addons/web/nx_web_http_client.c:740:7:_nxe_web_http_client_get_start_extended	48	static,ignoring_inline_asm
/home/erhangok/Downloads/en.x-cube-azure-v2-3-0/STM32CubeExpansion_Cloud_AZURE_V2.3.0/Middlewares/ST/netxduo/addons/web/nx_web_http_client.c:3025:7:_nx_web_http_client_put_start_extended	64	static
/home/erhangok/Downloads/en.x-cube-azure-v2-3-0/STM32CubeExpansion_Cloud_AZURE_V2.3.0/Middlewares/ST/netxduo/addons/web/nx_web_http_client.c:2841:7:_nx_web_http_client_put_start	88	static
/home/erhangok/Downloads/en.x-cube-azure-v2-3-0/STM32CubeExpansion_Cloud_AZURE_V2.3.0/Middlewares/ST/netxduo/addons/web/nx_web_http_client.c:2760:7:_nxe_web_http_client_put_start	32	static,ignoring_inline_asm
/home/erhangok/Downloads/en.x-cube-azure-v2-3-0/STM32CubeExpansion_Cloud_AZURE_V2.3.0/Middlewares/ST/netxduo/addons/web/nx_web_http_client.c:2926:7:_nxe_web_http_client_put_start_extended	56	static,ignoring_inline_asm
/home/erhangok/Downloads/en.x-cube-azure-v2-3-0/STM32CubeExpansion_Cloud_AZURE_V2.3.0/Middlewares/ST/netxduo/addons/web/nx_web_http_client.c:3808:7:_nx_web_http_client_post_start_extended	64	static
/home/erhangok/Downloads/en.x-cube-azure-v2-3-0/STM32CubeExpansion_Cloud_AZURE_V2.3.0/Middlewares/ST/netxduo/addons/web/nx_web_http_client.c:3623:7:_nx_web_http_client_post_start	88	static
/home/erhangok/Downloads/en.x-cube-azure-v2-3-0/STM32CubeExpansion_Cloud_AZURE_V2.3.0/Middlewares/ST/netxduo/addons/web/nx_web_http_client.c:3542:7:_nxe_web_http_client_post_start	32	static,ignoring_inline_asm
/home/erhangok/Downloads/en.x-cube-azure-v2-3-0/STM32CubeExpansion_Cloud_AZURE_V2.3.0/Middlewares/ST/netxduo/addons/web/nx_web_http_client.c:3709:7:_nxe_web_http_client_post_start_extended	56	static,ignoring_inline_asm
/home/erhangok/Downloads/en.x-cube-azure-v2-3-0/STM32CubeExpansion_Cloud_AZURE_V2.3.0/Middlewares/ST/netxduo/addons/web/nx_web_http_client.c:4574:7:_nx_web_http_client_head_start_extended	56	static
/home/erhangok/Downloads/en.x-cube-azure-v2-3-0/STM32CubeExpansion_Cloud_AZURE_V2.3.0/Middlewares/ST/netxduo/addons/web/nx_web_http_client.c:4398:7:_nx_web_http_client_head_start	80	static
/home/erhangok/Downloads/en.x-cube-azure-v2-3-0/STM32CubeExpansion_Cloud_AZURE_V2.3.0/Middlewares/ST/netxduo/addons/web/nx_web_http_client.c:4323:7:_nxe_web_http_client_head_start	28	static,ignoring_inline_asm
/home/erhangok/Downloads/en.x-cube-azure-v2-3-0/STM32CubeExpansion_Cloud_AZURE_V2.3.0/Middlewares/ST/netxduo/addons/web/nx_web_http_client.c:4483:7:_nxe_web_http_client_head_start_extended	48	static,ignoring_inline_asm
/home/erhangok/Downloads/en.x-cube-azure-v2-3-0/STM32CubeExpansion_Cloud_AZURE_V2.3.0/Middlewares/ST/netxduo/addons/web/nx_web_http_client.c:5298:7:_nx_web_http_client_delete_start_extended	56	static
/home/erhangok/Downloads/en.x-cube-azure-v2-3-0/STM32CubeExpansion_Cloud_AZURE_V2.3.0/Middlewares/ST/netxduo/addons/web/nx_web_http_client.c:5121:7:_nx_web_http_client_delete_start	80	static
/home/erhangok/Downloads/en.x-cube-azure-v2-3-0/STM32CubeExpansion_Cloud_AZURE_V2.3.0/Middlewares/ST/netxduo/addons/web/nx_web_http_client.c:5046:7:_nxe_web_http_client_delete_start	28	static,ignoring_inline_asm
/home/erhangok/Downloads/en.x-cube-azure-v2-3-0/STM32CubeExpansion_Cloud_AZURE_V2.3.0/Middlewares/ST/netxduo/addons/web/nx_web_http_client.c:5206:7:_nxe_web_http_client_delete_start_extended	48	static,ignoring_inline_asm
/home/erhangok/Downloads/en.x-cube-azure-v2-3-0/STM32CubeExpansion_Cloud_AZURE_V2.3.0/Middlewares/ST/netxduo/addons/web/nx_web_http_client.c:6694:7:_nxe_web_http_client_connect	4	static
