/home/erhangok/Documents/GitHub/STM32U5_Cellular_Cloud/STM32CubeExpansion_Cloud_AZURE_V2.3.0/Middlewares/ST/STM32_Cellular/Interface/Cellular_Ctrl/Src/cellular_control_api.c:119:13:cellular_api_fill_string	24	static
/home/erhangok/Documents/GitHub/STM32U5_Cellular_Cloud/STM32CubeExpansion_Cloud_AZURE_V2.3.0/Middlewares/ST/STM32_Cellular/Interface/Cellular_Ctrl/Src/cellular_control_api.c:144:26:cellular_api_register_general_cb	16	static
/home/erhangok/Documents/GitHub/STM32U5_Cellular_Cloud/STM32CubeExpansion_Cloud_AZURE_V2.3.0/Middlewares/ST/STM32_Cellular/Interface/Cellular_Ctrl/Src/cellular_control_api.c:572:6:cellular_get_cellular_info.part.0	704	static
/home/erhangok/Documents/GitHub/STM32U5_Cellular_Cloud/STM32CubeExpansion_Cloud_AZURE_V2.3.0/Middlewares/ST/STM32_Cellular/Interface/Cellular_Ctrl/Src/cellular_control_api.c:951:6:cellular_get_signal_info.part.0	32	static
/home/erhangok/Documents/GitHub/STM32U5_Cellular_Cloud/STM32CubeExpansion_Cloud_AZURE_V2.3.0/Middlewares/ST/STM32_Cellular/Interface/Cellular_Ctrl/Src/cellular_control_api.c:974:6:cellular_get_sim_info.part.0	704	static
/home/erhangok/Documents/GitHub/STM32U5_Cellular_Cloud/STM32CubeExpansion_Cloud_AZURE_V2.3.0/Middlewares/ST/STM32_Cellular/Interface/Cellular_Ctrl/Src/cellular_control_api.c:1099:6:cellular_get_nfmc_info.part.0	64	static
/home/erhangok/Documents/GitHub/STM32U5_Cellular_Cloud/STM32CubeExpansion_Cloud_AZURE_V2.3.0/Middlewares/ST/STM32_Cellular/Interface/Cellular_Ctrl/Src/cellular_control_api.c:1206:6:cellular_get_ip_info.part.0	24	static
/home/erhangok/Documents/GitHub/STM32U5_Cellular_Cloud/STM32CubeExpansion_Cloud_AZURE_V2.3.0/Middlewares/ST/STM32_Cellular/Interface/Cellular_Ctrl/Src/cellular_control_api.c:183:13:cellular_api_general_data_cache_callback	8	static,ignoring_inline_asm
/home/erhangok/Documents/GitHub/STM32U5_Cellular_Cloud/STM32CubeExpansion_Cloud_AZURE_V2.3.0/Middlewares/ST/STM32_Cellular/Interface/Cellular_Ctrl/Src/cellular_control_api.c:271:6:cellular_init	72	static
/home/erhangok/Documents/GitHub/STM32U5_Cellular_Cloud/STM32CubeExpansion_Cloud_AZURE_V2.3.0/Middlewares/ST/STM32_Cellular/Interface/Cellular_Ctrl/Src/cellular_control_api.c:317:19:cellular_deinit	0	static,ignoring_inline_asm
/home/erhangok/Documents/GitHub/STM32U5_Cellular_Cloud/STM32CubeExpansion_Cloud_AZURE_V2.3.0/Middlewares/ST/STM32_Cellular/Interface/Cellular_Ctrl/Src/cellular_control_api.c:330:6:cellular_start	8	static
/home/erhangok/Documents/GitHub/STM32U5_Cellular_Cloud/STM32CubeExpansion_Cloud_AZURE_V2.3.0/Middlewares/ST/STM32_Cellular/Interface/Cellular_Ctrl/Src/cellular_control_api.c:366:6:cellular_modem_start	8	static
/home/erhangok/Documents/GitHub/STM32U5_Cellular_Cloud/STM32CubeExpansion_Cloud_AZURE_V2.3.0/Middlewares/ST/STM32_Cellular/Interface/Cellular_Ctrl/Src/cellular_control_api.c:382:19:cellular_modem_stop	32	static
/home/erhangok/Documents/GitHub/STM32U5_Cellular_Cloud/STM32CubeExpansion_Cloud_AZURE_V2.3.0/Middlewares/ST/STM32_Cellular/Interface/Cellular_Ctrl/Src/cellular_control_api.c:421:19:cellular_connect	24	static
/home/erhangok/Documents/GitHub/STM32U5_Cellular_Cloud/STM32CubeExpansion_Cloud_AZURE_V2.3.0/Middlewares/ST/STM32_Cellular/Interface/Cellular_Ctrl/Src/cellular_control_api.c:452:19:cellular_disconnect	24	static
/home/erhangok/Documents/GitHub/STM32U5_Cellular_Cloud/STM32CubeExpansion_Cloud_AZURE_V2.3.0/Middlewares/ST/STM32_Cellular/Interface/Cellular_Ctrl/Src/cellular_control_api.c:479:10:cellular_get_major_version	0	static
/home/erhangok/Documents/GitHub/STM32U5_Cellular_Cloud/STM32CubeExpansion_Cloud_AZURE_V2.3.0/Middlewares/ST/STM32_Cellular/Interface/Cellular_Ctrl/Src/cellular_control_api.c:489:9:cellular_get_minor_version	0	static
/home/erhangok/Documents/GitHub/STM32U5_Cellular_Cloud/STM32CubeExpansion_Cloud_AZURE_V2.3.0/Middlewares/ST/STM32_Cellular/Interface/Cellular_Ctrl/Src/cellular_control_api.c:499:9:cellular_get_patch_version	0	static
/home/erhangok/Documents/GitHub/STM32U5_Cellular_Cloud/STM32CubeExpansion_Cloud_AZURE_V2.3.0/Middlewares/ST/STM32_Cellular/Interface/Cellular_Ctrl/Src/cellular_control_api.c:509:6:cellular_version_is_release	0	static
/home/erhangok/Documents/GitHub/STM32U5_Cellular_Cloud/STM32CubeExpansion_Cloud_AZURE_V2.3.0/Middlewares/ST/STM32_Cellular/Interface/Cellular_Ctrl/Src/cellular_control_api.c:525:10:cellular_get_version	0	static
/home/erhangok/Documents/GitHub/STM32U5_Cellular_Cloud/STM32CubeExpansion_Cloud_AZURE_V2.3.0/Middlewares/ST/STM32_Cellular/Interface/Cellular_Ctrl/Src/cellular_control_api.c:540:6:cellular_get_string_version	24	static
/home/erhangok/Documents/GitHub/STM32U5_Cellular_Cloud/STM32CubeExpansion_Cloud_AZURE_V2.3.0/Middlewares/ST/STM32_Cellular/Interface/Cellular_Ctrl/Src/cellular_control_api.c:572:6:cellular_get_cellular_info	0	static
/home/erhangok/Documents/GitHub/STM32U5_Cellular_Cloud/STM32CubeExpansion_Cloud_AZURE_V2.3.0/Middlewares/ST/STM32_Cellular/Interface/Cellular_Ctrl/Src/cellular_control_api.c:634:19:cellular_set_pdn	448	static
/home/erhangok/Documents/GitHub/STM32U5_Cellular_Cloud/STM32CubeExpansion_Cloud_AZURE_V2.3.0/Middlewares/ST/STM32_Cellular/Interface/Cellular_Ctrl/Src/cellular_control_api.c:760:19:cellular_set_sim_slot_order	448	static
/home/erhangok/Documents/GitHub/STM32U5_Cellular_Cloud/STM32CubeExpansion_Cloud_AZURE_V2.3.0/Middlewares/ST/STM32_Cellular/Interface/Cellular_Ctrl/Src/cellular_control_api.c:833:19:cellular_set_operator	448	static
/home/erhangok/Documents/GitHub/STM32U5_Cellular_Cloud/STM32CubeExpansion_Cloud_AZURE_V2.3.0/Middlewares/ST/STM32_Cellular/Interface/Cellular_Ctrl/Src/cellular_control_api.c:909:19:cellular_set_nwk_attachment_timeout	448	static
/home/erhangok/Documents/GitHub/STM32U5_Cellular_Cloud/STM32CubeExpansion_Cloud_AZURE_V2.3.0/Middlewares/ST/STM32_Cellular/Interface/Cellular_Ctrl/Src/cellular_control_api.c:951:6:cellular_get_signal_info	0	static
/home/erhangok/Documents/GitHub/STM32U5_Cellular_Cloud/STM32CubeExpansion_Cloud_AZURE_V2.3.0/Middlewares/ST/STM32_Cellular/Interface/Cellular_Ctrl/Src/cellular_control_api.c:974:6:cellular_get_sim_info	0	static
/home/erhangok/Documents/GitHub/STM32U5_Cellular_Cloud/STM32CubeExpansion_Cloud_AZURE_V2.3.0/Middlewares/ST/STM32_Cellular/Interface/Cellular_Ctrl/Src/cellular_control_api.c:1037:19:cellular_get_sim_info_from_index	704	static
/home/erhangok/Documents/GitHub/STM32U5_Cellular_Cloud/STM32CubeExpansion_Cloud_AZURE_V2.3.0/Middlewares/ST/STM32_Cellular/Interface/Cellular_Ctrl/Src/cellular_control_api.c:1099:6:cellular_get_nfmc_info	0	static
/home/erhangok/Documents/GitHub/STM32U5_Cellular_Cloud/STM32CubeExpansion_Cloud_AZURE_V2.3.0/Middlewares/ST/STM32_Cellular/Interface/Cellular_Ctrl/Src/cellular_control_api.c:1136:19:cellular_set_nfmc	456	static
/home/erhangok/Documents/GitHub/STM32U5_Cellular_Cloud/STM32CubeExpansion_Cloud_AZURE_V2.3.0/Middlewares/ST/STM32_Cellular/Interface/Cellular_Ctrl/Src/cellular_control_api.c:1206:6:cellular_get_ip_info	0	static
/home/erhangok/Documents/GitHub/STM32U5_Cellular_Cloud/STM32CubeExpansion_Cloud_AZURE_V2.3.0/Middlewares/ST/STM32_Cellular/Interface/Cellular_Ctrl/Src/cellular_control_api.c:1356:19:cellular_info_cb_registration	16	static,ignoring_inline_asm
/home/erhangok/Documents/GitHub/STM32U5_Cellular_Cloud/STM32CubeExpansion_Cloud_AZURE_V2.3.0/Middlewares/ST/STM32_Cellular/Interface/Cellular_Ctrl/Src/cellular_control_api.c:1414:19:cellular_info_cb_deregistration	0	static
/home/erhangok/Documents/GitHub/STM32U5_Cellular_Cloud/STM32CubeExpansion_Cloud_AZURE_V2.3.0/Middlewares/ST/STM32_Cellular/Interface/Cellular_Ctrl/Src/cellular_control_api.c:1443:19:cellular_signal_info_cb_registration	16	static,ignoring_inline_asm
/home/erhangok/Documents/GitHub/STM32U5_Cellular_Cloud/STM32CubeExpansion_Cloud_AZURE_V2.3.0/Middlewares/ST/STM32_Cellular/Interface/Cellular_Ctrl/Src/cellular_control_api.c:1502:19:cellular_signal_info_cb_deregistration	0	static
/home/erhangok/Documents/GitHub/STM32U5_Cellular_Cloud/STM32CubeExpansion_Cloud_AZURE_V2.3.0/Middlewares/ST/STM32_Cellular/Interface/Cellular_Ctrl/Src/cellular_control_api.c:1533:19:cellular_sim_info_cb_registration	16	static,ignoring_inline_asm
/home/erhangok/Documents/GitHub/STM32U5_Cellular_Cloud/STM32CubeExpansion_Cloud_AZURE_V2.3.0/Middlewares/ST/STM32_Cellular/Interface/Cellular_Ctrl/Src/cellular_control_api.c:1592:19:cellular_sim_info_cb_deregistration	0	static
/home/erhangok/Documents/GitHub/STM32U5_Cellular_Cloud/STM32CubeExpansion_Cloud_AZURE_V2.3.0/Middlewares/ST/STM32_Cellular/Interface/Cellular_Ctrl/Src/cellular_control_api.c:1621:19:cellular_nfmc_info_cb_registration	16	static,ignoring_inline_asm
/home/erhangok/Documents/GitHub/STM32U5_Cellular_Cloud/STM32CubeExpansion_Cloud_AZURE_V2.3.0/Middlewares/ST/STM32_Cellular/Interface/Cellular_Ctrl/Src/cellular_control_api.c:1680:19:cellular_nfmc_info_cb_deregistration	0	static
/home/erhangok/Documents/GitHub/STM32U5_Cellular_Cloud/STM32CubeExpansion_Cloud_AZURE_V2.3.0/Middlewares/ST/STM32_Cellular/Interface/Cellular_Ctrl/Src/cellular_control_api.c:1709:19:cellular_ip_info_cb_registration	16	static,ignoring_inline_asm
/home/erhangok/Documents/GitHub/STM32U5_Cellular_Cloud/STM32CubeExpansion_Cloud_AZURE_V2.3.0/Middlewares/ST/STM32_Cellular/Interface/Cellular_Ctrl/Src/cellular_control_api.c:1768:19:cellular_ip_info_cb_deregistration	0	static
