/home/erhangok/Documents/GitHub/STM32U5_Cellular_Cloud/STM32CubeExpansion_Cloud_AZURE_V2.3.0/Projects/B-U585I-IOT02A/Applications/TFM_Azure_IoT/TFM_Appli/NonSecure/NetXDuo/App/app_netxduo.c:453:6:unix_time_get	0	static
/home/erhangok/Documents/GitHub/STM32U5_Cellular_Cloud/STM32CubeExpansion_Cloud_AZURE_V2.3.0/Projects/B-U585I-IOT02A/Applications/TFM_Azure_IoT/TFM_Appli/NonSecure/NetXDuo/App/app_netxduo.c:318:13:App_Main_Thread_Entry	24	static
/home/erhangok/Documents/GitHub/STM32U5_Cellular_Cloud/STM32CubeExpansion_Cloud_AZURE_V2.3.0/Projects/B-U585I-IOT02A/Applications/TFM_Azure_IoT/TFM_Appli/NonSecure/NetXDuo/App/app_netxduo.c:306:13:ip_address_change_notify_callback	8	static
/home/erhangok/Documents/GitHub/STM32U5_Cellular_Cloud/STM32CubeExpansion_Cloud_AZURE_V2.3.0/Projects/B-U585I-IOT02A/Applications/TFM_Azure_IoT/TFM_Appli/NonSecure/NetXDuo/App/app_netxduo.c:148:6:MX_NetXDuo_Init	56	static
/home/erhangok/Documents/GitHub/STM32U5_Cellular_Cloud/STM32CubeExpansion_Cloud_AZURE_V2.3.0/Projects/B-U585I-IOT02A/Applications/TFM_Azure_IoT/TFM_Appli/NonSecure/NetXDuo/App/app_netxduo.c:380:6:dns_create	24	static
/home/erhangok/Documents/GitHub/STM32U5_Cellular_Cloud/STM32CubeExpansion_Cloud_AZURE_V2.3.0/Projects/B-U585I-IOT02A/Applications/TFM_Azure_IoT/TFM_Appli/NonSecure/NetXDuo/App/app_netxduo.c:426:13:App_Azure_IoT_Thread_Entry	72	static
