/home/erhangok/Downloads/en.x-cube-azure-v2-3-0/STM32CubeExpansion_Cloud_AZURE_V2.3.0/Middlewares/Third_Party/trustedfirmware/bl2/src/security_cnt.c:39:9:boot_nv_security_counter_init	24	static
/home/erhangok/Downloads/en.x-cube-azure-v2-3-0/STM32CubeExpansion_Cloud_AZURE_V2.3.0/Middlewares/Third_Party/trustedfirmware/bl2/src/security_cnt.c:48:9:boot_nv_security_counter_get	64	static
/home/erhangok/Downloads/en.x-cube-azure-v2-3-0/STM32CubeExpansion_Cloud_AZURE_V2.3.0/Middlewares/Third_Party/trustedfirmware/bl2/src/security_cnt.c:73:9:boot_nv_security_counter_update	8	static
