/home/erhangok/Documents/GitHub/STM32U5_Cellular_Cloud/STM32CubeExpansion_Cloud_AZURE_V2.3.0/Middlewares/ST/STM32_Cellular/Core/AT_Core/Src/at_modem_common.c:89:6:atcm_put_IP_address_infos	16	static
/home/erhangok/Documents/GitHub/STM32U5_Cellular_Cloud/STM32CubeExpansion_Cloud_AZURE_V2.3.0/Middlewares/ST/STM32_Cellular/Core/AT_Core/Src/at_modem_common.c:121:6:atcm_get_IP_address_infos	16	static
/home/erhangok/Documents/GitHub/STM32U5_Cellular_Cloud/STM32CubeExpansion_Cloud_AZURE_V2.3.0/Middlewares/ST/STM32_Cellular/Core/AT_Core/Src/at_modem_common.c:152:17:atcm_get_ip_address_type	8	static
/home/erhangok/Documents/GitHub/STM32U5_Cellular_Cloud/STM32CubeExpansion_Cloud_AZURE_V2.3.0/Middlewares/ST/STM32_Cellular/Core/AT_Core/Src/at_modem_common.c:232:6:atcm_extract_IP_address	16	static
/home/erhangok/Documents/GitHub/STM32U5_Cellular_Cloud/STM32CubeExpansion_Cloud_AZURE_V2.3.0/Middlewares/ST/STM32_Cellular/Core/AT_Core/Src/at_modem_common.c:258:13:atcm_select_hw_simslot	8	static
/home/erhangok/Documents/GitHub/STM32U5_Cellular_Cloud/STM32CubeExpansion_Cloud_AZURE_V2.3.0/Middlewares/ST/STM32_Cellular/Core/AT_Core/Src/at_modem_common.c:300:18:atcm_get_cid_current_SID	8	static
/home/erhangok/Documents/GitHub/STM32U5_Cellular_Cloud/STM32CubeExpansion_Cloud_AZURE_V2.3.0/Middlewares/ST/STM32_Cellular/Core/AT_Core/Src/at_modem_common.c:322:18:atcm_get_CmdStr	20	static
/home/erhangok/Documents/GitHub/STM32U5_Cellular_Cloud/STM32CubeExpansion_Cloud_AZURE_V2.3.0/Middlewares/ST/STM32_Cellular/Core/AT_Core/Src/at_modem_common.c:353:10:atcm_get_CmdTimeout	20	static
/home/erhangok/Documents/GitHub/STM32U5_Cellular_Cloud/STM32CubeExpansion_Cloud_AZURE_V2.3.0/Middlewares/ST/STM32_Cellular/Core/AT_Core/Src/at_modem_common.c:384:21:atcm_get_CmdBuildFunc	20	static
/home/erhangok/Documents/GitHub/STM32U5_Cellular_Cloud/STM32CubeExpansion_Cloud_AZURE_V2.3.0/Middlewares/ST/STM32_Cellular/Core/AT_Core/Src/at_modem_common.c:414:23:atcm_get_CmdAnalyzeFunc	20	static
/home/erhangok/Documents/GitHub/STM32U5_Cellular_Cloud/STM32CubeExpansion_Cloud_AZURE_V2.3.0/Middlewares/ST/STM32_Cellular/Core/AT_Core/Src/at_modem_common.c:442:18:atcm_get_PDPtypeStr	0	static
/home/erhangok/Documents/GitHub/STM32U5_Cellular_Cloud/STM32CubeExpansion_Cloud_AZURE_V2.3.0/Middlewares/ST/STM32_Cellular/Core/AT_Core/Src/at_modem_common.c:481:6:atcm_program_AT_CMD	8	static
/home/erhangok/Documents/GitHub/STM32U5_Cellular_Cloud/STM32CubeExpansion_Cloud_AZURE_V2.3.0/Middlewares/ST/STM32_Cellular/Core/AT_Core/Src/at_modem_common.c:508:6:atcm_program_AT_CMD_ANSWER_OPTIONAL	8	static
/home/erhangok/Documents/GitHub/STM32U5_Cellular_Cloud/STM32CubeExpansion_Cloud_AZURE_V2.3.0/Middlewares/ST/STM32_Cellular/Core/AT_Core/Src/at_modem_common.c:533:6:atcm_program_CMD_TIMEOUT	8	static
/home/erhangok/Documents/GitHub/STM32U5_Cellular_Cloud/STM32CubeExpansion_Cloud_AZURE_V2.3.0/Middlewares/ST/STM32_Cellular/Core/AT_Core/Src/at_modem_common.c:556:6:atcm_program_WAIT_EVENT	0	static
/home/erhangok/Documents/GitHub/STM32U5_Cellular_Cloud/STM32CubeExpansion_Cloud_AZURE_V2.3.0/Middlewares/ST/STM32_Cellular/Core/AT_Core/Src/at_modem_common.c:577:6:atcm_program_TEMPO	16	static
/home/erhangok/Documents/GitHub/STM32U5_Cellular_Cloud/STM32CubeExpansion_Cloud_AZURE_V2.3.0/Middlewares/ST/STM32_Cellular/Core/AT_Core/Src/at_modem_common.c:598:6:atcm_program_NO_MORE_CMD	0	static
/home/erhangok/Documents/GitHub/STM32U5_Cellular_Cloud/STM32CubeExpansion_Cloud_AZURE_V2.3.0/Middlewares/ST/STM32_Cellular/Core/AT_Core/Src/at_modem_common.c:617:6:atcm_program_SKIP_CMD	0	static
/home/erhangok/Documents/GitHub/STM32U5_Cellular_Cloud/STM32CubeExpansion_Cloud_AZURE_V2.3.0/Middlewares/ST/STM32_Cellular/Core/AT_Core/Src/at_modem_common.c:671:13:atcm_modem_build_cmd	40	static
/home/erhangok/Documents/GitHub/STM32U5_Cellular_Cloud/STM32CubeExpansion_Cloud_AZURE_V2.3.0/Middlewares/ST/STM32_Cellular/Core/AT_Core/Src/at_modem_common.c:717:13:atcm_modem_get_rsp	88	static
/home/erhangok/Documents/GitHub/STM32U5_Cellular_Cloud/STM32CubeExpansion_Cloud_AZURE_V2.3.0/Middlewares/ST/STM32_Cellular/Core/AT_Core/Src/at_modem_common.c:845:13:atcm_modem_get_urc	32	static
/home/erhangok/Documents/GitHub/STM32U5_Cellular_Cloud/STM32CubeExpansion_Cloud_AZURE_V2.3.0/Middlewares/ST/STM32_Cellular/Core/AT_Core/Src/at_modem_common.c:1314:13:atcm_modem_get_error	8	static
/home/erhangok/Documents/GitHub/STM32U5_Cellular_Cloud/STM32CubeExpansion_Cloud_AZURE_V2.3.0/Middlewares/ST/STM32_Cellular/Core/AT_Core/Src/at_modem_common.c:1340:13:atcm_subscribe_net_event	16	static
/home/erhangok/Documents/GitHub/STM32U5_Cellular_Cloud/STM32CubeExpansion_Cloud_AZURE_V2.3.0/Middlewares/ST/STM32_Cellular/Core/AT_Core/Src/at_modem_common.c:1454:13:atcm_unsubscribe_net_event	16	static
/home/erhangok/Documents/GitHub/STM32U5_Cellular_Cloud/STM32CubeExpansion_Cloud_AZURE_V2.3.0/Middlewares/ST/STM32_Cellular/Core/AT_Core/Src/at_modem_common.c:1554:6:atcm_validate_ping_request	8	static
/home/erhangok/Documents/GitHub/STM32U5_Cellular_Cloud/STM32CubeExpansion_Cloud_AZURE_V2.3.0/Middlewares/ST/STM32_Cellular/Core/AT_Core/Src/at_modem_common.c:1575:11:atcm_modem_event_received	0	static
/home/erhangok/Documents/GitHub/STM32U5_Cellular_Cloud/STM32CubeExpansion_Cloud_AZURE_V2.3.0/Middlewares/ST/STM32_Cellular/Core/AT_Core/Src/at_modem_common.c:1596:6:atcm_reset_persistent_context	32	static
/home/erhangok/Documents/GitHub/STM32U5_Cellular_Cloud/STM32CubeExpansion_Cloud_AZURE_V2.3.0/Middlewares/ST/STM32_Cellular/Core/AT_Core/Src/at_modem_common.c:1727:6:atcm_reset_SID_context	16	static
/home/erhangok/Documents/GitHub/STM32U5_Cellular_Cloud/STM32CubeExpansion_Cloud_AZURE_V2.3.0/Middlewares/ST/STM32_Cellular/Core/AT_Core/Src/at_modem_common.c:1779:6:atcm_reset_CMD_context	16	static
/home/erhangok/Documents/GitHub/STM32U5_Cellular_Cloud/STM32CubeExpansion_Cloud_AZURE_V2.3.0/Middlewares/ST/STM32_Cellular/Core/AT_Core/Src/at_modem_common.c:1805:6:atcm_reset_SOCKET_context	16	static
/home/erhangok/Documents/GitHub/STM32U5_Cellular_Cloud/STM32CubeExpansion_Cloud_AZURE_V2.3.0/Middlewares/ST/STM32_Cellular/Core/AT_Core/Src/at_modem_common.c:636:6:atcm_modem_init	16	static
/home/erhangok/Documents/GitHub/STM32U5_Cellular_Cloud/STM32CubeExpansion_Cloud_AZURE_V2.3.0/Middlewares/ST/STM32_Cellular/Core/AT_Core/Src/at_modem_common.c:653:6:atcm_modem_reset	16	static
/home/erhangok/Documents/GitHub/STM32U5_Cellular_Cloud/STM32CubeExpansion_Cloud_AZURE_V2.3.0/Middlewares/ST/STM32_Cellular/Core/AT_Core/Src/at_modem_common.c:1829:13:atcm_searchCmdInLUT	48	static
/home/erhangok/Documents/GitHub/STM32U5_Cellular_Cloud/STM32CubeExpansion_Cloud_AZURE_V2.3.0/Middlewares/ST/STM32_Cellular/Core/AT_Core/Src/at_modem_common.c:1888:17:atcm_check_text_line_cmd	16	static
/home/erhangok/Documents/GitHub/STM32U5_Cellular_Cloud/STM32CubeExpansion_Cloud_AZURE_V2.3.0/Middlewares/ST/STM32_Cellular/Core/AT_Core/Src/at_modem_common.c:1985:13:atcm_retrieve_SID_parameters	32	static
/home/erhangok/Documents/GitHub/STM32U5_Cellular_Cloud/STM32CubeExpansion_Cloud_AZURE_V2.3.0/Middlewares/ST/STM32_Cellular/Core/AT_Core/Src/at_modem_common.c:2365:9:atcm_get_affected_modem_cid	16	static
/home/erhangok/Documents/GitHub/STM32U5_Cellular_Cloud/STM32CubeExpansion_Cloud_AZURE_V2.3.0/Middlewares/ST/STM32_Cellular/Core/AT_Core/Src/at_modem_common.c:2403:18:atcm_get_configID_for_modem_cid	0	static
/home/erhangok/Documents/GitHub/STM32U5_Cellular_Cloud/STM32CubeExpansion_Cloud_AZURE_V2.3.0/Middlewares/ST/STM32_Cellular/Core/AT_Core/Src/at_modem_common.c:2431:18:atcm_convert_index_to_PDN_conf	0	static
/home/erhangok/Documents/GitHub/STM32U5_Cellular_Cloud/STM32CubeExpansion_Cloud_AZURE_V2.3.0/Middlewares/ST/STM32_Cellular/Core/AT_Core/Src/at_modem_common.c:2467:6:reset_pdn_event	0	static
/home/erhangok/Documents/GitHub/STM32U5_Cellular_Cloud/STM32CubeExpansion_Cloud_AZURE_V2.3.0/Middlewares/ST/STM32_Cellular/Core/AT_Core/Src/at_modem_common.c:2482:6:atcm_report_urc_sim_event	8	static
/home/erhangok/Documents/GitHub/STM32U5_Cellular_Cloud/STM32CubeExpansion_Cloud_AZURE_V2.3.0/Middlewares/ST/STM32_Cellular/Core/AT_Core/Src/at_modem_common.c:2528:6:atcm_set_error_report	0	static
