/home/erhangok/Documents/GitHub/STM32U5_Cellular_Cloud/STM32CubeExpansion_Cloud_AZURE_V2.3.0/Middlewares/ST/STM32_Cellular/Core/AT_Core/Src/at_modem_api.c:77:13:atcc_initParsers	16	static
/home/erhangok/Documents/GitHub/STM32U5_Cellular_Cloud/STM32CubeExpansion_Cloud_AZURE_V2.3.0/Middlewares/ST/STM32_Cellular/Core/AT_Core/Src/at_modem_api.c:104:6:atcc_init	0	static
/home/erhangok/Documents/GitHub/STM32U5_Cellular_Cloud/STM32CubeExpansion_Cloud_AZURE_V2.3.0/Middlewares/ST/STM32_Cellular/Core/AT_Core/Src/at_modem_api.c:115:34:atcc_checkEndOfMsgCallback	0	static
/home/erhangok/Documents/GitHub/STM32U5_Cellular_Cloud/STM32CubeExpansion_Cloud_AZURE_V2.3.0/Middlewares/ST/STM32_Cellular/Core/AT_Core/Src/at_modem_api.c:128:13:atcc_getCmd	16	static
/home/erhangok/Documents/GitHub/STM32U5_Cellular_Cloud/STM32CubeExpansion_Cloud_AZURE_V2.3.0/Middlewares/ST/STM32_Cellular/Core/AT_Core/Src/at_modem_api.c:145:13:atcc_extractElement	24	static
/home/erhangok/Documents/GitHub/STM32U5_Cellular_Cloud/STM32CubeExpansion_Cloud_AZURE_V2.3.0/Middlewares/ST/STM32_Cellular/Core/AT_Core/Src/at_modem_api.c:167:17:atcc_analyzeCmd	16	static
/home/erhangok/Documents/GitHub/STM32U5_Cellular_Cloud/STM32CubeExpansion_Cloud_AZURE_V2.3.0/Middlewares/ST/STM32_Cellular/Core/AT_Core/Src/at_modem_api.c:186:17:atcc_analyzeParam	16	static
/home/erhangok/Documents/GitHub/STM32U5_Cellular_Cloud/STM32CubeExpansion_Cloud_AZURE_V2.3.0/Middlewares/ST/STM32_Cellular/Core/AT_Core/Src/at_modem_api.c:204:17:atcc_terminateCmd	16	static
/home/erhangok/Documents/GitHub/STM32U5_Cellular_Cloud/STM32CubeExpansion_Cloud_AZURE_V2.3.0/Middlewares/ST/STM32_Cellular/Core/AT_Core/Src/at_modem_api.c:220:13:atcc_get_rsp	16	static
/home/erhangok/Documents/GitHub/STM32U5_Cellular_Cloud/STM32CubeExpansion_Cloud_AZURE_V2.3.0/Middlewares/ST/STM32_Cellular/Core/AT_Core/Src/at_modem_api.c:236:13:atcc_get_urc	16	static
/home/erhangok/Documents/GitHub/STM32U5_Cellular_Cloud/STM32CubeExpansion_Cloud_AZURE_V2.3.0/Middlewares/ST/STM32_Cellular/Core/AT_Core/Src/at_modem_api.c:252:13:atcc_get_error	16	static
/home/erhangok/Documents/GitHub/STM32U5_Cellular_Cloud/STM32CubeExpansion_Cloud_AZURE_V2.3.0/Middlewares/ST/STM32_Cellular/Core/AT_Core/Src/at_modem_api.c:270:6:atcc_hw_event	4	static,ignoring_inline_asm
