/home/erhangok/Documents/GitHub/STM32U5_Cellular_Cloud/STM32CubeExpansion_Cloud_AZURE_V2.3.0/Middlewares/Third_Party/mcuboot/boot/bootutil/src/bootutil_misc.c:408:1:boot_find_status	48	static
/home/erhangok/Documents/GitHub/STM32U5_Cellular_Cloud/STM32CubeExpansion_Cloud_AZURE_V2.3.0/Middlewares/Third_Party/mcuboot/boot/bootutil/src/bootutil_misc.c:532:1:boot_write_trailer	48	static
/home/erhangok/Documents/GitHub/STM32U5_Cellular_Cloud/STM32CubeExpansion_Cloud_AZURE_V2.3.0/Middlewares/Third_Party/mcuboot/boot/bootutil/src/bootutil_misc.c:132:9:boot_fih_memequal	32	static
/home/erhangok/Documents/GitHub/STM32U5_Cellular_Cloud/STM32CubeExpansion_Cloud_AZURE_V2.3.0/Middlewares/Third_Party/mcuboot/boot/bootutil/src/bootutil_misc.c:184:1:boot_magic_compatible_check	0	static
/home/erhangok/Documents/GitHub/STM32U5_Cellular_Cloud/STM32CubeExpansion_Cloud_AZURE_V2.3.0/Middlewares/Third_Party/mcuboot/boot/bootutil/src/bootutil_misc.c:199:1:boot_status_sz	0	static
/home/erhangok/Documents/GitHub/STM32U5_Cellular_Cloud/STM32CubeExpansion_Cloud_AZURE_V2.3.0/Middlewares/Third_Party/mcuboot/boot/bootutil/src/bootutil_misc.c:206:1:boot_trailer_sz	0	static
/home/erhangok/Documents/GitHub/STM32U5_Cellular_Cloud/STM32CubeExpansion_Cloud_AZURE_V2.3.0/Middlewares/Third_Party/mcuboot/boot/bootutil/src/bootutil_misc.c:224:1:boot_status_entries	0	static
/home/erhangok/Documents/GitHub/STM32U5_Cellular_Cloud/STM32CubeExpansion_Cloud_AZURE_V2.3.0/Middlewares/Third_Party/mcuboot/boot/bootutil/src/bootutil_misc.c:239:1:boot_status_off	8	static
/home/erhangok/Documents/GitHub/STM32U5_Cellular_Cloud/STM32CubeExpansion_Cloud_AZURE_V2.3.0/Middlewares/Third_Party/mcuboot/boot/bootutil/src/bootutil_misc.c:253:1:boot_magic_off	0	static
/home/erhangok/Documents/GitHub/STM32U5_Cellular_Cloud/STM32CubeExpansion_Cloud_AZURE_V2.3.0/Middlewares/Third_Party/mcuboot/boot/bootutil/src/bootutil_misc.c:271:1:boot_swap_info_off	0	static
/home/erhangok/Documents/GitHub/STM32U5_Cellular_Cloud/STM32CubeExpansion_Cloud_AZURE_V2.3.0/Middlewares/Third_Party/mcuboot/boot/bootutil/src/bootutil_misc.c:295:6:bootutil_buffer_is_erased	16	static
/home/erhangok/Documents/GitHub/STM32U5_Cellular_Cloud/STM32CubeExpansion_Cloud_AZURE_V2.3.0/Middlewares/Third_Party/mcuboot/boot/bootutil/src/bootutil_misc.c:317:1:boot_read_swap_state	40	static
/home/erhangok/Documents/GitHub/STM32U5_Cellular_Cloud/STM32CubeExpansion_Cloud_AZURE_V2.3.0/Middlewares/Third_Party/mcuboot/boot/bootutil/src/bootutil_misc.c:383:1:boot_read_swap_state_by_id	16	static
/home/erhangok/Documents/GitHub/STM32U5_Cellular_Cloud/STM32CubeExpansion_Cloud_AZURE_V2.3.0/Middlewares/Third_Party/mcuboot/boot/bootutil/src/bootutil_misc.c:454:1:boot_read_swap_size	24	static
/home/erhangok/Documents/GitHub/STM32U5_Cellular_Cloud/STM32CubeExpansion_Cloud_AZURE_V2.3.0/Middlewares/Third_Party/mcuboot/boot/bootutil/src/bootutil_misc.c:472:1:boot_read_enc_key	24	static
/home/erhangok/Documents/GitHub/STM32U5_Cellular_Cloud/STM32CubeExpansion_Cloud_AZURE_V2.3.0/Middlewares/Third_Party/mcuboot/boot/bootutil/src/bootutil_misc.c:508:1:boot_write_magic	8	static
/home/erhangok/Documents/GitHub/STM32U5_Cellular_Cloud/STM32CubeExpansion_Cloud_AZURE_V2.3.0/Middlewares/Third_Party/mcuboot/boot/bootutil/src/bootutil_misc.c:568:1:boot_write_copy_done	16	static
/home/erhangok/Documents/GitHub/STM32U5_Cellular_Cloud/STM32CubeExpansion_Cloud_AZURE_V2.3.0/Middlewares/Third_Party/mcuboot/boot/bootutil/src/bootutil_misc.c:580:1:boot_write_image_ok	16	static
/home/erhangok/Documents/GitHub/STM32U5_Cellular_Cloud/STM32CubeExpansion_Cloud_AZURE_V2.3.0/Middlewares/Third_Party/mcuboot/boot/bootutil/src/bootutil_misc.c:597:1:boot_write_swap_info	16	static
/home/erhangok/Documents/GitHub/STM32U5_Cellular_Cloud/STM32CubeExpansion_Cloud_AZURE_V2.3.0/Middlewares/Third_Party/mcuboot/boot/bootutil/src/bootutil_misc.c:613:1:boot_write_swap_size	16	static
/home/erhangok/Documents/GitHub/STM32U5_Cellular_Cloud/STM32CubeExpansion_Cloud_AZURE_V2.3.0/Middlewares/Third_Party/mcuboot/boot/bootutil/src/bootutil_misc.c:626:1:boot_write_enc_key	16	static
/home/erhangok/Documents/GitHub/STM32U5_Cellular_Cloud/STM32CubeExpansion_Cloud_AZURE_V2.3.0/Middlewares/Third_Party/mcuboot/boot/bootutil/src/bootutil_misc.c:650:1:boot_swap_type_multi	32	static
/home/erhangok/Documents/GitHub/STM32U5_Cellular_Cloud/STM32CubeExpansion_Cloud_AZURE_V2.3.0/Middlewares/Third_Party/mcuboot/boot/bootutil/src/bootutil_misc.c:706:1:boot_swap_type	0	static
/home/erhangok/Documents/GitHub/STM32U5_Cellular_Cloud/STM32CubeExpansion_Cloud_AZURE_V2.3.0/Middlewares/Third_Party/mcuboot/boot/bootutil/src/bootutil_misc.c:723:1:boot_set_pending	32	static
/home/erhangok/Documents/GitHub/STM32U5_Cellular_Cloud/STM32CubeExpansion_Cloud_AZURE_V2.3.0/Middlewares/Third_Party/mcuboot/boot/bootutil/src/bootutil_misc.c:793:1:boot_set_confirmed	32	static
