/home/erhangok/Downloads/STM32CubeExpansion_Cloud_AZURE_V2.3.0/Drivers/STM32U5xx_HAL_Driver/Src/stm32u5xx_hal_rng.c:340:13:HAL_RNG_MspInit	0	static
/home/erhangok/Downloads/STM32CubeExpansion_Cloud_AZURE_V2.3.0/Drivers/STM32U5xx_HAL_Driver/Src/stm32u5xx_hal_rng.c:154:19:HAL_RNG_Init	16	static
/home/erhangok/Downloads/STM32CubeExpansion_Cloud_AZURE_V2.3.0/Drivers/STM32U5xx_HAL_Driver/Src/stm32u5xx_hal_rng.c:355:13:HAL_RNG_MspDeInit	0	static
/home/erhangok/Downloads/STM32CubeExpansion_Cloud_AZURE_V2.3.0/Drivers/STM32U5xx_HAL_Driver/Src/stm32u5xx_hal_rng.c:266:19:HAL_RNG_DeInit	16	static
/home/erhangok/Downloads/STM32CubeExpansion_Cloud_AZURE_V2.3.0/Drivers/STM32U5xx_HAL_Driver/Src/stm32u5xx_hal_rng.c:704:19:HAL_RNG_GenerateRandomNumber_IT	0	static
/home/erhangok/Downloads/STM32CubeExpansion_Cloud_AZURE_V2.3.0/Drivers/STM32U5xx_HAL_Driver/Src/stm32u5xx_hal_rng.c:839:10:HAL_RNG_ReadLastRandomNumber	0	static
/home/erhangok/Downloads/STM32CubeExpansion_Cloud_AZURE_V2.3.0/Drivers/STM32U5xx_HAL_Driver/Src/stm32u5xx_hal_rng.c:856:13:HAL_RNG_ReadyDataCallback	0	static
/home/erhangok/Downloads/STM32CubeExpansion_Cloud_AZURE_V2.3.0/Drivers/STM32U5xx_HAL_Driver/Src/stm32u5xx_hal_rng.c:872:13:HAL_RNG_ErrorCallback	0	static
/home/erhangok/Downloads/STM32CubeExpansion_Cloud_AZURE_V2.3.0/Drivers/STM32U5xx_HAL_Driver/Src/stm32u5xx_hal_rng.c:753:6:HAL_RNG_IRQHandler	8	static
/home/erhangok/Downloads/STM32CubeExpansion_Cloud_AZURE_V2.3.0/Drivers/STM32U5xx_HAL_Driver/Src/stm32u5xx_hal_rng.c:906:22:HAL_RNG_GetState	0	static
/home/erhangok/Downloads/STM32CubeExpansion_Cloud_AZURE_V2.3.0/Drivers/STM32U5xx_HAL_Driver/Src/stm32u5xx_hal_rng.c:916:10:HAL_RNG_GetError	0	static
/home/erhangok/Downloads/STM32CubeExpansion_Cloud_AZURE_V2.3.0/Drivers/STM32U5xx_HAL_Driver/Src/stm32u5xx_hal_rng.c:938:19:RNG_RecoverSeedError	16	static
/home/erhangok/Downloads/STM32CubeExpansion_Cloud_AZURE_V2.3.0/Drivers/STM32U5xx_HAL_Driver/Src/stm32u5xx_hal_rng.c:622:19:HAL_RNG_GenerateRandomNumber	24	static
