/home/erhangok/Downloads/en.x-cube-azure-v2-3-0/STM32CubeExpansion_Cloud_AZURE_V2.3.0/Middlewares/Third_Party/mbed-crypto/library/psa_crypto_hash.c:36:26:mbedtls_md_info_from_psa	0	static
/home/erhangok/Downloads/en.x-cube-azure-v2-3-0/STM32CubeExpansion_Cloud_AZURE_V2.3.0/Middlewares/Third_Party/mbed-crypto/library/psa_crypto_hash.c:86:14:mbedtls_psa_hash_abort	8	static
/home/erhangok/Downloads/en.x-cube-azure-v2-3-0/STM32CubeExpansion_Cloud_AZURE_V2.3.0/Middlewares/Third_Party/mbed-crypto/library/psa_crypto_hash.c:148:14:mbedtls_psa_hash_setup	16	static
/home/erhangok/Downloads/en.x-cube-azure-v2-3-0/STM32CubeExpansion_Cloud_AZURE_V2.3.0/Middlewares/Third_Party/mbed-crypto/library/psa_crypto_hash.c:228:14:mbedtls_psa_hash_clone	16	static
/home/erhangok/Downloads/en.x-cube-azure-v2-3-0/STM32CubeExpansion_Cloud_AZURE_V2.3.0/Middlewares/Third_Party/mbed-crypto/library/psa_crypto_hash.c:300:14:mbedtls_psa_hash_update	8	static
/home/erhangok/Downloads/en.x-cube-azure-v2-3-0/STM32CubeExpansion_Cloud_AZURE_V2.3.0/Middlewares/Third_Party/mbed-crypto/library/psa_crypto_hash.c:372:14:mbedtls_psa_hash_finish	24	static
/home/erhangok/Downloads/en.x-cube-azure-v2-3-0/STM32CubeExpansion_Cloud_AZURE_V2.3.0/Middlewares/Third_Party/mbed-crypto/library/psa_crypto_hash.c:456:14:mbedtls_psa_hash_compute	416	static
