/home/erhangok/Downloads/en.x-cube-azure-v2-3-0/STM32CubeExpansion_Cloud_AZURE_V2.3.0/Middlewares/Third_Party/mbed-crypto/library/sha512.c:68:6:mbedtls_sha512_init	0	static
/home/erhangok/Downloads/en.x-cube-azure-v2-3-0/STM32CubeExpansion_Cloud_AZURE_V2.3.0/Middlewares/Third_Party/mbed-crypto/library/sha512.c:75:6:mbedtls_sha512_free	0	static
/home/erhangok/Downloads/en.x-cube-azure-v2-3-0/STM32CubeExpansion_Cloud_AZURE_V2.3.0/Middlewares/Third_Party/mbed-crypto/library/sha512.c:83:6:mbedtls_sha512_clone	8	static
/home/erhangok/Downloads/en.x-cube-azure-v2-3-0/STM32CubeExpansion_Cloud_AZURE_V2.3.0/Middlewares/Third_Party/mbed-crypto/library/sha512.c:95:5:mbedtls_sha512_starts_ret	64	static
/home/erhangok/Downloads/en.x-cube-azure-v2-3-0/STM32CubeExpansion_Cloud_AZURE_V2.3.0/Middlewares/Third_Party/mbed-crypto/library/sha512.c:144:6:mbedtls_sha512_starts	0	static
/home/erhangok/Downloads/en.x-cube-azure-v2-3-0/STM32CubeExpansion_Cloud_AZURE_V2.3.0/Middlewares/Third_Party/mbed-crypto/library/sha512.c:200:5:mbedtls_internal_sha512_process	816	static
/home/erhangok/Downloads/en.x-cube-azure-v2-3-0/STM32CubeExpansion_Cloud_AZURE_V2.3.0/Middlewares/Third_Party/mbed-crypto/library/sha512.c:303:6:mbedtls_sha512_process	0	static
/home/erhangok/Downloads/en.x-cube-azure-v2-3-0/STM32CubeExpansion_Cloud_AZURE_V2.3.0/Middlewares/Third_Party/mbed-crypto/library/sha512.c:314:5:mbedtls_sha512_update_ret	32	static
/home/erhangok/Downloads/en.x-cube-azure-v2-3-0/STM32CubeExpansion_Cloud_AZURE_V2.3.0/Middlewares/Third_Party/mbed-crypto/library/sha512.c:364:6:mbedtls_sha512_update	0	static
/home/erhangok/Downloads/en.x-cube-azure-v2-3-0/STM32CubeExpansion_Cloud_AZURE_V2.3.0/Middlewares/Third_Party/mbed-crypto/library/sha512.c:375:5:mbedtls_sha512_finish_ret	24	static
/home/erhangok/Downloads/en.x-cube-azure-v2-3-0/STM32CubeExpansion_Cloud_AZURE_V2.3.0/Middlewares/Third_Party/mbed-crypto/library/sha512.c:443:6:mbedtls_sha512_finish	0	static
/home/erhangok/Downloads/en.x-cube-azure-v2-3-0/STM32CubeExpansion_Cloud_AZURE_V2.3.0/Middlewares/Third_Party/mbed-crypto/library/sha512.c:455:5:mbedtls_sha512_ret	240	static
/home/erhangok/Downloads/en.x-cube-azure-v2-3-0/STM32CubeExpansion_Cloud_AZURE_V2.3.0/Middlewares/Third_Party/mbed-crypto/library/sha512.c:489:6:mbedtls_sha512	0	static
