Archive member included to satisfy reference by file (symbol)

/opt/st/stm32cubeide_1.13.1/plugins/com.st.stm32cube.ide.mcu.externaltools.gnu-tools-for-stm32.12.3.rel1.linux64_1.0.100.202403111256/tools/bin/../lib/gcc/arm-none-eabi/12.3.1/../../../../arm-none-eabi/lib/thumb/v8-m.main+fp/hard/libc_nano.a(libc_a-exit.o)
                              /opt/st/stm32cubeide_1.13.1/plugins/com.st.stm32cube.ide.mcu.externaltools.gnu-tools-for-stm32.12.3.rel1.linux64_1.0.100.202403111256/tools/bin/../lib/gcc/arm-none-eabi/12.3.1/../../../../arm-none-eabi/lib/thumb/v8-m.main+fp/hard/crt0.o (exit)
/opt/st/stm32cubeide_1.13.1/plugins/com.st.stm32cube.ide.mcu.externaltools.gnu-tools-for-stm32.12.3.rel1.linux64_1.0.100.202403111256/tools/bin/../lib/gcc/arm-none-eabi/12.3.1/../../../../arm-none-eabi/lib/thumb/v8-m.main+fp/hard/libc_nano.a(libc_a-findfp.o)
                              /opt/st/stm32cubeide_1.13.1/plugins/com.st.stm32cube.ide.mcu.externaltools.gnu-tools-for-stm32.12.3.rel1.linux64_1.0.100.202403111256/tools/bin/../lib/gcc/arm-none-eabi/12.3.1/../../../../arm-none-eabi/lib/thumb/v8-m.main+fp/hard/libc_nano.a(libc_a-exit.o) (__stdio_exit_handler)
/opt/st/stm32cubeide_1.13.1/plugins/com.st.stm32cube.ide.mcu.externaltools.gnu-tools-for-stm32.12.3.rel1.linux64_1.0.100.202403111256/tools/bin/../lib/gcc/arm-none-eabi/12.3.1/../../../../arm-none-eabi/lib/thumb/v8-m.main+fp/hard/libc_nano.a(libc_a-fwalk.o)
                              /opt/st/stm32cubeide_1.13.1/plugins/com.st.stm32cube.ide.mcu.externaltools.gnu-tools-for-stm32.12.3.rel1.linux64_1.0.100.202403111256/tools/bin/../lib/gcc/arm-none-eabi/12.3.1/../../../../arm-none-eabi/lib/thumb/v8-m.main+fp/hard/libc_nano.a(libc_a-findfp.o) (_fwalk_sglue)
/opt/st/stm32cubeide_1.13.1/plugins/com.st.stm32cube.ide.mcu.externaltools.gnu-tools-for-stm32.12.3.rel1.linux64_1.0.100.202403111256/tools/bin/../lib/gcc/arm-none-eabi/12.3.1/../../../../arm-none-eabi/lib/thumb/v8-m.main+fp/hard/libc_nano.a(libc_a-stdio.o)
                              /opt/st/stm32cubeide_1.13.1/plugins/com.st.stm32cube.ide.mcu.externaltools.gnu-tools-for-stm32.12.3.rel1.linux64_1.0.100.202403111256/tools/bin/../lib/gcc/arm-none-eabi/12.3.1/../../../../arm-none-eabi/lib/thumb/v8-m.main+fp/hard/libc_nano.a(libc_a-findfp.o) (__sread)
/opt/st/stm32cubeide_1.13.1/plugins/com.st.stm32cube.ide.mcu.externaltools.gnu-tools-for-stm32.12.3.rel1.linux64_1.0.100.202403111256/tools/bin/../lib/gcc/arm-none-eabi/12.3.1/../../../../arm-none-eabi/lib/thumb/v8-m.main+fp/hard/libc_nano.a(libc_a-memmove.o)
                              ./Drivers/STM32U5xx_HAL_Driver/stm32u5xx_hal_dma_ex.o (memmove)
/opt/st/stm32cubeide_1.13.1/plugins/com.st.stm32cube.ide.mcu.externaltools.gnu-tools-for-stm32.12.3.rel1.linux64_1.0.100.202403111256/tools/bin/../lib/gcc/arm-none-eabi/12.3.1/../../../../arm-none-eabi/lib/thumb/v8-m.main+fp/hard/libc_nano.a(libc_a-memset.o)
                              /opt/st/stm32cubeide_1.13.1/plugins/com.st.stm32cube.ide.mcu.externaltools.gnu-tools-for-stm32.12.3.rel1.linux64_1.0.100.202403111256/tools/bin/../lib/gcc/arm-none-eabi/12.3.1/../../../../arm-none-eabi/lib/thumb/v8-m.main+fp/hard/crt0.o (memset)
/opt/st/stm32cubeide_1.13.1/plugins/com.st.stm32cube.ide.mcu.externaltools.gnu-tools-for-stm32.12.3.rel1.linux64_1.0.100.202403111256/tools/bin/../lib/gcc/arm-none-eabi/12.3.1/../../../../arm-none-eabi/lib/thumb/v8-m.main+fp/hard/libc_nano.a(libc_a-closer.o)
                              /opt/st/stm32cubeide_1.13.1/plugins/com.st.stm32cube.ide.mcu.externaltools.gnu-tools-for-stm32.12.3.rel1.linux64_1.0.100.202403111256/tools/bin/../lib/gcc/arm-none-eabi/12.3.1/../../../../arm-none-eabi/lib/thumb/v8-m.main+fp/hard/libc_nano.a(libc_a-stdio.o) (_close_r)
/opt/st/stm32cubeide_1.13.1/plugins/com.st.stm32cube.ide.mcu.externaltools.gnu-tools-for-stm32.12.3.rel1.linux64_1.0.100.202403111256/tools/bin/../lib/gcc/arm-none-eabi/12.3.1/../../../../arm-none-eabi/lib/thumb/v8-m.main+fp/hard/libc_nano.a(libc_a-reent.o)
                              /opt/st/stm32cubeide_1.13.1/plugins/com.st.stm32cube.ide.mcu.externaltools.gnu-tools-for-stm32.12.3.rel1.linux64_1.0.100.202403111256/tools/bin/../lib/gcc/arm-none-eabi/12.3.1/../../../../arm-none-eabi/lib/thumb/v8-m.main+fp/hard/libc_nano.a(libc_a-closer.o) (errno)
/opt/st/stm32cubeide_1.13.1/plugins/com.st.stm32cube.ide.mcu.externaltools.gnu-tools-for-stm32.12.3.rel1.linux64_1.0.100.202403111256/tools/bin/../lib/gcc/arm-none-eabi/12.3.1/../../../../arm-none-eabi/lib/thumb/v8-m.main+fp/hard/libc_nano.a(libc_a-impure.o)
                              /opt/st/stm32cubeide_1.13.1/plugins/com.st.stm32cube.ide.mcu.externaltools.gnu-tools-for-stm32.12.3.rel1.linux64_1.0.100.202403111256/tools/bin/../lib/gcc/arm-none-eabi/12.3.1/../../../../arm-none-eabi/lib/thumb/v8-m.main+fp/hard/libc_nano.a(libc_a-reent.o) (_impure_ptr)
[...]
Memory Configuration

Name             Origin             Length             Attributes
FLASH            0x0c1fa000         0x00003f00         xr
ROM_NSC          0x0c1fdf00         0x00000100         xr
RAM              0x30030000         0x00010000         xrw
*default*        0x00000000         0xffffffff

Linker script and memory map

LOAD /opt/st/stm32cubeide_1.13.1/plugins/com.st.stm32cube.ide.mcu.externaltools.gnu-tools-for-stm32.12.3.rel1.linux64_1.0.100.202403111256/tools/bin/../lib/gcc/arm-none-eabi/12.3.1/thumb/v8-m.main+fp/hard/crti.o
LOAD /opt/st/stm32cubeide_1.13.1/plugins/com.st.stm32cube.ide.mcu.externaltools.gnu-tools-for-stm32.12.3.rel1.linux64_1.0.100.202403111256/tools/bin/../lib/gcc/arm-none-eabi/12.3.1/thumb/v8-m.main+fp/hard/crtbegin.o
LOAD /opt/st/stm32cubeide_1.13.1/plugins/com.st.stm32cube.ide.mcu.externaltools.gnu-tools-for-stm32.12.3.rel1.linux64_1.0.100.202403111256/tools/bin/../lib/gcc/arm-none-eabi/12.3.1/../../../../arm-none-eabi/lib/thumb/v8-m.main+fp/hard/crt0.o
LOAD ./Application/User/low_level_device.o
LOAD ./Application/User/low_level_flash.o
LOAD ./Application/User/main.o
LOAD ./Application/User/secure_nsc.o
LOAD ./Application/User/startup_stm32u5xx.o
LOAD ./Application/User/tick.o
LOAD ./Drivers/CMSIS/system_stm32u5xx.o
LOAD ./Drivers/STM32U5xx_HAL_Driver/stm32u5xx_hal.o
LOAD ./Drivers/STM32U5xx_HAL_Driver/stm32u5xx_hal_cortex.o
LOAD ./Drivers/STM32U5xx_HAL_Driver/stm32u5xx_hal_dma.o
LOAD ./Drivers/STM32U5xx_HAL_Driver/stm32u5xx_hal_dma_ex.o
LOAD ./Drivers/STM32U5xx_HAL_Driver/stm32u5xx_hal_flash.o
LOAD ./Drivers/STM32U5xx_HAL_Driver/stm32u5xx_hal_flash_ex.o
LOAD ./Drivers/STM32U5xx_HAL_Driver/stm32u5xx_hal_gpio.o
LOAD ./Drivers/STM32U5xx_HAL_Driver/stm32u5xx_hal_gtzc.o
LOAD ./Drivers/STM32U5xx_HAL_Driver/stm32u5xx_hal_pwr.o
LOAD ./Drivers/STM32U5xx_HAL_Driver/stm32u5xx_hal_pwr_ex.o
LOAD ./Drivers/STM32U5xx_HAL_Driver/stm32u5xx_hal_rcc.o
LOAD ./Drivers/STM32U5xx_HAL_Driver/stm32u5xx_hal_rcc_ex.o
START GROUP
LOAD /opt/st/stm32cubeide_1.13.1/plugins/com.st.stm32cube.ide.mcu.externaltools.gnu-tools-for-stm32.12.3.rel1.linux64_1.0.100.202403111256/tools/bin/../lib/gcc/arm-none-eabi/12.3.1/../../../../arm-none-eabi/lib/thumb/v8-m.main+fp/hard/libc_nano.a
LOAD /opt/st/stm32cubeide_1.13.1/plugins/com.st.stm32cube.ide.mcu.externaltools.gnu-tools-for-stm32.12.3.rel1.linux64_1.0.100.202403111256/tools/bin/../lib/gcc/arm-none-eabi/12.3.1/../../../../arm-none-eabi/lib/thumb/v8-m.main+fp/hard/libm.a
END GROUP
START GROUP
LOAD /opt/st/stm32cubeide_1.13.1/plugins/com.st.stm32cube.ide.mcu.externaltools.gnu-tools-for-stm32.12.3.rel1.linux64_1.0.100.202403111256/tools/bin/../lib/gcc/arm-none-eabi/12.3.1/thumb/v8-m.main+fp/hard/libgcc.a
LOAD /opt/st/stm32cubeide_1.13.1/plugins/com.st.stm32cube.ide.mcu.externaltools.gnu-tools-for-stm32.12.3.rel1.linux64_1.0.100.202403111256/tools/bin/../lib/gcc/arm-none-eabi/12.3.1/../../../../arm-none-eabi/lib/thumb/v8-m.main+fp/hard/libc_nano.a
END GROUP
START GROUP
LOAD /opt/st/stm32cubeide_1.13.1/plugins/com.st.stm32cube.ide.mcu.externaltools.gnu-tools-for-stm32.12.3.rel1.linux64_1.0.100.202403111256/tools/bin/../lib/gcc/arm-none-eabi/12.3.1/thumb/v8-m.main+fp/hard/libgcc.a
LOAD /opt/st/stm32cubeide_1.13.1/plugins/com.st.stm32cube.ide.mcu.externaltools.gnu-tools-for-stm32.12.3.rel1.linux64_1.0.100.202403111256/tools/bin/../lib/gcc/arm-none-eabi/12.3.1/../../../../arm-none-eabi/lib/thumb/v8-m.main+fp/hard/libc_nano.a
LOAD /opt/st/stm32cubeide_1.13.1/plugins/com.st.stm32cube.ide.mcu.externaltools.gnu-tools-for-stm32.12.3.rel1.linux64_1.0.100.202403111256/tools/bin/../lib/gcc/arm-none-eabi/12.3.1/../../../../arm-none-eabi/lib/thumb/v8-m.main+fp/hard/libnosys.a
END GROUP
START GROUP
LOAD /opt/st/stm32cubeide_1.13.1/plugins/com.st.stm32cube.ide.mcu.externaltools.gnu-tools-for-stm32.12.3.rel1.linux64_1.0.100.202403111256/tools/bin/../lib/gcc/arm-none-eabi/12.3.1/thumb/v8-m.main+fp/hard/libgcc.a
LOAD /opt/st/stm32cubeide_1.13.1/plugins/com.st.stm32cube.ide.mcu.externaltools.gnu-tools-for-stm32.12.3.rel1.linux64_1.0.100.202403111256/tools/bin/../lib/gcc/arm-none-eabi/12.3.1/../../../../arm-none-eabi/lib/thumb/v8-m.main+fp/hard/libc_nano.a
LOAD /opt/st/stm32cubeide_1.13.1/plugins/com.st.stm32cube.ide.mcu.externaltools.gnu-tools-for-stm32.12.3.rel1.linux64_1.0.100.202403111256/tools/bin/../lib/gcc/arm-none-eabi/12.3.1/../../../../arm-none-eabi/lib/thumb/v8-m.main+fp/hard/libnosys.a
END GROUP
LOAD /opt/st/stm32cubeide_1.13.1/plugins/com.st.stm32cube.ide.mcu.externaltools.gnu-tools-for-stm32.12.3.rel1.linux64_1.0.100.202403111256/tools/bin/../lib/gcc/arm-none-eabi/12.3.1/thumb/v8-m.main+fp/hard/crtend.o
LOAD /opt/st/stm32cubeide_1.13.1/plugins/com.st.stm32cube.ide.mcu.externaltools.gnu-tools-for-stm32.12.3.rel1.linux64_1.0.100.202403111256/tools/bin/../lib/gcc/arm-none-eabi/12.3.1/thumb/v8-m.main+fp/hard/crtn.o
                0x00000200                        __heap_size__ = 0x200
                0x00000400                        __msp_stack_size__ = 0x400
START GROUP
LOAD /opt/st/stm32cubeide_1.13.1/plugins/com.st.stm32cube.ide.mcu.externaltools.gnu-tools-for-stm32.12.3.rel1.linux64_1.0.100.202403111256/tools/bin/../lib/gcc/arm-none-eabi/12.3.1/thumb/v8-m.main+fp/hard/libgcc.a
LOAD /opt/st/stm32cubeide_1.13.1/plugins/com.st.stm32cube.ide.mcu.externaltools.gnu-tools-for-stm32.12.3.rel1.linux64_1.0.100.202403111256/tools/bin/../lib/gcc/arm-none-eabi/12.3.1/../../../../arm-none-eabi/lib/thumb/v8-m.main+fp/hard/libc.a
LOAD /opt/st/stm32cubeide_1.13.1/plugins/com.st.stm32cube.ide.mcu.externaltools.gnu-tools-for-stm32.12.3.rel1.linux64_1.0.100.202403111256/tools/bin/../lib/gcc/arm-none-eabi/12.3.1/../../../../arm-none-eabi/lib/thumb/v8-m.main+fp/hard/libm.a
LOAD /opt/st/stm32cubeide_1.13.1/plugins/com.st.stm32cube.ide.mcu.externaltools.gnu-tools-for-stm32.12.3.rel1.linux64_1.0.100.202403111256/tools/bin/../lib/gcc/arm-none-eabi/12.3.1/../../../../arm-none-eabi/lib/thumb/v8-m.main+fp/hard/libnosys.a
END GROUP

.text           0x0c1fa000      0xd20
 *(.vectors)
 .vectors       0x0c1fa000      0x238 ./Application/User/startup_stm32u5xx.o
                0x0c1fa000                __Vectors
                0x0c1fa238                        __Vectors_End = .
                0x0c1fa238                        __Vectors_Size = (__Vectors_End - __Vectors)
                0x30030440                        __end__ = .
 *(.text*)
 .text          0x0c1fa238       0x40 /opt/st/stm32cubeide_1.13.1/plugins/com.st.stm32cube.ide.mcu.externaltools.gnu-tools-for-stm32.12.3.rel1.linux64_1.0.100.202403111256/tools/bin/../lib/gcc/arm-none-eabi/12.3.1/thumb/v8-m.main+fp/hard/crtbegin.o
 .text          0x0c1fa278       0x7c /opt/st/stm32cubeide_1.13.1/plugins/com.st.stm32cube.ide.mcu.externaltools.gnu-tools-for-stm32.12.3.rel1.linux64_1.0.100.202403111256/tools/bin/../lib/gcc/arm-none-eabi/12.3.1/../../../../arm-none-eabi/lib/thumb/v8-m.main+fp/hard/crt0.o
                0x0c1fa278                _stack_init
                0x0c1fa280                _mainCRTStartup
                0x0c1fa280                _start
 .text.__NVIC_SystemReset
                0x0c1fa2f4       0x24 ./Application/User/main.o
 .text.unsecure_sram1.constprop.0
                0x0c1fa318       0x58 ./Application/User/main.o
 .text.startup.main
                0x0c1fa370       0x80 ./Application/User/main.o
                0x0c1fa370                main
 .text.TAMP_IRQHandler
                0x0c1fa3f0        0x6 ./Application/User/main.o
                0x0c1fa3f0                TAMP_IRQHandler
 .text.Error_Handler
                0x0c1fa3f6        0x6 ./Application/User/main.o
                0x0c1fa3f6                Error_Handler
 .text.dummy    0x0c1fa3fc       0x68 ./Application/User/secure_nsc.o
                0x0c1fa3fc                __acle_se_dummy
 .text.NMI_Handler
                0x0c1fa464        0x2 ./Application/User/startup_stm32u5xx.o
                0x0c1fa464                NMI_Handler
 .text.HardFault_Handler
                0x0c1fa466        0x2 ./Application/User/startup_stm32u5xx.o
                0x0c1fa466                HardFault_Handler
 .text.MemManage_Handler
                0x0c1fa468        0x2 ./Application/User/startup_stm32u5xx.o
                0x0c1fa468                MemManage_Handler
 .text.BusFault_Handler
                0x0c1fa46a        0x2 ./Application/User/startup_stm32u5xx.o
                0x0c1fa46a                BusFault_Handler
 .text.UsageFault_Handler
                0x0c1fa46c        0x2 ./Application/User/startup_stm32u5xx.o
                0x0c1fa46c                UsageFault_Handler
 .text.SecureFault_Handler
                0x0c1fa46e        0x2 ./Application/User/startup_stm32u5xx.o
                0x0c1fa46e                SecureFault_Handler
 .text.SVC_Handler
                0x0c1fa470        0x2 ./Application/User/startup_stm32u5xx.o
                0x0c1fa470                SVC_Handler
 .text.DebugMon_Handler
                0x0c1fa472        0x2 ./Application/User/startup_stm32u5xx.o
                0x0c1fa472                DebugMon_Handler
 .text.PendSV_Handler
                0x0c1fa474        0x2 ./Application/User/startup_stm32u5xx.o
                0x0c1fa474                PendSV_Handler
 .text.SysTick_Handler
                0x0c1fa476        0x2 ./Application/User/startup_stm32u5xx.o
                0x0c1fa476                SysTick_Handler
 .text.WWDG_IRQHandler
                0x0c1fa478        0x2 ./Application/User/startup_stm32u5xx.o
                0x0c1fa478                WWDG_IRQHandler
 .text.PVD_PVM_IRQHandler
                0x0c1fa47a        0x2 ./Application/User/startup_stm32u5xx.o
                0x0c1fa47a                PVD_PVM_IRQHandler
 .text.RTC_IRQHandler
                0x0c1fa47c        0x2 ./Application/User/startup_stm32u5xx.o
                0x0c1fa47c                RTC_IRQHandler
 .text.RTC_IRQHandler_S
                0x0c1fa47e        0x2 ./Application/User/startup_stm32u5xx.o
                0x0c1fa47e                RTC_IRQHandler_S
 .text.RAMCFG_IRQHandler
                0x0c1fa480        0x2 ./Application/User/startup_stm32u5xx.o
                0x0c1fa480                RAMCFG_IRQHandler
 .text.FLASH_IRQHandler
                0x0c1fa482        0x2 ./Application/User/startup_stm32u5xx.o
                0x0c1fa482                FLASH_IRQHandler
 .text.FLASH_IRQHandler_S
                0x0c1fa484        0x2 ./Application/User/startup_stm32u5xx.o
                0x0c1fa484                FLASH_IRQHandler_S
 .text.GTZC_IRQHandler
                0x0c1fa486        0x2 ./Application/User/startup_stm32u5xx.o
                0x0c1fa486                GTZC_IRQHandler
 .text.RCC_IRQHandler
                0x0c1fa488        0x2 ./Application/User/startup_stm32u5xx.o
                0x0c1fa488                RCC_IRQHandler
 .text.RCC_IRQHandler_S
                0x0c1fa48a        0x2 ./Application/User/startup_stm32u5xx.o
                0x0c1fa48a                RCC_IRQHandler_S
 .text.EXTI0_IRQHandler
                0x0c1fa48c        0x2 ./Application/User/startup_stm32u5xx.o
                0x0c1fa48c                EXTI0_IRQHandler
 .text.EXTI1_IRQHandler
                0x0c1fa48e        0x2 ./Application/User/startup_stm32u5xx.o
                0x0c1fa48e                EXTI1_IRQHandler
 .text.EXTI2_IRQHandler
                0x0c1fa490        0x2 ./Application/User/startup_stm32u5xx.o
                0x0c1fa490                EXTI2_IRQHandler
 .text.EXTI3_IRQHandler
                0x0c1fa492        0x2 ./Application/User/startup_stm32u5xx.o
                0x0c1fa492                EXTI3_IRQHandler
 .text.EXTI4_IRQHandler
                0x0c1fa494        0x2 ./Application/User/startup_stm32u5xx.o
                0x0c1fa494                EXTI4_IRQHandler
 .text.EXTI5_IRQHandler
                0x0c1fa496        0x2 ./Application/User/startup_stm32u5xx.o
                0x0c1fa496                EXTI5_IRQHandler
 .text.EXTI6_IRQHandler
                0x0c1fa498        0x2 ./Application/User/startup_stm32u5xx.o
                0x0c1fa498                EXTI6_IRQHandler
 .text.EXTI7_IRQHandler
                0x0c1fa49a        0x2 ./Application/User/startup_stm32u5xx.o
                0x0c1fa49a                EXTI7_IRQHandler
 .text.EXTI8_IRQHandler
                0x0c1fa49c        0x2 ./Application/User/startup_stm32u5xx.o
                0x0c1fa49c                EXTI8_IRQHandler
 .text.EXTI9_IRQHandler
                0x0c1fa49e        0x2 ./Application/User/startup_stm32u5xx.o
                0x0c1fa49e                EXTI9_IRQHandler
 .text.EXTI10_IRQHandler
                0x0c1fa4a0        0x2 ./Application/User/startup_stm32u5xx.o
                0x0c1fa4a0                EXTI10_IRQHandler
 .text.EXTI11_IRQHandler
                0x0c1fa4a2        0x2 ./Application/User/startup_stm32u5xx.o
                0x0c1fa4a2                EXTI11_IRQHandler
 .text.EXTI12_IRQHandler
                0x0c1fa4a4        0x2 ./Application/User/startup_stm32u5xx.o
                0x0c1fa4a4                EXTI12_IRQHandler
 .text.EXTI13_IRQHandler
                0x0c1fa4a6        0x2 ./Application/User/startup_stm32u5xx.o
                0x0c1fa4a6                EXTI13_IRQHandler
 .text.EXTI14_IRQHandler
                0x0c1fa4a8        0x2 ./Application/User/startup_stm32u5xx.o
                0x0c1fa4a8                EXTI14_IRQHandler
 .text.EXTI15_IRQHandler
                0x0c1fa4aa        0x2 ./Application/User/startup_stm32u5xx.o
                0x0c1fa4aa                EXTI15_IRQHandler
 .text.IWDG_IRQHandler
                0x0c1fa4ac        0x2 ./Application/User/startup_stm32u5xx.o
                0x0c1fa4ac                IWDG_IRQHandler
 .text.SAES_IRQHandler
                0x0c1fa4ae        0x2 ./Application/User/startup_stm32u5xx.o
                0x0c1fa4ae                SAES_IRQHandler
 .text.GPDMA1_Channel0_IRQHandler
                0x0c1fa4b0        0x2 ./Application/User/startup_stm32u5xx.o
                0x0c1fa4b0                GPDMA1_Channel0_IRQHandler
 .text.GPDMA1_Channel1_IRQHandler
                0x0c1fa4b2        0x2 ./Application/User/startup_stm32u5xx.o
                0x0c1fa4b2                GPDMA1_Channel1_IRQHandler
 .text.GPDMA1_Channel2_IRQHandler
                0x0c1fa4b4        0x2 ./Application/User/startup_stm32u5xx.o
                0x0c1fa4b4                GPDMA1_Channel2_IRQHandler
 .text.GPDMA1_Channel3_IRQHandler
                0x0c1fa4b6        0x2 ./Application/User/startup_stm32u5xx.o
                0x0c1fa4b6                GPDMA1_Channel3_IRQHandler
 .text.GPDMA1_Channel4_IRQHandler
                0x0c1fa4b8        0x2 ./Application/User/startup_stm32u5xx.o
                0x0c1fa4b8                GPDMA1_Channel4_IRQHandler
 .text.GPDMA1_Channel5_IRQHandler
                0x0c1fa4ba        0x2 ./Application/User/startup_stm32u5xx.o
                0x0c1fa4ba                GPDMA1_Channel5_IRQHandler
 .text.GPDMA1_Channel6_IRQHandler
                0x0c1fa4bc        0x2 ./Application/User/startup_stm32u5xx.o
                0x0c1fa4bc                GPDMA1_Channel6_IRQHandler
 .text.GPDMA1_Channel7_IRQHandler
                0x0c1fa4be        0x2 ./Application/User/startup_stm32u5xx.o
                0x0c1fa4be                GPDMA1_Channel7_IRQHandler
 .text.ADC1_IRQHandler
                0x0c1fa4c0        0x2 ./Application/User/startup_stm32u5xx.o
                0x0c1fa4c0                ADC1_IRQHandler
 .text.DAC1_IRQHandler
                0x0c1fa4c2        0x2 ./Application/User/startup_stm32u5xx.o
                0x0c1fa4c2                DAC1_IRQHandler
 .text.FDCAN1_IT0_IRQHandler
                0x0c1fa4c4        0x2 ./Application/User/startup_stm32u5xx.o
                0x0c1fa4c4                FDCAN1_IT0_IRQHandler
 .text.FDCAN1_IT1_IRQHandler
                0x0c1fa4c6        0x2 ./Application/User/startup_stm32u5xx.o
                0x0c1fa4c6                FDCAN1_IT1_IRQHandler
 .text.TIM1_BRK_IRQHandler
                0x0c1fa4c8        0x2 ./Application/User/startup_stm32u5xx.o
                0x0c1fa4c8                TIM1_BRK_IRQHandler
 .text.TIM1_UP_IRQHandler
                0x0c1fa4ca        0x2 ./Application/User/startup_stm32u5xx.o
                0x0c1fa4ca                TIM1_UP_IRQHandler
 .text.TIM1_TRG_COM_IRQHandler
                0x0c1fa4cc        0x2 ./Application/User/startup_stm32u5xx.o
                0x0c1fa4cc                TIM1_TRG_COM_IRQHandler
 .text.TIM1_CC_IRQHandler
                0x0c1fa4ce        0x2 ./Application/User/startup_stm32u5xx.o
                0x0c1fa4ce                TIM1_CC_IRQHandler
 .text.TIM2_IRQHandler
                0x0c1fa4d0        0x2 ./Application/User/startup_stm32u5xx.o
                0x0c1fa4d0                TIM2_IRQHandler
 .text.TIM3_IRQHandler
                0x0c1fa4d2        0x2 ./Application/User/startup_stm32u5xx.o
                0x0c1fa4d2                TIM3_IRQHandler
 .text.TIM4_IRQHandler
                0x0c1fa4d4        0x2 ./Application/User/startup_stm32u5xx.o
                0x0c1fa4d4                TIM4_IRQHandler
 .text.TIM5_IRQHandler
                0x0c1fa4d6        0x2 ./Application/User/startup_stm32u5xx.o
                0x0c1fa4d6                TIM5_IRQHandler
 .text.TIM6_IRQHandler
                0x0c1fa4d8        0x2 ./Application/User/startup_stm32u5xx.o
                0x0c1fa4d8                TIM6_IRQHandler
 .text.TIM7_IRQHandler
                0x0c1fa4da        0x2 ./Application/User/startup_stm32u5xx.o
                0x0c1fa4da                TIM7_IRQHandler
 .text.TIM8_BRK_IRQHandler
                0x0c1fa4dc        0x2 ./Application/User/startup_stm32u5xx.o
                0x0c1fa4dc                TIM8_BRK_IRQHandler
 .text.TIM8_UP_IRQHandler
                0x0c1fa4de        0x2 ./Application/User/startup_stm32u5xx.o
                0x0c1fa4de                TIM8_UP_IRQHandler
 .text.TIM8_TRG_COM_IRQHandler
                0x0c1fa4e0        0x2 ./Application/User/startup_stm32u5xx.o
                0x0c1fa4e0                TIM8_TRG_COM_IRQHandler
 .text.TIM8_CC_IRQHandler
                0x0c1fa4e2        0x2 ./Application/User/startup_stm32u5xx.o
                0x0c1fa4e2                TIM8_CC_IRQHandler
 .text.I2C1_EV_IRQHandler
                0x0c1fa4e4        0x2 ./Application/User/startup_stm32u5xx.o
                0x0c1fa4e4                I2C1_EV_IRQHandler
 .text.I2C1_ER_IRQHandler
                0x0c1fa4e6        0x2 ./Application/User/startup_stm32u5xx.o
                0x0c1fa4e6                I2C1_ER_IRQHandler
 .text.I2C2_EV_IRQHandler
                0x0c1fa4e8        0x2 ./Application/User/startup_stm32u5xx.o
                0x0c1fa4e8                I2C2_EV_IRQHandler
 .text.I2C2_ER_IRQHandler
                0x0c1fa4ea        0x2 ./Application/User/startup_stm32u5xx.o
                0x0c1fa4ea                I2C2_ER_IRQHandler
 .text.SPI1_IRQHandler
                0x0c1fa4ec        0x2 ./Application/User/startup_stm32u5xx.o
                0x0c1fa4ec                SPI1_IRQHandler
 .text.SPI2_IRQHandler
                0x0c1fa4ee        0x2 ./Application/User/startup_stm32u5xx.o
                0x0c1fa4ee                SPI2_IRQHandler
 .text.USART1_IRQHandler
                0x0c1fa4f0        0x2 ./Application/User/startup_stm32u5xx.o
                0x0c1fa4f0                USART1_IRQHandler
 .text.USART2_IRQHandler
                0x0c1fa4f2        0x2 ./Application/User/startup_stm32u5xx.o
                0x0c1fa4f2                USART2_IRQHandler
 .text.USART3_IRQHandler
                0x0c1fa4f4        0x2 ./Application/User/startup_stm32u5xx.o
                0x0c1fa4f4                USART3_IRQHandler
 .text.UART4_IRQHandler
                0x0c1fa4f6        0x2 ./Application/User/startup_stm32u5xx.o
                0x0c1fa4f6                UART4_IRQHandler
 .text.UART5_IRQHandler
                0x0c1fa4f8        0x2 ./Application/User/startup_stm32u5xx.o
                0x0c1fa4f8                UART5_IRQHandler
 .text.LPUART1_IRQHandler
                0x0c1fa4fa        0x2 ./Application/User/startup_stm32u5xx.o
                0x0c1fa4fa                LPUART1_IRQHandler
 .text.LPTIM1_IRQHandler
                0x0c1fa4fc        0x2 ./Application/User/startup_stm32u5xx.o
                0x0c1fa4fc                LPTIM1_IRQHandler
 .text.LPTIM2_IRQHandler
                0x0c1fa4fe        0x2 ./Application/User/startup_stm32u5xx.o
                0x0c1fa4fe                LPTIM2_IRQHandler
 .text.TIM15_IRQHandler
                0x0c1fa500        0x2 ./Application/User/startup_stm32u5xx.o
                0x0c1fa500                TIM15_IRQHandler
 .text.TIM16_IRQHandler
                0x0c1fa502        0x2 ./Application/User/startup_stm32u5xx.o
                0x0c1fa502                TIM16_IRQHandler
 .text.TIM17_IRQHandler
                0x0c1fa504        0x2 ./Application/User/startup_stm32u5xx.o
                0x0c1fa504                TIM17_IRQHandler
 .text.COMP_IRQHandler
                0x0c1fa506        0x2 ./Application/User/startup_stm32u5xx.o
                0x0c1fa506                COMP_IRQHandler
 .text.OTG_FS_IRQHandler
                0x0c1fa508        0x2 ./Application/User/startup_stm32u5xx.o
                0x0c1fa508                OTG_FS_IRQHandler
 .text.CRS_IRQHandler
                0x0c1fa50a        0x2 ./Application/User/startup_stm32u5xx.o
                0x0c1fa50a                CRS_IRQHandler
 .text.FMC_IRQHandler
                0x0c1fa50c        0x2 ./Application/User/startup_stm32u5xx.o
                0x0c1fa50c                FMC_IRQHandler
 .text.OCTOSPI1_IRQHandler
                0x0c1fa50e        0x2 ./Application/User/startup_stm32u5xx.o
                0x0c1fa50e                OCTOSPI1_IRQHandler
 .text.PWR_S3WU_IRQHandler
                0x0c1fa510        0x2 ./Application/User/startup_stm32u5xx.o
                0x0c1fa510                PWR_S3WU_IRQHandler
 .text.SDMMC1_IRQHandler
                0x0c1fa512        0x2 ./Application/User/startup_stm32u5xx.o
                0x0c1fa512                SDMMC1_IRQHandler
 .text.SDMMC2_IRQHandler
                0x0c1fa514        0x2 ./Application/User/startup_stm32u5xx.o
                0x0c1fa514                SDMMC2_IRQHandler
 .text.GPDMA1_Channel8_IRQHandler
                0x0c1fa516        0x2 ./Application/User/startup_stm32u5xx.o
                0x0c1fa516                GPDMA1_Channel8_IRQHandler
 .text.GPDMA1_Channel9_IRQHandler
                0x0c1fa518        0x2 ./Application/User/startup_stm32u5xx.o
                0x0c1fa518                GPDMA1_Channel9_IRQHandler
 .text.GPDMA1_Channel10_IRQHandler
                0x0c1fa51a        0x2 ./Application/User/startup_stm32u5xx.o
                0x0c1fa51a                GPDMA1_Channel10_IRQHandler
 .text.GPDMA1_Channel11_IRQHandler
                0x0c1fa51c        0x2 ./Application/User/startup_stm32u5xx.o
                0x0c1fa51c                GPDMA1_Channel11_IRQHandler
 .text.GPDMA1_Channel12_IRQHandler
                0x0c1fa51e        0x2 ./Application/User/startup_stm32u5xx.o
                0x0c1fa51e                GPDMA1_Channel12_IRQHandler
 .text.GPDMA1_Channel13_IRQHandler
                0x0c1fa520        0x2 ./Application/User/startup_stm32u5xx.o
                0x0c1fa520                GPDMA1_Channel13_IRQHandler
 .text.GPDMA1_Channel14_IRQHandler
                0x0c1fa522        0x2 ./Application/User/startup_stm32u5xx.o
                0x0c1fa522                GPDMA1_Channel14_IRQHandler
 .text.GPDMA1_Channel15_IRQHandler
                0x0c1fa524        0x2 ./Application/User/startup_stm32u5xx.o
                0x0c1fa524                GPDMA1_Channel15_IRQHandler
 .text.I2C3_EV_IRQHandler
                0x0c1fa526        0x2 ./Application/User/startup_stm32u5xx.o
                0x0c1fa526                I2C3_EV_IRQHandler
 .text.I2C3_ER_IRQHandler
                0x0c1fa528        0x2 ./Application/User/startup_stm32u5xx.o
                0x0c1fa528                I2C3_ER_IRQHandler
 .text.SAI1_IRQHandler
                0x0c1fa52a        0x2 ./Application/User/startup_stm32u5xx.o
                0x0c1fa52a                SAI1_IRQHandler
 .text.SAI2_IRQHandler
                0x0c1fa52c        0x2 ./Application/User/startup_stm32u5xx.o
                0x0c1fa52c                SAI2_IRQHandler
 .text.TSC_IRQHandler
                0x0c1fa52e        0x2 ./Application/User/startup_stm32u5xx.o
                0x0c1fa52e                TSC_IRQHandler
 .text.AES_IRQHandler
                0x0c1fa530        0x2 ./Application/User/startup_stm32u5xx.o
                0x0c1fa530                AES_IRQHandler
 .text.RNG_IRQHandler
                0x0c1fa532        0x2 ./Application/User/startup_stm32u5xx.o
                0x0c1fa532                RNG_IRQHandler
 .text.FPU_IRQHandler
                0x0c1fa534        0x2 ./Application/User/startup_stm32u5xx.o
                0x0c1fa534                FPU_IRQHandler
 .text.HASH_IRQHandler
                0x0c1fa536        0x2 ./Application/User/startup_stm32u5xx.o
                0x0c1fa536                HASH_IRQHandler
 .text.PKA_IRQHandler
                0x0c1fa538        0x2 ./Application/User/startup_stm32u5xx.o
                0x0c1fa538                PKA_IRQHandler
 .text.LPTIM3_IRQHandler
                0x0c1fa53a        0x2 ./Application/User/startup_stm32u5xx.o
                0x0c1fa53a                LPTIM3_IRQHandler
 .text.SPI3_IRQHandler
                0x0c1fa53c        0x2 ./Application/User/startup_stm32u5xx.o
                0x0c1fa53c                SPI3_IRQHandler
 .text.I2C4_ER_IRQHandler
                0x0c1fa53e        0x2 ./Application/User/startup_stm32u5xx.o
                0x0c1fa53e                I2C4_ER_IRQHandler
 .text.I2C4_EV_IRQHandler
                0x0c1fa540        0x2 ./Application/User/startup_stm32u5xx.o
                0x0c1fa540                I2C4_EV_IRQHandler
 .text.MDF1_FLT0_IRQHandler
                0x0c1fa542        0x2 ./Application/User/startup_stm32u5xx.o
                0x0c1fa542                MDF1_FLT0_IRQHandler
 .text.MDF1_FLT1_IRQHandler
                0x0c1fa544        0x2 ./Application/User/startup_stm32u5xx.o
                0x0c1fa544                MDF1_FLT1_IRQHandler
 .text.MDF1_FLT2_IRQHandler
                0x0c1fa546        0x2 ./Application/User/startup_stm32u5xx.o
                0x0c1fa546                MDF1_FLT2_IRQHandler
 .text.MDF1_FLT3_IRQHandler
                0x0c1fa548        0x2 ./Application/User/startup_stm32u5xx.o
                0x0c1fa548                MDF1_FLT3_IRQHandler
 .text.UCPD1_IRQHandler
                0x0c1fa54a        0x2 ./Application/User/startup_stm32u5xx.o
                0x0c1fa54a                UCPD1_IRQHandler
 .text.ICACHE_IRQHandler
                0x0c1fa54c        0x2 ./Application/User/startup_stm32u5xx.o
                0x0c1fa54c                ICACHE_IRQHandler
 .text.OTFDEC1_IRQHandler
                0x0c1fa54e        0x2 ./Application/User/startup_stm32u5xx.o
                0x0c1fa54e                OTFDEC1_IRQHandler
 .text.OTFDEC2_IRQHandler
                0x0c1fa550        0x2 ./Application/User/startup_stm32u5xx.o
                0x0c1fa550                OTFDEC2_IRQHandler
 .text.LPTIM4_IRQHandler
                0x0c1fa552        0x2 ./Application/User/startup_stm32u5xx.o
                0x0c1fa552                LPTIM4_IRQHandler
 .text.DCACHE1_IRQHandler
                0x0c1fa554        0x2 ./Application/User/startup_stm32u5xx.o
                0x0c1fa554                DCACHE1_IRQHandler
 .text.ADF1_IRQHandler
                0x0c1fa556        0x2 ./Application/User/startup_stm32u5xx.o
                0x0c1fa556                ADF1_IRQHandler
 .text.ADC4_IRQHandler
                0x0c1fa558        0x2 ./Application/User/startup_stm32u5xx.o
                0x0c1fa558                ADC4_IRQHandler
 .text.LPDMA1_Channel0_IRQHandler
                0x0c1fa55a        0x2 ./Application/User/startup_stm32u5xx.o
                0x0c1fa55a                LPDMA1_Channel0_IRQHandler
 .text.LPDMA1_Channel1_IRQHandler
                0x0c1fa55c        0x2 ./Application/User/startup_stm32u5xx.o
                0x0c1fa55c                LPDMA1_Channel1_IRQHandler
 .text.LPDMA1_Channel2_IRQHandler
                0x0c1fa55e        0x2 ./Application/User/startup_stm32u5xx.o
                0x0c1fa55e                LPDMA1_Channel2_IRQHandler
 .text.LPDMA1_Channel3_IRQHandler
                0x0c1fa560        0x2 ./Application/User/startup_stm32u5xx.o
                0x0c1fa560                LPDMA1_Channel3_IRQHandler
 .text.DMA2D_IRQHandler
                0x0c1fa562        0x2 ./Application/User/startup_stm32u5xx.o
                0x0c1fa562                DMA2D_IRQHandler
 .text.DCMI_PSSI_IRQHandler
                0x0c1fa564        0x2 ./Application/User/startup_stm32u5xx.o
                0x0c1fa564                DCMI_PSSI_IRQHandler
 .text.OCTOSPI2_IRQHandler
                0x0c1fa566        0x2 ./Application/User/startup_stm32u5xx.o
                0x0c1fa566                OCTOSPI2_IRQHandler
 .text.MDF1_FLT4_IRQHandler
                0x0c1fa568        0x2 ./Application/User/startup_stm32u5xx.o
                0x0c1fa568                MDF1_FLT4_IRQHandler
 .text.MDF1_FLT5_IRQHandler
                0x0c1fa56a        0x2 ./Application/User/startup_stm32u5xx.o
                0x0c1fa56a                MDF1_FLT5_IRQHandler
 .text.CORDIC_IRQHandler
                0x0c1fa56c        0x2 ./Application/User/startup_stm32u5xx.o
                0x0c1fa56c                CORDIC_IRQHandler
 .text.FMAC_IRQHandler
                0x0c1fa56e        0x2 ./Application/User/startup_stm32u5xx.o
                0x0c1fa56e                FMAC_IRQHandler
 .text.LSECSSD_IRQHandler
                0x0c1fa570        0x2 ./Application/User/startup_stm32u5xx.o
                0x0c1fa570                LSECSSD_IRQHandler
 *fill*         0x0c1fa572        0x2 
 .text.Reset_Handler
                0x0c1fa574       0x98 ./Application/User/startup_stm32u5xx.o
                0x0c1fa574                Reset_Handler
 .text.HAL_InitTick
                0x0c1fa60c       0x1c ./Application/User/tick.o
                0x0c1fa60c                HAL_InitTick
 .text.SystemInit
                0x0c1fa628      0x12c ./Drivers/CMSIS/system_stm32u5xx.o
                0x0c1fa628                SystemInit
 .text.SystemCoreClockUpdate
                0x0c1fa754       0xf8 ./Drivers/CMSIS/system_stm32u5xx.o
                0x0c1fa754                SystemCoreClockUpdate
 .text.SECURE_SystemCoreClockUpdate
                0x0c1fa84c       0x78 ./Drivers/CMSIS/system_stm32u5xx.o
                0x0c1fa84c                __acle_se_SECURE_SystemCoreClockUpdate
 .text.HAL_MspInit
                0x0c1fa8c4        0x2 ./Drivers/STM32U5xx_HAL_Driver/stm32u5xx_hal.o
                0x0c1fa8c4                HAL_MspInit
 *fill*         0x0c1fa8c6        0x2 
 .text.HAL_Init
                0x0c1fa8c8       0x50 ./Drivers/STM32U5xx_HAL_Driver/stm32u5xx_hal.o
                0x0c1fa8c8                HAL_Init
 .text.HAL_NVIC_SetPriorityGrouping
                0x0c1fa918       0x24 ./Drivers/STM32U5xx_HAL_Driver/stm32u5xx_hal_cortex.o
                0x0c1fa918                HAL_NVIC_SetPriorityGrouping
 .text.HAL_GTZC_MPCBB_ConfigMem
                0x0c1fa93c       0xdc ./Drivers/STM32U5xx_HAL_Driver/stm32u5xx_hal_gtzc.o
                0x0c1fa93c                HAL_GTZC_MPCBB_ConfigMem
 .text.HAL_GTZC_MPCBB_GetConfigMem
                0x0c1faa18       0xa8 ./Drivers/STM32U5xx_HAL_Driver/stm32u5xx_hal_gtzc.o
                0x0c1faa18                HAL_GTZC_MPCBB_GetConfigMem
 .text.HAL_RCC_GetSysClockFreq
                0x0c1faac0      0x118 ./Drivers/STM32U5xx_HAL_Driver/stm32u5xx_hal_rcc.o
                0x0c1faac0                HAL_RCC_GetSysClockFreq
 .text.exit     0x0c1fabd8       0x24 /opt/st/stm32cubeide_1.13.1/plugins/com.st.stm32cube.ide.mcu.externaltools.gnu-tools-for-stm32.12.3.rel1.linux64_1.0.100.202403111256/tools/bin/../lib/gcc/arm-none-eabi/12.3.1/../../../../arm-none-eabi/lib/thumb/v8-m.main+fp/hard/libc_nano.a(libc_a-exit.o)
                0x0c1fabd8                exit
 .text.memset   0x0c1fabfc       0x10 /opt/st/stm32cubeide_1.13.1/plugins/com.st.stm32cube.ide.mcu.externaltools.gnu-tools-for-stm32.12.3.rel1.linux64_1.0.100.202403111256/tools/bin/../lib/gcc/arm-none-eabi/12.3.1/../../../../arm-none-eabi/lib/thumb/v8-m.main+fp/hard/libc_nano.a(libc_a-memset.o)
                0x0c1fabfc                memset
 .text.__libc_init_array
                0x0c1fac0c       0x48 /opt/st/stm32cubeide_1.13.1/plugins/com.st.stm32cube.ide.mcu.externaltools.gnu-tools-for-stm32.12.3.rel1.linux64_1.0.100.202403111256/tools/bin/../lib/gcc/arm-none-eabi/12.3.1/../../../../arm-none-eabi/lib/thumb/v8-m.main+fp/hard/libc_nano.a(libc_a-init.o)
                0x0c1fac0c                __libc_init_array
 .text          0x0c1fac54       0x5c /opt/st/stm32cubeide_1.13.1/plugins/com.st.stm32cube.ide.mcu.externaltools.gnu-tools-for-stm32.12.3.rel1.linux64_1.0.100.202403111256/tools/bin/../lib/gcc/arm-none-eabi/12.3.1/thumb/v8-m.main+fp/hard/libgcc.a(cmse_nonsecure_call.o)
                0x0c1fac54                __gnu_cmse_nonsecure_call
 .text._exit    0x0c1facb0        0x2 /opt/st/stm32cubeide_1.13.1/plugins/com.st.stm32cube.ide.mcu.externaltools.gnu-tools-for-stm32.12.3.rel1.linux64_1.0.100.202403111256/tools/bin/../lib/gcc/arm-none-eabi/12.3.1/../../../../arm-none-eabi/lib/thumb/v8-m.main+fp/hard/libnosys.a(_exit.o)
                0x0c1facb0                _exit
 *(.init)
 *fill*         0x0c1facb2        0x2 
 .init          0x0c1facb4        0x4 /opt/st/stm32cubeide_1.13.1/plugins/com.st.stm32cube.ide.mcu.externaltools.gnu-tools-for-stm32.12.3.rel1.linux64_1.0.100.202403111256/tools/bin/../lib/gcc/arm-none-eabi/12.3.1/thumb/v8-m.main+fp/hard/crti.o
                0x0c1facb4                _init
 .init          0x0c1facb8        0x8 /opt/st/stm32cubeide_1.13.1/plugins/com.st.stm32cube.ide.mcu.externaltools.gnu-tools-for-stm32.12.3.rel1.linux64_1.0.100.202403111256/tools/bin/../lib/gcc/arm-none-eabi/12.3.1/thumb/v8-m.main+fp/hard/crtn.o
 *(.fini)
 .fini          0x0c1facc0        0x4 /opt/st/stm32cubeide_1.13.1/plugins/com.st.stm32cube.ide.mcu.externaltools.gnu-tools-for-stm32.12.3.rel1.linux64_1.0.100.202403111256/tools/bin/../lib/gcc/arm-none-eabi/12.3.1/thumb/v8-m.main+fp/hard/crti.o
                0x0c1facc0                _fini
 .fini          0x0c1facc4        0x8 /opt/st/stm32cubeide_1.13.1/plugins/com.st.stm32cube.ide.mcu.externaltools.gnu-tools-for-stm32.12.3.rel1.linux64_1.0.100.202403111256/tools/bin/../lib/gcc/arm-none-eabi/12.3.1/thumb/v8-m.main+fp/hard/crtn.o
 *crtbegin.o(.ctors)
 *crtbegin?.o(.ctors)
 *(EXCLUDE_FILE(*crtend.o *crtend?.o) .ctors)
 *(SORT_BY_NAME(.ctors.*))
 *(.ctors)
 *crtbegin.o(.dtors)
 *crtbegin?.o(.dtors)
 *(EXCLUDE_FILE(*crtend.o *crtend?.o) .dtors)
 *(SORT_BY_NAME(.dtors.*))
 *(.dtors)
 *(.rodata*)
 .rodata.MSIRangeTable
                0x0c1faccc       0x40 ./Drivers/CMSIS/system_stm32u5xx.o
                0x0c1faccc                MSIRangeTable
 .rodata.AHBPrescTable
                0x0c1fad0c       0x10 ./Drivers/CMSIS/system_stm32u5xx.o
                0x0c1fad0c                AHBPrescTable
 *(.eh_frame*)
 .eh_frame      0x0c1fad1c        0x0 /opt/st/stm32cubeide_1.13.1/plugins/com.st.stm32cube.ide.mcu.externaltools.gnu-tools-for-stm32.12.3.rel1.linux64_1.0.100.202403111256/tools/bin/../lib/gcc/arm-none-eabi/12.3.1/thumb/v8-m.main+fp/hard/crtbegin.o
 .eh_frame      0x0c1fad1c        0x4 /opt/st/stm32cubeide_1.13.1/plugins/com.st.stm32cube.ide.mcu.externaltools.gnu-tools-for-stm32.12.3.rel1.linux64_1.0.100.202403111256/tools/bin/../lib/gcc/arm-none-eabi/12.3.1/thumb/v8-m.main+fp/hard/crtend.o

.glue_7         0x0c1fad20        0x0
 .glue_7        0x0c1fad20        0x0 linker stubs

.glue_7t        0x0c1fad20        0x0
 .glue_7t       0x0c1fad20        0x0 linker stubs

.vfp11_veneer   0x0c1fad20        0x0
 .vfp11_veneer  0x0c1fad20        0x0 linker stubs

.v4_bx          0x0c1fad20        0x0
 .v4_bx         0x0c1fad20        0x0 linker stubs

.iplt           0x0c1fad20        0x0
 .iplt          0x0c1fad20        0x0 /opt/st/stm32cubeide_1.13.1/plugins/com.st.stm32cube.ide.mcu.externaltools.gnu-tools-for-stm32.12.3.rel1.linux64_1.0.100.202403111256/tools/bin/../lib/gcc/arm-none-eabi/12.3.1/thumb/v8-m.main+fp/hard/crtbegin.o

.ARM.extab
 *(.ARM.extab* .gnu.linkonce.armextab.*)
                0x0c1fad20                        __exidx_start = .

.ARM.exidx      0x0c1fad20        0x8
 *(.ARM.exidx* .gnu.linkonce.armexidx.*)
 .ARM.exidx     0x0c1fad20        0x8 /opt/st/stm32cubeide_1.13.1/plugins/com.st.stm32cube.ide.mcu.externaltools.gnu-tools-for-stm32.12.3.rel1.linux64_1.0.100.202403111256/tools/bin/../lib/gcc/arm-none-eabi/12.3.1/../../../../arm-none-eabi/lib/thumb/v8-m.main+fp/hard/crt0.o
                                 0x10 (size before relaxing)
                0x0c1fad28                        __exidx_end = .

.rel.dyn        0x0c1fad28        0x0
 .rel.iplt      0x0c1fad28        0x0 /opt/st/stm32cubeide_1.13.1/plugins/com.st.stm32cube.ide.mcu.externaltools.gnu-tools-for-stm32.12.3.rel1.linux64_1.0.100.202403111256/tools/bin/../lib/gcc/arm-none-eabi/12.3.1/thumb/v8-m.main+fp/hard/crtbegin.o

.copy.table     0x0c1fad28        0xc
                0x0c1fad28                        . = ALIGN (0x4)
                0x0c1fad28                        __copy_table_start__ = .
                0x0c1fad28        0x4 LONG 0xc1fad3c __etext
                0x0c1fad2c        0x4 LONG 0x30030000 __data_start__
                0x0c1fad30        0x4 LONG 0x3 ((__data_end__ - __data_start__) / 0x4)
                0x0c1fad34                        __copy_table_end__ = .

.zero.table     0x0c1fad34        0x8
                0x0c1fad34                        . = ALIGN (0x4)
                0x0c1fad34                        __zero_table_start__ = .
                0x0c1fad34        0x4 LONG 0x3003000c __bss_start__
                0x0c1fad38        0x4 LONG 0x8 ((__bss_end__ - __bss_start__) / 0x4)
                0x0c1fad3c                        __zero_table_end__ = .
                0x0c1fad3c                        __etext = .

.data           0x30030000        0xc load address 0x0c1fad3c
                0x30030000                        __data_start__ = .
 *(vtable)
 *(.data*)
 .data.SystemCoreClock
                0x30030000        0x4 ./Drivers/CMSIS/system_stm32u5xx.o
                0x30030000                SystemCoreClock
                0x30030004                        . = ALIGN (0x4)
                0x30030004                        PROVIDE (__preinit_array_start = .)
 *(.preinit_array)
                0x30030004                        PROVIDE (__preinit_array_end = .)
                0x30030004                        . = ALIGN (0x4)
                0x30030004                        PROVIDE (__init_array_start = .)
 *(SORT_BY_NAME(.init_array.*))
 *(.init_array)
 .init_array    0x30030004        0x4 /opt/st/stm32cubeide_1.13.1/plugins/com.st.stm32cube.ide.mcu.externaltools.gnu-tools-for-stm32.12.3.rel1.linux64_1.0.100.202403111256/tools/bin/../lib/gcc/arm-none-eabi/12.3.1/thumb/v8-m.main+fp/hard/crtbegin.o
                0x30030008                        PROVIDE (__init_array_end = .)
                0x30030008                        . = ALIGN (0x4)
                [!provide]                        PROVIDE (__fini_array_start = .)
 *(SORT_BY_NAME(.fini_array.*))
 *(.fini_array)
 .fini_array    0x30030008        0x4 /opt/st/stm32cubeide_1.13.1/plugins/com.st.stm32cube.ide.mcu.externaltools.gnu-tools-for-stm32.12.3.rel1.linux64_1.0.100.202403111256/tools/bin/../lib/gcc/arm-none-eabi/12.3.1/thumb/v8-m.main+fp/hard/crtbegin.o
                [!provide]                        PROVIDE (__fini_array_end = .)
 *(.jcr*)
                0x3003000c                        . = ALIGN (0x4)
                0x3003000c                        __data_end__ = .

.igot.plt       0x3003000c        0x0 load address 0x0c1fad48
 .igot.plt      0x3003000c        0x0 /opt/st/stm32cubeide_1.13.1/plugins/com.st.stm32cube.ide.mcu.externaltools.gnu-tools-for-stm32.12.3.rel1.linux64_1.0.100.202403111256/tools/bin/../lib/gcc/arm-none-eabi/12.3.1/thumb/v8-m.main+fp/hard/crtbegin.o

.bss            0x3003000c       0x20 load address 0x0c1fad48
                0x3003000c                        . = ALIGN (0x4)
                0x3003000c                        __bss_start__ = .
 *(.bss*)
 .bss           0x3003000c       0x1c /opt/st/stm32cubeide_1.13.1/plugins/com.st.stm32cube.ide.mcu.externaltools.gnu-tools-for-stm32.12.3.rel1.linux64_1.0.100.202403111256/tools/bin/../lib/gcc/arm-none-eabi/12.3.1/thumb/v8-m.main+fp/hard/crtbegin.o
 .bss.__stdio_exit_handler
                0x30030028        0x4 /opt/st/stm32cubeide_1.13.1/plugins/com.st.stm32cube.ide.mcu.externaltools.gnu-tools-for-stm32.12.3.rel1.linux64_1.0.100.202403111256/tools/bin/../lib/gcc/arm-none-eabi/12.3.1/../../../../arm-none-eabi/lib/thumb/v8-m.main+fp/hard/libc_nano.a(libc_a-findfp.o)
                0x30030028                __stdio_exit_handler
 *(COMMON)
                0x3003002c                        . = ALIGN (0x4)
                0x3003002c                        __bss_end__ = .
                0x00000020                        bss_size = (__bss_end__ - __bss_start__)

.msp_stack      0x30030040      0x400 load address 0x0c1fad80
                0x30030440                        . = (. + __msp_stack_size__)
 *fill*         0x30030040      0x400 
                0x30030440                        Image$$ARM_LIB_STACK_MSP$$ZI$$Limit = (ADDR (.msp_stack) + SIZEOF (.msp_stack))
                0x30030040                        Image$$ARM_LIB_STACK_MSP$$ZI$$Base = ADDR (.msp_stack)

.heap           0x30030440      0x200 load address 0x0c1fb180
                0x30030440                        __end__ = .
                0x30030440                        PROVIDE (end = .)
                0x30030440                        __HeapBase = .
                0x30030640                        . = (. + __heap_size__)
 *fill*         0x30030440      0x200 
                0x30030640                        __HeapLimit = .
                0x30030640                        __heap_limit = .

.gnu.sgstubs    0x0c1fdf00       0x20
                0x0c1fdf00                        . = ALIGN (0x8)
 *(.gnu.sgstubs*)
                0x0c1fdf00                        . = ALIGN (0x8)
 .gnu.sgstubs.__stub
                0x0c1fdf00       0x10 linker stubs
                0x0c1fdf00                SECURE_SystemCoreClockUpdate
                0x0c1fdf08                dummy
                0x30030440                        PROVIDE (__stack = Image$$ARM_LIB_STACK_MSP$$ZI$$Limit)
                0x30030440                        PROVIDE (__StackTop = Image$$ARM_LIB_STACK_MSP$$ZI$$Limit)
                0x30030040                        PROVIDE (__StackLimit = Image$$ARM_LIB_STACK_MSP$$ZI$$Base)
OUTPUT(TFM_Loader_Secure.elf elf32-littlearm)
LOAD linker stubs

.ARM.attributes
                0x00000000       0x36
 .ARM.attributes
                0x00000000       0x26 /opt/st/stm32cubeide_1.13.1/plugins/com.st.stm32cube.ide.mcu.externaltools.gnu-tools-for-stm32.12.3.rel1.linux64_1.0.100.202403111256/tools/bin/../lib/gcc/arm-none-eabi/12.3.1/thumb/v8-m.main+fp/hard/crti.o
 .ARM.attributes
                0x00000026       0x38 /opt/st/stm32cubeide_1.13.1/plugins/com.st.stm32cube.ide.mcu.externaltools.gnu-tools-for-stm32.12.3.rel1.linux64_1.0.100.202403111256/tools/bin/../lib/gcc/arm-none-eabi/12.3.1/thumb/v8-m.main+fp/hard/crtbegin.o
 .ARM.attributes
                0x0000005e       0x24 /opt/st/stm32cubeide_1.13.1/plugins/com.st.stm32cube.ide.mcu.externaltools.gnu-tools-for-stm32.12.3.rel1.linux64_1.0.100.202403111256/tools/bin/../lib/gcc/arm-none-eabi/12.3.1/../../../../arm-none-eabi/lib/thumb/v8-m.main+fp/hard/crt0.o
 .ARM.attributes
                0x00000082       0x3a ./Application/User/main.o
 .ARM.attributes
                0x000000bc       0x3a ./Application/User/startup_stm32u5xx.o
 .ARM.attributes
                0x000000f6       0x3a ./Application/User/tick.o
 .ARM.attributes
                0x00000130       0x3a ./Drivers/CMSIS/system_stm32u5xx.o
 .ARM.attributes
                0x0000016a       0x3a ./Drivers/STM32U5xx_HAL_Driver/stm32u5xx_hal.o
 .ARM.attributes
                0x000001a4       0x3a ./Drivers/STM32U5xx_HAL_Driver/stm32u5xx_hal_cortex.o
 .ARM.attributes
                0x000001de       0x3a ./Drivers/STM32U5xx_HAL_Driver/stm32u5xx_hal_gtzc.o
 .ARM.attributes
                0x00000218       0x3a ./Drivers/STM32U5xx_HAL_Driver/stm32u5xx_hal_rcc.o
 .ARM.attributes
                0x00000252       0x38 /opt/st/stm32cubeide_1.13.1/plugins/com.st.stm32cube.ide.mcu.externaltools.gnu-tools-for-stm32.12.3.rel1.linux64_1.0.100.202403111256/tools/bin/../lib/gcc/arm-none-eabi/12.3.1/../../../../arm-none-eabi/lib/thumb/v8-m.main+fp/hard/libc_nano.a(libc_a-exit.o)
 .ARM.attributes
                0x0000028a       0x38 /opt/st/stm32cubeide_1.13.1/plugins/com.st.stm32cube.ide.mcu.externaltools.gnu-tools-for-stm32.12.3.rel1.linux64_1.0.100.202403111256/tools/bin/../lib/gcc/arm-none-eabi/12.3.1/../../../../arm-none-eabi/lib/thumb/v8-m.main+fp/hard/libc_nano.a(libc_a-findfp.o)
 .ARM.attributes
                0x000002c2       0x38 /opt/st/stm32cubeide_1.13.1/plugins/com.st.stm32cube.ide.mcu.externaltools.gnu-tools-for-stm32.12.3.rel1.linux64_1.0.100.202403111256/tools/bin/../lib/gcc/arm-none-eabi/12.3.1/../../../../arm-none-eabi/lib/thumb/v8-m.main+fp/hard/libc_nano.a(libc_a-memset.o)
 .ARM.attributes
                0x000002fa       0x38 /opt/st/stm32cubeide_1.13.1/plugins/com.st.stm32cube.ide.mcu.externaltools.gnu-tools-for-stm32.12.3.rel1.linux64_1.0.100.202403111256/tools/bin/../lib/gcc/arm-none-eabi/12.3.1/../../../../arm-none-eabi/lib/thumb/v8-m.main+fp/hard/libc_nano.a(libc_a-init.o)
 .ARM.attributes
                0x00000332       0x24 /opt/st/stm32cubeide_1.13.1/plugins/com.st.stm32cube.ide.mcu.externaltools.gnu-tools-for-stm32.12.3.rel1.linux64_1.0.100.202403111256/tools/bin/../lib/gcc/arm-none-eabi/12.3.1/thumb/v8-m.main+fp/hard/libgcc.a(cmse_nonsecure_call.o)
 .ARM.attributes
                0x00000356       0x38 /opt/st/stm32cubeide_1.13.1/plugins/com.st.stm32cube.ide.mcu.externaltools.gnu-tools-for-stm32.12.3.rel1.linux64_1.0.100.202403111256/tools/bin/../lib/gcc/arm-none-eabi/12.3.1/../../../../arm-none-eabi/lib/thumb/v8-m.main+fp/hard/libnosys.a(_exit.o)
 .ARM.attributes
                0x0000038e       0x38 /opt/st/stm32cubeide_1.13.1/plugins/com.st.stm32cube.ide.mcu.externaltools.gnu-tools-for-stm32.12.3.rel1.linux64_1.0.100.202403111256/tools/bin/../lib/gcc/arm-none-eabi/12.3.1/thumb/v8-m.main+fp/hard/crtend.o
 .ARM.attributes
                0x000003c6       0x26 /opt/st/stm32cubeide_1.13.1/plugins/com.st.stm32cube.ide.mcu.externaltools.gnu-tools-for-stm32.12.3.rel1.linux64_1.0.100.202403111256/tools/bin/../lib/gcc/arm-none-eabi/12.3.1/thumb/v8-m.main+fp/hard/crtn.o

.comment        0x00000000       0x43
 .comment       0x00000000       0x43 ./Application/User/main.o
                                 0x44 (size before relaxing)
 .comment       0x00000043       0x44 ./Application/User/startup_stm32u5xx.o
 .comment       0x00000043       0x44 ./Application/User/tick.o
 .comment       0x00000043       0x44 ./Drivers/CMSIS/system_stm32u5xx.o
 .comment       0x00000043       0x44 ./Drivers/STM32U5xx_HAL_Driver/stm32u5xx_hal.o
 .comment       0x00000043       0x44 ./Drivers/STM32U5xx_HAL_Driver/stm32u5xx_hal_cortex.o
 .comment       0x00000043       0x44 ./Drivers/STM32U5xx_HAL_Driver/stm32u5xx_hal_gtzc.o
 .comment       0x00000043       0x44 ./Drivers/STM32U5xx_HAL_Driver/stm32u5xx_hal_rcc.o

.debug_info     0x00000000     0x751d
 .debug_info    0x00000000      0x6d8 ./Application/User/main.o
 .debug_info    0x000006d8       0x9f ./Application/User/secure_nsc.o
 .debug_info    0x00000777      0xfc3 ./Application/User/startup_stm32u5xx.o
 .debug_info    0x0000173a      0x1d8 ./Application/User/tick.o
 .debug_info    0x00001912      0xb72 ./Drivers/CMSIS/system_stm32u5xx.o
 .debug_info    0x00002484     0x1353 ./Drivers/STM32U5xx_HAL_Driver/stm32u5xx_hal.o
 .debug_info    0x000037d7     0x1927 ./Drivers/STM32U5xx_HAL_Driver/stm32u5xx_hal_cortex.o
 .debug_info    0x000050fe      0xe6c ./Drivers/STM32U5xx_HAL_Driver/stm32u5xx_hal_gtzc.o
 .debug_info    0x00005f6a     0x15b3 ./Drivers/STM32U5xx_HAL_Driver/stm32u5xx_hal_rcc.o

.debug_abbrev   0x00000000     0x1461
 .debug_abbrev  0x00000000      0x2d3 ./Application/User/main.o
 .debug_abbrev  0x000002d3       0x45 ./Application/User/secure_nsc.o
 .debug_abbrev  0x00000318      0x27f ./Application/User/startup_stm32u5xx.o
 .debug_abbrev  0x00000597      0x151 ./Application/User/tick.o
 .debug_abbrev  0x000006e8      0x1a6 ./Drivers/CMSIS/system_stm32u5xx.o
 .debug_abbrev  0x0000088e      0x2f0 ./Drivers/STM32U5xx_HAL_Driver/stm32u5xx_hal.o
 .debug_abbrev  0x00000b7e      0x3f6 ./Drivers/STM32U5xx_HAL_Driver/stm32u5xx_hal_cortex.o
 .debug_abbrev  0x00000f74      0x221 ./Drivers/STM32U5xx_HAL_Driver/stm32u5xx_hal_gtzc.o
 .debug_abbrev  0x00001195      0x2cc ./Drivers/STM32U5xx_HAL_Driver/stm32u5xx_hal_rcc.o

.debug_loclists
                0x00000000     0x1fb3
 .debug_loclists
                0x00000000       0x63 ./Application/User/main.o
 .debug_loclists
                0x00000063       0x4a ./Application/User/startup_stm32u5xx.o
 .debug_loclists
                0x000000ad       0x58 ./Application/User/tick.o
 .debug_loclists
                0x00000105       0xd4 ./Drivers/CMSIS/system_stm32u5xx.o
 .debug_loclists
                0x000001d9      0x168 ./Drivers/STM32U5xx_HAL_Driver/stm32u5xx_hal.o
 .debug_loclists
                0x00000341      0x437 ./Drivers/STM32U5xx_HAL_Driver/stm32u5xx_hal_cortex.o
 .debug_loclists
                0x00000778     0x1097 ./Drivers/STM32U5xx_HAL_Driver/stm32u5xx_hal_gtzc.o
 .debug_loclists
                0x0000180f      0x7a4 ./Drivers/STM32U5xx_HAL_Driver/stm32u5xx_hal_rcc.o

.debug_aranges  0x00000000      0x8a8
 .debug_aranges
                0x00000000       0x40 ./Application/User/main.o
 .debug_aranges
                0x00000040       0x20 ./Application/User/secure_nsc.o
 .debug_aranges
                0x00000060      0x468 ./Application/User/startup_stm32u5xx.o
 .debug_aranges
                0x000004c8       0x28 ./Application/User/tick.o
 .debug_aranges
                0x000004f0       0x30 ./Drivers/CMSIS/system_stm32u5xx.o
 .debug_aranges
                0x00000520      0x148 ./Drivers/STM32U5xx_HAL_Driver/stm32u5xx_hal.o
 .debug_aranges
                0x00000668       0xe0 ./Drivers/STM32U5xx_HAL_Driver/stm32u5xx_hal_cortex.o
 .debug_aranges
                0x00000748       0xb8 ./Drivers/STM32U5xx_HAL_Driver/stm32u5xx_hal_gtzc.o
 .debug_aranges
                0x00000800       0xa8 ./Drivers/STM32U5xx_HAL_Driver/stm32u5xx_hal_rcc.o

.debug_rnglists
                0x00000000      0x7b4
 .debug_rnglists
                0x00000000       0x2c ./Application/User/main.o
 .debug_rnglists
                0x0000002c       0x13 ./Application/User/secure_nsc.o
 .debug_rnglists
                0x0000003f      0x38c ./Application/User/startup_stm32u5xx.o
 .debug_rnglists
                0x000003cb       0x19 ./Application/User/tick.o
 .debug_rnglists
                0x000003e4       0x2e ./Drivers/CMSIS/system_stm32u5xx.o
 .debug_rnglists
                0x00000412       0xf1 ./Drivers/STM32U5xx_HAL_Driver/stm32u5xx_hal.o
 .debug_rnglists
                0x00000503      0x127 ./Drivers/STM32U5xx_HAL_Driver/stm32u5xx_hal_cortex.o
 .debug_rnglists
                0x0000062a       0x91 ./Drivers/STM32U5xx_HAL_Driver/stm32u5xx_hal_gtzc.o
 .debug_rnglists
                0x000006bb       0xf9 ./Drivers/STM32U5xx_HAL_Driver/stm32u5xx_hal_rcc.o

.debug_macro    0x00000000     0x1cad
 .debug_macro   0x00000000      0x27f ./Application/User/main.o
 .debug_macro   0x0000027f      0x355 ./Application/User/main.o
 .debug_macro   0x000005d4       0x16 ./Application/User/main.o
 .debug_macro   0x000005ea      0x2ae ./Application/User/secure_nsc.o
 .debug_macro   0x00000898      0x25e ./Application/User/startup_stm32u5xx.o
 .debug_macro   0x00000af6      0x258 ./Application/User/tick.o
 .debug_macro   0x00000d4e      0x296 ./Drivers/CMSIS/system_stm32u5xx.o
 .debug_macro   0x00000fe4      0x179 ./Drivers/CMSIS/system_stm32u5xx.o
 .debug_macro   0x0000115d      0x27c ./Drivers/STM32U5xx_HAL_Driver/stm32u5xx_hal.o
 .debug_macro   0x000013d9      0x258 ./Drivers/STM32U5xx_HAL_Driver/stm32u5xx_hal_cortex.o
 .debug_macro   0x00001631      0x31e ./Drivers/STM32U5xx_HAL_Driver/stm32u5xx_hal_gtzc.o
 .debug_macro   0x0000194f      0x35e ./Drivers/STM32U5xx_HAL_Driver/stm32u5xx_hal_rcc.o

.debug_line     0x00000000     0x93ac
 .debug_line    0x00000000      0x9ed ./Application/User/main.o
 .debug_line    0x000009ed      0x936 ./Application/User/secure_nsc.o
 .debug_line    0x00001323     0x17d7 ./Application/User/startup_stm32u5xx.o
 .debug_line    0x00002afa      0x8ec ./Application/User/tick.o
 .debug_line    0x000033e6      0xacd ./Drivers/CMSIS/system_stm32u5xx.o
 .debug_line    0x00003eb3      0xdb9 ./Drivers/STM32U5xx_HAL_Driver/stm32u5xx_hal.o
 .debug_line    0x00004c6c      0xf9d ./Drivers/STM32U5xx_HAL_Driver/stm32u5xx_hal_cortex.o
 .debug_line    0x00005c09     0x1ba0 ./Drivers/STM32U5xx_HAL_Driver/stm32u5xx_hal_gtzc.o
 .debug_line    0x000077a9     0x1c03 ./Drivers/STM32U5xx_HAL_Driver/stm32u5xx_hal_rcc.o

.debug_str      0x00000000   0x1356c8
 .debug_str     0x00000000   0x1307ce ./Application/User/main.o
                             0x1312c0 (size before relaxing)
 .debug_str     0x001307ce      0x337 ./Application/User/secure_nsc.o
                             0x1311d8 (size before relaxing)
 .debug_str     0x00130b05      0xdb2 ./Application/User/startup_stm32u5xx.o
                             0x12edd2 (size before relaxing)
 .debug_str     0x001318b7      0x110 ./Application/User/tick.o
                             0x12e043 (size before relaxing)
 .debug_str     0x001319c7      0x7de ./Drivers/CMSIS/system_stm32u5xx.o
                             0x1319bf (size before relaxing)
 .debug_str     0x001321a5      0xebb ./Drivers/STM32U5xx_HAL_Driver/stm32u5xx_hal.o
                             0x12f1bd (size before relaxing)
 .debug_str     0x00133060      0x431 ./Drivers/STM32U5xx_HAL_Driver/stm32u5xx_hal_cortex.o
                             0x12efca (size before relaxing)
 .debug_str     0x00133491      0xbb9 ./Drivers/STM32U5xx_HAL_Driver/stm32u5xx_hal_gtzc.o
                             0x12ec3c (size before relaxing)
 .debug_str     0x0013404a     0x167e ./Drivers/STM32U5xx_HAL_Driver/stm32u5xx_hal_rcc.o
                             0x12fa9f (size before relaxing)

.debug_frame    0x00000000     0x144c
 .debug_frame   0x00000000       0x88 ./Application/User/main.o
 .debug_frame   0x00000088       0x20 ./Application/User/secure_nsc.o
 .debug_frame   0x000000a8      0x8b8 ./Application/User/startup_stm32u5xx.o
 .debug_frame   0x00000960       0x3c ./Application/User/tick.o
 .debug_frame   0x0000099c       0x5c ./Drivers/CMSIS/system_stm32u5xx.o
 .debug_frame   0x000009f8      0x2b0 ./Drivers/STM32U5xx_HAL_Driver/stm32u5xx_hal.o
 .debug_frame   0x00000ca8      0x1d0 ./Drivers/STM32U5xx_HAL_Driver/stm32u5xx_hal_cortex.o
 .debug_frame   0x00000e78      0x218 ./Drivers/STM32U5xx_HAL_Driver/stm32u5xx_hal_gtzc.o
 .debug_frame   0x00001090      0x1e4 ./Drivers/STM32U5xx_HAL_Driver/stm32u5xx_hal_rcc.o
 .debug_frame   0x00001274       0x28 /opt/st/stm32cubeide_1.13.1/plugins/com.st.stm32cube.ide.mcu.externaltools.gnu-tools-for-stm32.12.3.rel1.linux64_1.0.100.202403111256/tools/bin/../lib/gcc/arm-none-eabi/12.3.1/../../../../arm-none-eabi/lib/thumb/v8-m.main+fp/hard/libc_nano.a(libc_a-exit.o)
 .debug_frame   0x0000129c      0x144 /opt/st/stm32cubeide_1.13.1/plugins/com.st.stm32cube.ide.mcu.externaltools.gnu-tools-for-stm32.12.3.rel1.linux64_1.0.100.202403111256/tools/bin/../lib/gcc/arm-none-eabi/12.3.1/../../../../arm-none-eabi/lib/thumb/v8-m.main+fp/hard/libc_nano.a(libc_a-findfp.o)
 .debug_frame   0x000013e0       0x20 /opt/st/stm32cubeide_1.13.1/plugins/com.st.stm32cube.ide.mcu.externaltools.gnu-tools-for-stm32.12.3.rel1.linux64_1.0.100.202403111256/tools/bin/../lib/gcc/arm-none-eabi/12.3.1/../../../../arm-none-eabi/lib/thumb/v8-m.main+fp/hard/libc_nano.a(libc_a-memset.o)
 .debug_frame   0x00001400       0x2c /opt/st/stm32cubeide_1.13.1/plugins/com.st.stm32cube.ide.mcu.externaltools.gnu-tools-for-stm32.12.3.rel1.linux64_1.0.100.202403111256/tools/bin/../lib/gcc/arm-none-eabi/12.3.1/../../../../arm-none-eabi/lib/thumb/v8-m.main+fp/hard/libc_nano.a(libc_a-init.o)
 .debug_frame   0x0000142c       0x20 /opt/st/stm32cubeide_1.13.1/plugins/com.st.stm32cube.ide.mcu.externaltools.gnu-tools-for-stm32.12.3.rel1.linux64_1.0.100.202403111256/tools/bin/../lib/gcc/arm-none-eabi/12.3.1/../../../../arm-none-eabi/lib/thumb/v8-m.main+fp/hard/libnosys.a(_exit.o)
