/home/erhangok/Documents/GitHub/STM32U5_Cellular_Cloud/STM32CubeExpansion_Cloud_AZURE_V2.3.0/Drivers/BSP/B-U585I-IOT02A/b_u585i_iot02a.c:127:9:BSP_GetVersion	0	static
/home/erhangok/Documents/GitHub/STM32U5_Cellular_Cloud/STM32CubeExpansion_Cloud_AZURE_V2.3.0/Drivers/BSP/B-U585I-IOT02A/b_u585i_iot02a.c:136:16:BSP_GetBoardName	0	static
/home/erhangok/Documents/GitHub/STM32U5_Cellular_Cloud/STM32CubeExpansion_Cloud_AZURE_V2.3.0/Drivers/BSP/B-U585I-IOT02A/b_u585i_iot02a.c:145:16:BSP_GetBoardID	0	static
/home/erhangok/Documents/GitHub/STM32U5_Cellular_Cloud/STM32CubeExpansion_Cloud_AZURE_V2.3.0/Drivers/BSP/B-U585I-IOT02A/b_u585i_iot02a.c:158:9:BSP_LED_Init	56	static
/home/erhangok/Documents/GitHub/STM32U5_Cellular_Cloud/STM32CubeExpansion_Cloud_AZURE_V2.3.0/Drivers/BSP/B-U585I-IOT02A/b_u585i_iot02a.c:186:9:BSP_LED_DeInit	16	static
/home/erhangok/Documents/GitHub/STM32U5_Cellular_Cloud/STM32CubeExpansion_Cloud_AZURE_V2.3.0/Drivers/BSP/B-U585I-IOT02A/b_u585i_iot02a.c:207:9:BSP_LED_On	8	static
/home/erhangok/Documents/GitHub/STM32U5_Cellular_Cloud/STM32CubeExpansion_Cloud_AZURE_V2.3.0/Drivers/BSP/B-U585I-IOT02A/b_u585i_iot02a.c:225:9:BSP_LED_Off	8	static
/home/erhangok/Documents/GitHub/STM32U5_Cellular_Cloud/STM32CubeExpansion_Cloud_AZURE_V2.3.0/Drivers/BSP/B-U585I-IOT02A/b_u585i_iot02a.c:243:9:BSP_LED_Toggle	8	static
/home/erhangok/Documents/GitHub/STM32U5_Cellular_Cloud/STM32CubeExpansion_Cloud_AZURE_V2.3.0/Drivers/BSP/B-U585I-IOT02A/b_u585i_iot02a.c:261:9:BSP_LED_GetState	8	static
/home/erhangok/Documents/GitHub/STM32U5_Cellular_Cloud/STM32CubeExpansion_Cloud_AZURE_V2.3.0/Drivers/BSP/B-U585I-IOT02A/b_u585i_iot02a.c:291:9:BSP_PB_Init	32	static
/home/erhangok/Documents/GitHub/STM32U5_Cellular_Cloud/STM32CubeExpansion_Cloud_AZURE_V2.3.0/Drivers/BSP/B-U585I-IOT02A/b_u585i_iot02a.c:345:9:BSP_PB_DeInit	8	static
/home/erhangok/Documents/GitHub/STM32U5_Cellular_Cloud/STM32CubeExpansion_Cloud_AZURE_V2.3.0/Drivers/BSP/B-U585I-IOT02A/b_u585i_iot02a.c:371:9:BSP_PB_GetState	8	static
/home/erhangok/Documents/GitHub/STM32U5_Cellular_Cloud/STM32CubeExpansion_Cloud_AZURE_V2.3.0/Drivers/BSP/B-U585I-IOT02A/b_u585i_iot02a.c:381:6:BSP_PB_IRQHandler	0	static
/home/erhangok/Documents/GitHub/STM32U5_Cellular_Cloud/STM32CubeExpansion_Cloud_AZURE_V2.3.0/Drivers/BSP/B-U585I-IOT02A/b_u585i_iot02a.c:391:13:BSP_PB_Callback	0	static
/home/erhangok/Documents/GitHub/STM32U5_Cellular_Cloud/STM32CubeExpansion_Cloud_AZURE_V2.3.0/Drivers/BSP/B-U585I-IOT02A/b_u585i_iot02a.c:602:13:BUTTON_USER_EXTI_Callback	8	static
