/home/erhangok/Documents/GitHub/STM32U5_Cellular_Cloud/STM32CubeExpansion_Cloud_AZURE_V2.3.0/Drivers/BSP/Components/cellular/BG96/Src/at_custom_modem_sid.c:1349:20:at_SID_CS_DEACTIVATE_PDN	0	static
/home/erhangok/Documents/GitHub/STM32U5_Cellular_Cloud/STM32CubeExpansion_Cloud_AZURE_V2.3.0/Drivers/BSP/Components/cellular/BG96/Src/at_custom_modem_sid.c:1517:20:at_SID_CS_DATA_RESUME	16	static
/home/erhangok/Documents/GitHub/STM32U5_Cellular_Cloud/STM32CubeExpansion_Cloud_AZURE_V2.3.0/Drivers/BSP/Components/cellular/BG96/Src/at_custom_modem_sid.c:1451:20:at_SID_CS_GET_IP_ADDRESS	16	static
/home/erhangok/Documents/GitHub/STM32U5_Cellular_Cloud/STM32CubeExpansion_Cloud_AZURE_V2.3.0/Drivers/BSP/Components/cellular/BG96/Src/at_custom_modem_sid.c:1373:20:at_SID_CS_DEFINE_PDN	16	static
/home/erhangok/Documents/GitHub/STM32U5_Cellular_Cloud/STM32CubeExpansion_Cloud_AZURE_V2.3.0/Drivers/BSP/Components/cellular/BG96/Src/at_custom_modem_sid.c:973:20:at_SID_CS_GET_NETSTATUS	16	static
/home/erhangok/Documents/GitHub/STM32U5_Cellular_Cloud/STM32CubeExpansion_Cloud_AZURE_V2.3.0/Drivers/BSP/Components/cellular/BG96/Src/at_custom_modem_sid.c:908:20:at_SID_CS_REGISTER_NET	16	static
/home/erhangok/Documents/GitHub/STM32U5_Cellular_Cloud/STM32CubeExpansion_Cloud_AZURE_V2.3.0/Drivers/BSP/Components/cellular/BG96/Src/at_custom_modem_sid.c:747:20:at_SID_CS_GET_DEVICE_INFO	24	static,ignoring_inline_asm
/home/erhangok/Documents/GitHub/STM32U5_Cellular_Cloud/STM32CubeExpansion_Cloud_AZURE_V2.3.0/Drivers/BSP/Components/cellular/BG96/Src/at_custom_modem_sid.c:1425:20:at_SID_CS_SET_DEFAULT_PDN	8	static
/home/erhangok/Documents/GitHub/STM32U5_Cellular_Cloud/STM32CubeExpansion_Cloud_AZURE_V2.3.0/Drivers/BSP/Components/cellular/BG96/Src/at_custom_modem_sid.c:1275:20:at_SID_CS_ACTIVATE_PDN	16	static,ignoring_inline_asm
/home/erhangok/Documents/GitHub/STM32U5_Cellular_Cloud/STM32CubeExpansion_Cloud_AZURE_V2.3.0/Drivers/BSP/Components/cellular/BG96/Src/at_custom_modem_sid.c:563:20:at_SID_CS_POWER_OFF	8	static
/home/erhangok/Documents/GitHub/STM32U5_Cellular_Cloud/STM32CubeExpansion_Cloud_AZURE_V2.3.0/Drivers/BSP/Components/cellular/BG96/Src/at_custom_modem_sid.c:2025:20:at_SID_CS_DNS_REQ	24	static
/home/erhangok/Documents/GitHub/STM32U5_Cellular_Cloud/STM32CubeExpansion_Cloud_AZURE_V2.3.0/Drivers/BSP/Components/cellular/BG96/Src/at_custom_modem_sid.c:1911:20:at_SID_CS_SOCKET_CLOSE	24	static,ignoring_inline_asm
/home/erhangok/Documents/GitHub/STM32U5_Cellular_Cloud/STM32CubeExpansion_Cloud_AZURE_V2.3.0/Drivers/BSP/Components/cellular/BG96/Src/at_custom_modem_sid.c:1840:20:at_SID_CS_RECEIVE_DATA	24	static,ignoring_inline_asm
/home/erhangok/Documents/GitHub/STM32U5_Cellular_Cloud/STM32CubeExpansion_Cloud_AZURE_V2.3.0/Drivers/BSP/Components/cellular/BG96/Src/at_custom_modem_sid.c:597:20:at_SID_CS_INIT_MODEM	24	static,ignoring_inline_asm
/home/erhangok/Documents/GitHub/STM32U5_Cellular_Cloud/STM32CubeExpansion_Cloud_AZURE_V2.3.0/Drivers/BSP/Components/cellular/BG96/Src/at_custom_modem_sid.c:1775:20:at_SID_CS_SEND_DATA	24	static,ignoring_inline_asm
/home/erhangok/Documents/GitHub/STM32U5_Cellular_Cloud/STM32CubeExpansion_Cloud_AZURE_V2.3.0/Drivers/BSP/Components/cellular/BG96/Src/at_custom_modem_sid.c:1479:20:at_SID_CS_DATA_SUSPEND	24	static
/home/erhangok/Documents/GitHub/STM32U5_Cellular_Cloud/STM32CubeExpansion_Cloud_AZURE_V2.3.0/Drivers/BSP/Components/cellular/BG96/Src/at_custom_modem_sid.c:1680:20:at_SID_CS_DIAL_COMMAND	24	static,ignoring_inline_asm
/home/erhangok/Documents/GitHub/STM32U5_Cellular_Cloud/STM32CubeExpansion_Cloud_AZURE_V2.3.0/Drivers/BSP/Components/cellular/BG96/Src/at_custom_modem_sid.c:824:20:at_SID_CS_GET_SIGNAL_QUALITY	16	static
/home/erhangok/Documents/GitHub/STM32U5_Cellular_Cloud/STM32CubeExpansion_Cloud_AZURE_V2.3.0/Drivers/BSP/Components/cellular/BG96/Src/at_custom_modem_sid.c:386:20:at_SID_CS_POWER_ON	32	static,ignoring_inline_asm
/home/erhangok/Documents/GitHub/STM32U5_Cellular_Cloud/STM32CubeExpansion_Cloud_AZURE_V2.3.0/Drivers/BSP/Components/cellular/BG96/Src/at_custom_modem_sid.c:1996:20:at_SID_CS_PING_IP_ADDRESS	16	static
/home/erhangok/Documents/GitHub/STM32U5_Cellular_Cloud/STM32CubeExpansion_Cloud_AZURE_V2.3.0/Drivers/BSP/Components/cellular/BG96/Src/at_custom_modem_sid.c:1967:20:at_SID_CS_SOCKET_CNX_STATUS	16	static
/home/erhangok/Documents/GitHub/STM32U5_Cellular_Cloud/STM32CubeExpansion_Cloud_AZURE_V2.3.0/Drivers/BSP/Components/cellular/BG96/Src/at_custom_modem_sid.c:1647:20:at_SID_CS_SIM_GENERIC_ACCESS	16	static
/home/erhangok/Documents/GitHub/STM32U5_Cellular_Cloud/STM32CubeExpansion_Cloud_AZURE_V2.3.0/Drivers/BSP/Components/cellular/BG96/Src/at_custom_modem_sid.c:1245:20:at_SID_DETACH_PS_DOMAIN	16	static
/home/erhangok/Documents/GitHub/STM32U5_Cellular_Cloud/STM32CubeExpansion_Cloud_AZURE_V2.3.0/Drivers/BSP/Components/cellular/BG96/Src/at_custom_modem_sid.c:1215:20:at_SID_ATTACH_PS_DOMAIN	24	static
/home/erhangok/Documents/GitHub/STM32U5_Cellular_Cloud/STM32CubeExpansion_Cloud_AZURE_V2.3.0/Drivers/BSP/Components/cellular/BG96/Src/at_custom_modem_sid.c:879:20:at_SID_CS_GET_ATTACHSTATUS	16	static
/home/erhangok/Documents/GitHub/STM32U5_Cellular_Cloud/STM32CubeExpansion_Cloud_AZURE_V2.3.0/Drivers/BSP/Components/cellular/BG96/Src/at_custom_modem_sid.c:328:20:at_SID_CS_CHECK_CNX	16	static
/home/erhangok/Documents/GitHub/STM32U5_Cellular_Cloud/STM32CubeExpansion_Cloud_AZURE_V2.3.0/Drivers/BSP/Components/cellular/BG96/Src/at_custom_modem_sid.c:357:20:at_SID_CS_MODEM_CONFIG	0	static
/home/erhangok/Documents/GitHub/STM32U5_Cellular_Cloud/STM32CubeExpansion_Cloud_AZURE_V2.3.0/Drivers/BSP/Components/cellular/BG96/Src/at_custom_modem_sid.c:1175:20:at_SID_CS_DEREGISTER_PDN_EVENT	16	static
/home/erhangok/Documents/GitHub/STM32U5_Cellular_Cloud/STM32CubeExpansion_Cloud_AZURE_V2.3.0/Drivers/BSP/Components/cellular/BG96/Src/at_custom_modem_sid.c:1135:20:at_SID_CS_REGISTER_PDN_EVENT	16	static
/home/erhangok/Documents/GitHub/STM32U5_Cellular_Cloud/STM32CubeExpansion_Cloud_AZURE_V2.3.0/Drivers/BSP/Components/cellular/BG96/Src/at_custom_modem_sid.c:1576:20:at_SID_CS_DIRECT_CMD	24	static
/home/erhangok/Documents/GitHub/STM32U5_Cellular_Cloud/STM32CubeExpansion_Cloud_AZURE_V2.3.0/Drivers/BSP/Components/cellular/BG96/Src/at_custom_modem_sid.c:1077:20:at_SID_CS_UNSUSBCRIBE_NET_EVENT	24	static
/home/erhangok/Documents/GitHub/STM32U5_Cellular_Cloud/STM32CubeExpansion_Cloud_AZURE_V2.3.0/Drivers/BSP/Components/cellular/BG96/Src/at_custom_modem_sid.c:1018:20:at_SID_CS_SUSBCRIBE_NET_EVENT	24	static
/home/erhangok/Documents/GitHub/STM32U5_Cellular_Cloud/STM32CubeExpansion_Cloud_AZURE_V2.3.0/Drivers/BSP/Components/cellular/BG96/Src/at_custom_modem_sid.c:1613:20:at_SID_CS_SIM_SELECT	16	static
/home/erhangok/Documents/GitHub/STM32U5_Cellular_Cloud/STM32CubeExpansion_Cloud_AZURE_V2.3.0/Drivers/BSP/Components/cellular/BG96/Src/at_custom_modem_sid.c:1550:20:at_SID_CS_SUSBCRIBE_MODEM_EVENT	8	static
/home/erhangok/Documents/GitHub/STM32U5_Cellular_Cloud/STM32CubeExpansion_Cloud_AZURE_V2.3.0/Drivers/BSP/Components/cellular/BG96/Src/at_custom_modem_sid.c:210:13:at_custom_SID_bg96	16	static
