/home/erhangok/Documents/GitHub/STM32U5_Cellular_Cloud/STM32CubeExpansion_Cloud_AZURE_V2.3.0/Drivers/BSP/Components/cellular/BG96/Src/at_custom_sysctrl.c:100:18:SysCtrl_BG96_getDeviceDescriptor	40	static
/home/erhangok/Documents/GitHub/STM32U5_Cellular_Cloud/STM32CubeExpansion_Cloud_AZURE_V2.3.0/Drivers/BSP/Components/cellular/BG96/Src/at_custom_sysctrl.c:143:18:SysCtrl_BG96_open_channel	8	static
/home/erhangok/Documents/GitHub/STM32U5_Cellular_Cloud/STM32CubeExpansion_Cloud_AZURE_V2.3.0/Drivers/BSP/Components/cellular/BG96/Src/at_custom_sysctrl.c:179:18:SysCtrl_BG96_close_channel	8	static
/home/erhangok/Documents/GitHub/STM32U5_Cellular_Cloud/STM32CubeExpansion_Cloud_AZURE_V2.3.0/Drivers/BSP/Components/cellular/BG96/Src/at_custom_sysctrl.c:202:18:SysCtrl_BG96_power_on	8	static
/home/erhangok/Documents/GitHub/STM32U5_Cellular_Cloud/STM32CubeExpansion_Cloud_AZURE_V2.3.0/Drivers/BSP/Components/cellular/BG96/Src/at_custom_sysctrl.c:259:18:SysCtrl_BG96_power_off	8	static
/home/erhangok/Documents/GitHub/STM32U5_Cellular_Cloud/STM32CubeExpansion_Cloud_AZURE_V2.3.0/Drivers/BSP/Components/cellular/BG96/Src/at_custom_sysctrl.c:296:18:SysCtrl_BG96_reset	16	static
/home/erhangok/Documents/GitHub/STM32U5_Cellular_Cloud/STM32CubeExpansion_Cloud_AZURE_V2.3.0/Drivers/BSP/Components/cellular/BG96/Src/at_custom_sysctrl.c:335:18:SysCtrl_BG96_sim_select	8	static
/home/erhangok/Documents/GitHub/STM32U5_Cellular_Cloud/STM32CubeExpansion_Cloud_AZURE_V2.3.0/Drivers/BSP/Components/cellular/BG96/Src/at_custom_sysctrl.c:374:18:SysCtrl_BG96_wakeup_from_PSM	8	static
