/home/erhangok/Documents/GitHub/STM32U5_Cellular_Cloud/STM32CubeExpansion_Cloud_AZURE_V2.3.0/Middlewares/ST/netxduo/crypto_libraries/src/nx_crypto_ctr.c:67:28:_nx_crypto_ctr_xor	8	static
/home/erhangok/Documents/GitHub/STM32U5_Cellular_Cloud/STM32CubeExpansion_Cloud_AZURE_V2.3.0/Middlewares/ST/netxduo/crypto_libraries/src/nx_crypto_ctr.c:210:21:_nx_crypto_ctr_encrypt	48	static
/home/erhangok/Documents/GitHub/STM32U5_Cellular_Cloud/STM32CubeExpansion_Cloud_AZURE_V2.3.0/Middlewares/ST/netxduo/crypto_libraries/src/nx_crypto_ctr.c:294:21:_nx_crypto_ctr_encrypt_init	32	static
