/home/erhangok/Downloads/en.x-cube-azure-v2-3-0/STM32CubeExpansion_Cloud_AZURE_V2.3.0/Projects/B-U585I-IOT02A/Applications/TFM_Azure_IoT/TFM_SBSFU_Boot/Src/ecp_alt.c:1124:19:mbedtls_mpi_mul_mod	16	static
/home/erhangok/Downloads/en.x-cube-azure-v2-3-0/STM32CubeExpansion_Cloud_AZURE_V2.3.0/Projects/B-U585I-IOT02A/Applications/TFM_Azure_IoT/TFM_SBSFU_Boot/Src/ecp_alt.c:1165:19:mbedtls_mpi_add_mod.part.0	16	static
/home/erhangok/Downloads/en.x-cube-azure-v2-3-0/STM32CubeExpansion_Cloud_AZURE_V2.3.0/Projects/B-U585I-IOT02A/Applications/TFM_Azure_IoT/TFM_SBSFU_Boot/Src/ecp_alt.c:1144:19:mbedtls_mpi_sub_mod	16	static
/home/erhangok/Downloads/en.x-cube-azure-v2-3-0/STM32CubeExpansion_Cloud_AZURE_V2.3.0/Projects/B-U585I-IOT02A/Applications/TFM_Azure_IoT/TFM_SBSFU_Boot/Src/ecp_alt.c:583:6:mbedtls_ecp_point_free.part.0	8	static
/home/erhangok/Downloads/en.x-cube-azure-v2-3-0/STM32CubeExpansion_Cloud_AZURE_V2.3.0/Projects/B-U585I-IOT02A/Applications/TFM_Azure_IoT/TFM_SBSFU_Boot/Src/ecp_alt.c:1177:19:mbedtls_mpi_shift_l_mod.constprop	16	static
/home/erhangok/Downloads/en.x-cube-azure-v2-3-0/STM32CubeExpansion_Cloud_AZURE_V2.3.0/Projects/B-U585I-IOT02A/Applications/TFM_Azure_IoT/TFM_SBSFU_Boot/Src/ecp_alt.c:417:31:mbedtls_ecp_curve_list	0	static
/home/erhangok/Downloads/en.x-cube-azure-v2-3-0/STM32CubeExpansion_Cloud_AZURE_V2.3.0/Projects/B-U585I-IOT02A/Applications/TFM_Azure_IoT/TFM_SBSFU_Boot/Src/ecp_alt.c:425:29:mbedtls_ecp_grp_id_list	16	static
/home/erhangok/Downloads/en.x-cube-azure-v2-3-0/STM32CubeExpansion_Cloud_AZURE_V2.3.0/Projects/B-U585I-IOT02A/Applications/TFM_Azure_IoT/TFM_SBSFU_Boot/Src/ecp_alt.c:451:31:mbedtls_ecp_curve_info_from_grp_id	0	static
/home/erhangok/Downloads/en.x-cube-azure-v2-3-0/STM32CubeExpansion_Cloud_AZURE_V2.3.0/Projects/B-U585I-IOT02A/Applications/TFM_Azure_IoT/TFM_SBSFU_Boot/Src/ecp_alt.c:469:31:mbedtls_ecp_curve_info_from_tls_id	0	static
/home/erhangok/Downloads/en.x-cube-azure-v2-3-0/STM32CubeExpansion_Cloud_AZURE_V2.3.0/Projects/B-U585I-IOT02A/Applications/TFM_Azure_IoT/TFM_SBSFU_Boot/Src/ecp_alt.c:487:31:mbedtls_ecp_curve_info_from_name	16	static
/home/erhangok/Downloads/en.x-cube-azure-v2-3-0/STM32CubeExpansion_Cloud_AZURE_V2.3.0/Projects/B-U585I-IOT02A/Applications/TFM_Azure_IoT/TFM_SBSFU_Boot/Src/ecp_alt.c:508:24:mbedtls_ecp_get_type	0	static
/home/erhangok/Downloads/en.x-cube-azure-v2-3-0/STM32CubeExpansion_Cloud_AZURE_V2.3.0/Projects/B-U585I-IOT02A/Applications/TFM_Azure_IoT/TFM_SBSFU_Boot/Src/ecp_alt.c:522:6:mbedtls_ecp_point_init	8	static
/home/erhangok/Downloads/en.x-cube-azure-v2-3-0/STM32CubeExpansion_Cloud_AZURE_V2.3.0/Projects/B-U585I-IOT02A/Applications/TFM_Azure_IoT/TFM_SBSFU_Boot/Src/ecp_alt.c:537:6:mbedtls_ecp_group_init	16	static
/home/erhangok/Downloads/en.x-cube-azure-v2-3-0/STM32CubeExpansion_Cloud_AZURE_V2.3.0/Projects/B-U585I-IOT02A/Applications/TFM_Azure_IoT/TFM_SBSFU_Boot/Src/ecp_alt.c:571:6:mbedtls_ecp_keypair_init	8	static
/home/erhangok/Downloads/en.x-cube-azure-v2-3-0/STM32CubeExpansion_Cloud_AZURE_V2.3.0/Projects/B-U585I-IOT02A/Applications/TFM_Azure_IoT/TFM_SBSFU_Boot/Src/ecp_alt.c:583:6:mbedtls_ecp_point_free	0	static
/home/erhangok/Downloads/en.x-cube-azure-v2-3-0/STM32CubeExpansion_Cloud_AZURE_V2.3.0/Projects/B-U585I-IOT02A/Applications/TFM_Azure_IoT/TFM_SBSFU_Boot/Src/ecp_alt.c:599:6:mbedtls_ecp_group_free	16	static
/home/erhangok/Downloads/en.x-cube-azure-v2-3-0/STM32CubeExpansion_Cloud_AZURE_V2.3.0/Projects/B-U585I-IOT02A/Applications/TFM_Azure_IoT/TFM_SBSFU_Boot/Src/ecp_alt.c:659:6:mbedtls_ecp_keypair_free	8	static
/home/erhangok/Downloads/en.x-cube-azure-v2-3-0/STM32CubeExpansion_Cloud_AZURE_V2.3.0/Projects/B-U585I-IOT02A/Applications/TFM_Azure_IoT/TFM_SBSFU_Boot/Src/ecp_alt.c:672:5:mbedtls_ecp_copy	16	static
/home/erhangok/Downloads/en.x-cube-azure-v2-3-0/STM32CubeExpansion_Cloud_AZURE_V2.3.0/Projects/B-U585I-IOT02A/Applications/TFM_Azure_IoT/TFM_SBSFU_Boot/Src/ecp_alt.c:689:5:mbedtls_ecp_group_copy	0	static
/home/erhangok/Downloads/en.x-cube-azure-v2-3-0/STM32CubeExpansion_Cloud_AZURE_V2.3.0/Projects/B-U585I-IOT02A/Applications/TFM_Azure_IoT/TFM_SBSFU_Boot/Src/ecp_alt.c:700:5:mbedtls_ecp_set_zero	8	static
/home/erhangok/Downloads/en.x-cube-azure-v2-3-0/STM32CubeExpansion_Cloud_AZURE_V2.3.0/Projects/B-U585I-IOT02A/Applications/TFM_Azure_IoT/TFM_SBSFU_Boot/Src/ecp_alt.c:716:5:mbedtls_ecp_is_zero	8	static
/home/erhangok/Downloads/en.x-cube-azure-v2-3-0/STM32CubeExpansion_Cloud_AZURE_V2.3.0/Projects/B-U585I-IOT02A/Applications/TFM_Azure_IoT/TFM_SBSFU_Boot/Src/ecp_alt.c:726:5:mbedtls_ecp_point_cmp	16	static
/home/erhangok/Downloads/en.x-cube-azure-v2-3-0/STM32CubeExpansion_Cloud_AZURE_V2.3.0/Projects/B-U585I-IOT02A/Applications/TFM_Azure_IoT/TFM_SBSFU_Boot/Src/ecp_alt.c:745:5:mbedtls_ecp_point_read_string	16	static
/home/erhangok/Downloads/en.x-cube-azure-v2-3-0/STM32CubeExpansion_Cloud_AZURE_V2.3.0/Projects/B-U585I-IOT02A/Applications/TFM_Azure_IoT/TFM_SBSFU_Boot/Src/ecp_alt.c:764:5:mbedtls_ecp_point_write_binary	32	static
/home/erhangok/Downloads/en.x-cube-azure-v2-3-0/STM32CubeExpansion_Cloud_AZURE_V2.3.0/Projects/B-U585I-IOT02A/Applications/TFM_Azure_IoT/TFM_SBSFU_Boot/Src/ecp_alt.c:839:5:mbedtls_ecp_point_read_binary	24	static
/home/erhangok/Downloads/en.x-cube-azure-v2-3-0/STM32CubeExpansion_Cloud_AZURE_V2.3.0/Projects/B-U585I-IOT02A/Applications/TFM_Azure_IoT/TFM_SBSFU_Boot/Src/ecp_alt.c:904:5:mbedtls_ecp_tls_read_point	8	static
/home/erhangok/Downloads/en.x-cube-azure-v2-3-0/STM32CubeExpansion_Cloud_AZURE_V2.3.0/Projects/B-U585I-IOT02A/Applications/TFM_Azure_IoT/TFM_SBSFU_Boot/Src/ecp_alt.c:940:5:mbedtls_ecp_tls_write_point	24	static
/home/erhangok/Downloads/en.x-cube-azure-v2-3-0/STM32CubeExpansion_Cloud_AZURE_V2.3.0/Projects/B-U585I-IOT02A/Applications/TFM_Azure_IoT/TFM_SBSFU_Boot/Src/ecp_alt.c:993:5:mbedtls_ecp_tls_read_group_id	8	static
/home/erhangok/Downloads/en.x-cube-azure-v2-3-0/STM32CubeExpansion_Cloud_AZURE_V2.3.0/Projects/B-U585I-IOT02A/Applications/TFM_Azure_IoT/TFM_SBSFU_Boot/Src/ecp_alt.c:974:5:mbedtls_ecp_tls_read_group	16	static
/home/erhangok/Downloads/en.x-cube-azure-v2-3-0/STM32CubeExpansion_Cloud_AZURE_V2.3.0/Projects/B-U585I-IOT02A/Applications/TFM_Azure_IoT/TFM_SBSFU_Boot/Src/ecp_alt.c:1032:5:mbedtls_ecp_tls_write_group	16	static
/home/erhangok/Downloads/en.x-cube-azure-v2-3-0/STM32CubeExpansion_Cloud_AZURE_V2.3.0/Projects/B-U585I-IOT02A/Applications/TFM_Azure_IoT/TFM_SBSFU_Boot/Src/ecp_alt.c:2081:5:mbedtls_ecp_check_pubkey	96	static
/home/erhangok/Downloads/en.x-cube-azure-v2-3-0/STM32CubeExpansion_Cloud_AZURE_V2.3.0/Projects/B-U585I-IOT02A/Applications/TFM_Azure_IoT/TFM_SBSFU_Boot/Src/ecp_alt.c:2105:5:mbedtls_ecp_check_privkey	16	static
/home/erhangok/Downloads/en.x-cube-azure-v2-3-0/STM32CubeExpansion_Cloud_AZURE_V2.3.0/Projects/B-U585I-IOT02A/Applications/TFM_Azure_IoT/TFM_SBSFU_Boot/Src/ecp_alt.c:1759:5:mbedtls_ecp_mul_restartable	120	static
/home/erhangok/Downloads/en.x-cube-azure-v2-3-0/STM32CubeExpansion_Cloud_AZURE_V2.3.0/Projects/B-U585I-IOT02A/Applications/TFM_Azure_IoT/TFM_SBSFU_Boot/Src/ecp_alt.c:1827:5:mbedtls_ecp_mul	24	static
/home/erhangok/Downloads/en.x-cube-azure-v2-3-0/STM32CubeExpansion_Cloud_AZURE_V2.3.0/Projects/B-U585I-IOT02A/Applications/TFM_Azure_IoT/TFM_SBSFU_Boot/Src/ecp_alt.c:1919:12:mbedtls_ecp_mul_shortcuts	40	static
/home/erhangok/Downloads/en.x-cube-azure-v2-3-0/STM32CubeExpansion_Cloud_AZURE_V2.3.0/Projects/B-U585I-IOT02A/Applications/TFM_Azure_IoT/TFM_SBSFU_Boot/Src/ecp_alt.c:1951:5:mbedtls_ecp_muladd_restartable	208	static
/home/erhangok/Downloads/en.x-cube-azure-v2-3-0/STM32CubeExpansion_Cloud_AZURE_V2.3.0/Projects/B-U585I-IOT02A/Applications/TFM_Azure_IoT/TFM_SBSFU_Boot/Src/ecp_alt.c:2048:5:mbedtls_ecp_muladd	24	static
/home/erhangok/Downloads/en.x-cube-azure-v2-3-0/STM32CubeExpansion_Cloud_AZURE_V2.3.0/Projects/B-U585I-IOT02A/Applications/TFM_Azure_IoT/TFM_SBSFU_Boot/Src/ecp_alt.c:2145:5:mbedtls_ecp_gen_privkey	56	static
/home/erhangok/Downloads/en.x-cube-azure-v2-3-0/STM32CubeExpansion_Cloud_AZURE_V2.3.0/Projects/B-U585I-IOT02A/Applications/TFM_Azure_IoT/TFM_SBSFU_Boot/Src/ecp_alt.c:2238:5:mbedtls_ecp_gen_keypair_base	32	static
/home/erhangok/Downloads/en.x-cube-azure-v2-3-0/STM32CubeExpansion_Cloud_AZURE_V2.3.0/Projects/B-U585I-IOT02A/Applications/TFM_Azure_IoT/TFM_SBSFU_Boot/Src/ecp_alt.c:2261:5:mbedtls_ecp_gen_keypair	16	static
/home/erhangok/Downloads/en.x-cube-azure-v2-3-0/STM32CubeExpansion_Cloud_AZURE_V2.3.0/Projects/B-U585I-IOT02A/Applications/TFM_Azure_IoT/TFM_SBSFU_Boot/Src/ecp_alt.c:2277:5:mbedtls_ecp_gen_key	24	static
/home/erhangok/Downloads/en.x-cube-azure-v2-3-0/STM32CubeExpansion_Cloud_AZURE_V2.3.0/Projects/B-U585I-IOT02A/Applications/TFM_Azure_IoT/TFM_SBSFU_Boot/Src/ecp_alt.c:2294:5:mbedtls_ecp_read_key	24	static
/home/erhangok/Downloads/en.x-cube-azure-v2-3-0/STM32CubeExpansion_Cloud_AZURE_V2.3.0/Projects/B-U585I-IOT02A/Applications/TFM_Azure_IoT/TFM_SBSFU_Boot/Src/ecp_alt.c:2362:5:mbedtls_ecp_write_key	8	static
/home/erhangok/Downloads/en.x-cube-azure-v2-3-0/STM32CubeExpansion_Cloud_AZURE_V2.3.0/Projects/B-U585I-IOT02A/Applications/TFM_Azure_IoT/TFM_SBSFU_Boot/Src/ecp_alt.c:2401:5:mbedtls_ecp_check_pub_priv	232	static
