/home/erhangok/Documents/GitHub/STM32U5_Cellular_Cloud/STM32CubeExpansion_Cloud_AZURE_V2.3.0/Projects/B-U585I-IOT02A/Applications/TFM_Azure_IoT/TFM_SBSFU_Boot/Src/mpu_armv8m_drv.c:16:25:mpu_armv8m_enable	0	static,ignoring_inline_asm
/home/erhangok/Documents/GitHub/STM32U5_Cellular_Cloud/STM32CubeExpansion_Cloud_AZURE_V2.3.0/Projects/B-U585I-IOT02A/Applications/TFM_Azure_IoT/TFM_SBSFU_Boot/Src/mpu_armv8m_drv.c:52:25:mpu_armv8m_check	8	static
/home/erhangok/Documents/GitHub/STM32U5_Cellular_Cloud/STM32CubeExpansion_Cloud_AZURE_V2.3.0/Projects/B-U585I-IOT02A/Applications/TFM_Azure_IoT/TFM_SBSFU_Boot/Src/mpu_armv8m_drv.c:95:25:mpu_armv8m_disable	0	static
/home/erhangok/Documents/GitHub/STM32U5_Cellular_Cloud/STM32CubeExpansion_Cloud_AZURE_V2.3.0/Projects/B-U585I-IOT02A/Applications/TFM_Azure_IoT/TFM_SBSFU_Boot/Src/mpu_armv8m_drv.c:106:25:mpu_armv8m_region_enable	12	static,ignoring_inline_asm
/home/erhangok/Documents/GitHub/STM32U5_Cellular_Cloud/STM32CubeExpansion_Cloud_AZURE_V2.3.0/Projects/B-U585I-IOT02A/Applications/TFM_Azure_IoT/TFM_SBSFU_Boot/Src/mpu_armv8m_drv.c:156:25:mpu_armv8m_region_enable_check	16	static
/home/erhangok/Documents/GitHub/STM32U5_Cellular_Cloud/STM32CubeExpansion_Cloud_AZURE_V2.3.0/Projects/B-U585I-IOT02A/Applications/TFM_Azure_IoT/TFM_SBSFU_Boot/Src/mpu_armv8m_drv.c:200:25:mpu_armv8m_region_disable	0	static
/home/erhangok/Documents/GitHub/STM32U5_Cellular_Cloud/STM32CubeExpansion_Cloud_AZURE_V2.3.0/Projects/B-U585I-IOT02A/Applications/TFM_Azure_IoT/TFM_SBSFU_Boot/Src/mpu_armv8m_drv.c:226:25:mpu_armv8m_region_disable_check	0	static
/home/erhangok/Documents/GitHub/STM32U5_Cellular_Cloud/STM32CubeExpansion_Cloud_AZURE_V2.3.0/Projects/B-U585I-IOT02A/Applications/TFM_Azure_IoT/TFM_SBSFU_Boot/Src/mpu_armv8m_drv.c:245:25:mpu_armv8m_clean	16	static
