/home/erhangok/Documents/GitHub/STM32U5_Cellular_Cloud/STM32CubeExpansion_Cloud_AZURE_V2.3.0/Projects/B-U585I-IOT02A/Applications/TFM_Azure_IoT/TFM_SBSFU_Boot/Src/rsa_alt.c:196:12:rsa_mpi2pka_mul	88	static
/home/erhangok/Documents/GitHub/STM32U5_Cellular_Cloud/STM32CubeExpansion_Cloud_AZURE_V2.3.0/Projects/B-U585I-IOT02A/Applications/TFM_Azure_IoT/TFM_SBSFU_Boot/Src/rsa_alt.c:620:12:rsa_check_context	24	static
/home/erhangok/Documents/GitHub/STM32U5_Cellular_Cloud/STM32CubeExpansion_Cloud_AZURE_V2.3.0/Projects/B-U585I-IOT02A/Applications/TFM_Azure_IoT/TFM_SBSFU_Boot/Src/rsa_alt.c:299:12:rsa_pka_modexp	136	static
/home/erhangok/Documents/GitHub/STM32U5_Cellular_Cloud/STM32CubeExpansion_Cloud_AZURE_V2.3.0/Projects/B-U585I-IOT02A/Applications/TFM_Azure_IoT/TFM_SBSFU_Boot/Src/rsa_alt.c:1349:12:mgf_mask	80	static
/home/erhangok/Documents/GitHub/STM32U5_Cellular_Cloud/STM32CubeExpansion_Cloud_AZURE_V2.3.0/Projects/B-U585I-IOT02A/Applications/TFM_Azure_IoT/TFM_SBSFU_Boot/Src/rsa_alt.c:556:5:mbedtls_rsa_import	32	static
/home/erhangok/Documents/GitHub/STM32U5_Cellular_Cloud/STM32CubeExpansion_Cloud_AZURE_V2.3.0/Projects/B-U585I-IOT02A/Applications/TFM_Azure_IoT/TFM_SBSFU_Boot/Src/rsa_alt.c:579:5:mbedtls_rsa_import_raw	32	static
/home/erhangok/Documents/GitHub/STM32U5_Cellular_Cloud/STM32CubeExpansion_Cloud_AZURE_V2.3.0/Projects/B-U585I-IOT02A/Applications/TFM_Azure_IoT/TFM_SBSFU_Boot/Src/rsa_alt.c:708:5:mbedtls_rsa_complete	64	static
/home/erhangok/Documents/GitHub/STM32U5_Cellular_Cloud/STM32CubeExpansion_Cloud_AZURE_V2.3.0/Projects/B-U585I-IOT02A/Applications/TFM_Azure_IoT/TFM_SBSFU_Boot/Src/rsa_alt.c:802:5:mbedtls_rsa_export_raw	56	static
/home/erhangok/Documents/GitHub/STM32U5_Cellular_Cloud/STM32CubeExpansion_Cloud_AZURE_V2.3.0/Projects/B-U585I-IOT02A/Applications/TFM_Azure_IoT/TFM_SBSFU_Boot/Src/rsa_alt.c:850:5:mbedtls_rsa_export	32	static
/home/erhangok/Documents/GitHub/STM32U5_Cellular_Cloud/STM32CubeExpansion_Cloud_AZURE_V2.3.0/Projects/B-U585I-IOT02A/Applications/TFM_Azure_IoT/TFM_SBSFU_Boot/Src/rsa_alt.c:895:5:mbedtls_rsa_export_crt	40	static
/home/erhangok/Documents/GitHub/STM32U5_Cellular_Cloud/STM32CubeExpansion_Cloud_AZURE_V2.3.0/Projects/B-U585I-IOT02A/Applications/TFM_Azure_IoT/TFM_SBSFU_Boot/Src/rsa_alt.c:935:6:mbedtls_rsa_init	16	static
/home/erhangok/Documents/GitHub/STM32U5_Cellular_Cloud/STM32CubeExpansion_Cloud_AZURE_V2.3.0/Projects/B-U585I-IOT02A/Applications/TFM_Azure_IoT/TFM_SBSFU_Boot/Src/rsa_alt.c:958:6:mbedtls_rsa_set_padding	0	static
/home/erhangok/Documents/GitHub/STM32U5_Cellular_Cloud/STM32CubeExpansion_Cloud_AZURE_V2.3.0/Projects/B-U585I-IOT02A/Applications/TFM_Azure_IoT/TFM_SBSFU_Boot/Src/rsa_alt.c:973:8:mbedtls_rsa_get_len	0	static
/home/erhangok/Documents/GitHub/STM32U5_Cellular_Cloud/STM32CubeExpansion_Cloud_AZURE_V2.3.0/Projects/B-U585I-IOT02A/Applications/TFM_Azure_IoT/TFM_SBSFU_Boot/Src/rsa_alt.c:1107:5:mbedtls_rsa_check_pubkey	16	static
/home/erhangok/Documents/GitHub/STM32U5_Cellular_Cloud/STM32CubeExpansion_Cloud_AZURE_V2.3.0/Projects/B-U585I-IOT02A/Applications/TFM_Azure_IoT/TFM_SBSFU_Boot/Src/rsa_alt.c:1132:5:mbedtls_rsa_check_privkey	24	static
/home/erhangok/Documents/GitHub/STM32U5_Cellular_Cloud/STM32CubeExpansion_Cloud_AZURE_V2.3.0/Projects/B-U585I-IOT02A/Applications/TFM_Azure_IoT/TFM_SBSFU_Boot/Src/rsa_alt.c:1162:5:mbedtls_rsa_check_pub_priv	16	static
/home/erhangok/Documents/GitHub/STM32U5_Cellular_Cloud/STM32CubeExpansion_Cloud_AZURE_V2.3.0/Projects/B-U585I-IOT02A/Applications/TFM_Azure_IoT/TFM_SBSFU_Boot/Src/rsa_alt.c:1186:5:mbedtls_rsa_public	48	static
/home/erhangok/Documents/GitHub/STM32U5_Cellular_Cloud/STM32CubeExpansion_Cloud_AZURE_V2.3.0/Projects/B-U585I-IOT02A/Applications/TFM_Azure_IoT/TFM_SBSFU_Boot/Src/rsa_alt.c:1257:5:mbedtls_rsa_private	64	static
/home/erhangok/Documents/GitHub/STM32U5_Cellular_Cloud/STM32CubeExpansion_Cloud_AZURE_V2.3.0/Projects/B-U585I-IOT02A/Applications/TFM_Azure_IoT/TFM_SBSFU_Boot/Src/rsa_alt.c:2044:12:rsa_rsassa_pss_sign	96	static
/home/erhangok/Documents/GitHub/STM32U5_Cellular_Cloud/STM32CubeExpansion_Cloud_AZURE_V2.3.0/Projects/B-U585I-IOT02A/Applications/TFM_Azure_IoT/TFM_SBSFU_Boot/Src/rsa_alt.c:1401:5:mbedtls_rsa_rsaes_oaep_encrypt	80	static
/home/erhangok/Documents/GitHub/STM32U5_Cellular_Cloud/STM32CubeExpansion_Cloud_AZURE_V2.3.0/Projects/B-U585I-IOT02A/Applications/TFM_Azure_IoT/TFM_SBSFU_Boot/Src/rsa_alt.c:1562:5:mbedtls_rsa_pkcs1_encrypt	32	static
/home/erhangok/Documents/GitHub/STM32U5_Cellular_Cloud/STM32CubeExpansion_Cloud_AZURE_V2.3.0/Projects/B-U585I-IOT02A/Applications/TFM_Azure_IoT/TFM_SBSFU_Boot/Src/rsa_alt.c:1598:5:mbedtls_rsa_rsaes_oaep_decrypt	488	static
/home/erhangok/Documents/GitHub/STM32U5_Cellular_Cloud/STM32CubeExpansion_Cloud_AZURE_V2.3.0/Projects/B-U585I-IOT02A/Applications/TFM_Azure_IoT/TFM_SBSFU_Boot/Src/rsa_alt.c:2008:5:mbedtls_rsa_pkcs1_decrypt	32	static
/home/erhangok/Documents/GitHub/STM32U5_Cellular_Cloud/STM32CubeExpansion_Cloud_AZURE_V2.3.0/Projects/B-U585I-IOT02A/Applications/TFM_Azure_IoT/TFM_SBSFU_Boot/Src/rsa_alt.c:2180:5:mbedtls_rsa_rsassa_pss_sign_ext	32	static
/home/erhangok/Documents/GitHub/STM32U5_Cellular_Cloud/STM32CubeExpansion_Cloud_AZURE_V2.3.0/Projects/B-U585I-IOT02A/Applications/TFM_Azure_IoT/TFM_SBSFU_Boot/Src/rsa_alt.c:2197:5:mbedtls_rsa_rsassa_pss_sign	32	static
/home/erhangok/Documents/GitHub/STM32U5_Cellular_Cloud/STM32CubeExpansion_Cloud_AZURE_V2.3.0/Projects/B-U585I-IOT02A/Applications/TFM_Azure_IoT/TFM_SBSFU_Boot/Src/rsa_alt.c:2433:5:mbedtls_rsa_pkcs1_sign	16	static
/home/erhangok/Documents/GitHub/STM32U5_Cellular_Cloud/STM32CubeExpansion_Cloud_AZURE_V2.3.0/Projects/B-U585I-IOT02A/Applications/TFM_Azure_IoT/TFM_SBSFU_Boot/Src/rsa_alt.c:2473:5:mbedtls_rsa_rsassa_pss_verify_ext	496	static
/home/erhangok/Documents/GitHub/STM32U5_Cellular_Cloud/STM32CubeExpansion_Cloud_AZURE_V2.3.0/Projects/B-U585I-IOT02A/Applications/TFM_Azure_IoT/TFM_SBSFU_Boot/Src/rsa_alt.c:2623:5:mbedtls_rsa_rsassa_pss_verify	40	static
/home/erhangok/Documents/GitHub/STM32U5_Cellular_Cloud/STM32CubeExpansion_Cloud_AZURE_V2.3.0/Projects/B-U585I-IOT02A/Applications/TFM_Azure_IoT/TFM_SBSFU_Boot/Src/rsa_alt.c:2740:5:mbedtls_rsa_pkcs1_verify	16	static
/home/erhangok/Documents/GitHub/STM32U5_Cellular_Cloud/STM32CubeExpansion_Cloud_AZURE_V2.3.0/Projects/B-U585I-IOT02A/Applications/TFM_Azure_IoT/TFM_SBSFU_Boot/Src/rsa_alt.c:2820:6:mbedtls_rsa_free	8	static
/home/erhangok/Documents/GitHub/STM32U5_Cellular_Cloud/STM32CubeExpansion_Cloud_AZURE_V2.3.0/Projects/B-U585I-IOT02A/Applications/TFM_Azure_IoT/TFM_SBSFU_Boot/Src/rsa_alt.c:2779:5:mbedtls_rsa_copy	16	static
