/home/erhangok/Documents/GitHub/STM32U5_Cellular_Cloud/STM32CubeExpansion_Cloud_AZURE_V2.3.0/Middlewares/ST/STSAFE_A1xx/CoreModules/Src/stsafea_core.c:2815:31:StSafeA_AssignLVResponse	0	static
/home/erhangok/Documents/GitHub/STM32U5_Cellular_Cloud/STM32CubeExpansion_Cloud_AZURE_V2.3.0/Middlewares/ST/STSAFE_A1xx/CoreModules/Src/stsafea_core.c:2851:31:StSafeA_AssignLVBuffer	8	static
/home/erhangok/Documents/GitHub/STM32U5_Cellular_Cloud/STM32CubeExpansion_Cloud_AZURE_V2.3.0/Middlewares/ST/STSAFE_A1xx/CoreModules/Src/stsafea_core.c:2765:31:StSafeA_TransmitCommand	8	static
/home/erhangok/Documents/GitHub/STM32U5_Cellular_Cloud/STM32CubeExpansion_Cloud_AZURE_V2.3.0/Middlewares/ST/STSAFE_A1xx/CoreModules/Src/stsafea_core.c:2787:31:StSafeA_ReceiveResponse	8	static
/home/erhangok/Documents/GitHub/STM32U5_Cellular_Cloud/STM32CubeExpansion_Cloud_AZURE_V2.3.0/Middlewares/ST/STSAFE_A1xx/CoreModules/Src/stsafea_core.c:163:24:StSafeA_Init	8	static
/home/erhangok/Documents/GitHub/STM32U5_Cellular_Cloud/STM32CubeExpansion_Cloud_AZURE_V2.3.0/Middlewares/ST/STSAFE_A1xx/CoreModules/Src/stsafea_core.c:230:9:StSafeA_GetVersion	0	static
/home/erhangok/Documents/GitHub/STM32U5_Cellular_Cloud/STM32CubeExpansion_Cloud_AZURE_V2.3.0/Middlewares/ST/STSAFE_A1xx/CoreModules/Src/stsafea_core.c:2037:24:StSafeA_HostKeySlotQuery	24	static
/home/erhangok/Documents/GitHub/STM32U5_Cellular_Cloud/STM32CubeExpansion_Cloud_AZURE_V2.3.0/Middlewares/ST/STSAFE_A1xx/CoreModules/Src/stsafea_core.c:2917:13:StSafeA_BuildCommandHeaderCMAC	24	static
/home/erhangok/Documents/GitHub/STM32U5_Cellular_Cloud/STM32CubeExpansion_Cloud_AZURE_V2.3.0/Middlewares/ST/STSAFE_A1xx/CoreModules/Src/stsafea_core.c:252:24:StSafeA_Echo	24	static
/home/erhangok/Documents/GitHub/STM32U5_Cellular_Cloud/STM32CubeExpansion_Cloud_AZURE_V2.3.0/Middlewares/ST/STSAFE_A1xx/CoreModules/Src/stsafea_core.c:308:24:StSafeA_Reset	16	static
/home/erhangok/Documents/GitHub/STM32U5_Cellular_Cloud/STM32CubeExpansion_Cloud_AZURE_V2.3.0/Middlewares/ST/STSAFE_A1xx/CoreModules/Src/stsafea_core.c:363:24:StSafeA_GenerateRandom	16	static
/home/erhangok/Documents/GitHub/STM32U5_Cellular_Cloud/STM32CubeExpansion_Cloud_AZURE_V2.3.0/Middlewares/ST/STSAFE_A1xx/CoreModules/Src/stsafea_core.c:451:24:StSafeA_Hibernate	24	static
/home/erhangok/Documents/GitHub/STM32U5_Cellular_Cloud/STM32CubeExpansion_Cloud_AZURE_V2.3.0/Middlewares/ST/STSAFE_A1xx/CoreModules/Src/stsafea_core.c:531:24:StSafeA_DataPartitionQuery	40	static
/home/erhangok/Documents/GitHub/STM32U5_Cellular_Cloud/STM32CubeExpansion_Cloud_AZURE_V2.3.0/Middlewares/ST/STSAFE_A1xx/CoreModules/Src/stsafea_core.c:672:24:StSafeA_Decrement	32	static
/home/erhangok/Documents/GitHub/STM32U5_Cellular_Cloud/STM32CubeExpansion_Cloud_AZURE_V2.3.0/Middlewares/ST/STSAFE_A1xx/CoreModules/Src/stsafea_core.c:791:24:StSafeA_Read	24	static
/home/erhangok/Documents/GitHub/STM32U5_Cellular_Cloud/STM32CubeExpansion_Cloud_AZURE_V2.3.0/Middlewares/ST/STSAFE_A1xx/CoreModules/Src/stsafea_core.c:889:24:StSafeA_Process_Update	24	static
/home/erhangok/Documents/GitHub/STM32U5_Cellular_Cloud/STM32CubeExpansion_Cloud_AZURE_V2.3.0/Middlewares/ST/STSAFE_A1xx/CoreModules/Src/stsafea_core.c:990:24:StSafeA_Update	80	static
/home/erhangok/Documents/GitHub/STM32U5_Cellular_Cloud/STM32CubeExpansion_Cloud_AZURE_V2.3.0/Middlewares/ST/STSAFE_A1xx/CoreModules/Src/stsafea_core.c:1104:24:StSafeA_GenerateKeyPair	40	static
/home/erhangok/Documents/GitHub/STM32U5_Cellular_Cloud/STM32CubeExpansion_Cloud_AZURE_V2.3.0/Middlewares/ST/STSAFE_A1xx/CoreModules/Src/stsafea_core.c:1266:24:StSafeA_GenerateSignature	32	static
/home/erhangok/Documents/GitHub/STM32U5_Cellular_Cloud/STM32CubeExpansion_Cloud_AZURE_V2.3.0/Middlewares/ST/STSAFE_A1xx/CoreModules/Src/stsafea_core.c:1417:24:StSafeA_VerifyMessageSignature	40	static
/home/erhangok/Documents/GitHub/STM32U5_Cellular_Cloud/STM32CubeExpansion_Cloud_AZURE_V2.3.0/Middlewares/ST/STSAFE_A1xx/CoreModules/Src/stsafea_core.c:1592:24:StSafeA_EstablishKey	32	static
/home/erhangok/Documents/GitHub/STM32U5_Cellular_Cloud/STM32CubeExpansion_Cloud_AZURE_V2.3.0/Middlewares/ST/STSAFE_A1xx/CoreModules/Src/stsafea_core.c:1756:24:StSafeA_ProductDataQuery	40	static
/home/erhangok/Documents/GitHub/STM32U5_Cellular_Cloud/STM32CubeExpansion_Cloud_AZURE_V2.3.0/Middlewares/ST/STSAFE_A1xx/CoreModules/Src/stsafea_core.c:1920:24:StSafeA_I2cParameterQuery	24	static
/home/erhangok/Documents/GitHub/STM32U5_Cellular_Cloud/STM32CubeExpansion_Cloud_AZURE_V2.3.0/Middlewares/ST/STSAFE_A1xx/CoreModules/Src/stsafea_core.c:1981:24:StSafeA_LifeCycleStateQuery	24	static
/home/erhangok/Documents/GitHub/STM32U5_Cellular_Cloud/STM32CubeExpansion_Cloud_AZURE_V2.3.0/Middlewares/ST/STSAFE_A1xx/CoreModules/Src/stsafea_core.c:2104:24:StSafeA_PutAttribute	24	static
/home/erhangok/Documents/GitHub/STM32U5_Cellular_Cloud/STM32CubeExpansion_Cloud_AZURE_V2.3.0/Middlewares/ST/STSAFE_A1xx/CoreModules/Src/stsafea_core.c:2161:24:StSafeA_DeletePassword	16	static
/home/erhangok/Documents/GitHub/STM32U5_Cellular_Cloud/STM32CubeExpansion_Cloud_AZURE_V2.3.0/Middlewares/ST/STSAFE_A1xx/CoreModules/Src/stsafea_core.c:2211:24:StSafeA_VerifyPassword	24	static
/home/erhangok/Documents/GitHub/STM32U5_Cellular_Cloud/STM32CubeExpansion_Cloud_AZURE_V2.3.0/Middlewares/ST/STSAFE_A1xx/CoreModules/Src/stsafea_core.c:2280:24:StSafeA_RawCommand	24	static
/home/erhangok/Documents/GitHub/STM32U5_Cellular_Cloud/STM32CubeExpansion_Cloud_AZURE_V2.3.0/Middlewares/ST/STSAFE_A1xx/CoreModules/Src/stsafea_core.c:2375:24:StSafeA_LocalEnvelopeKeySlotQuery	24	static
/home/erhangok/Documents/GitHub/STM32U5_Cellular_Cloud/STM32CubeExpansion_Cloud_AZURE_V2.3.0/Middlewares/ST/STSAFE_A1xx/CoreModules/Src/stsafea_core.c:2469:24:StSafeA_GenerateLocalEnvelopeKey	24	static
/home/erhangok/Documents/GitHub/STM32U5_Cellular_Cloud/STM32CubeExpansion_Cloud_AZURE_V2.3.0/Middlewares/ST/STSAFE_A1xx/CoreModules/Src/stsafea_core.c:2554:24:StSafeA_WrapLocalEnvelope	24	static
/home/erhangok/Documents/GitHub/STM32U5_Cellular_Cloud/STM32CubeExpansion_Cloud_AZURE_V2.3.0/Middlewares/ST/STSAFE_A1xx/CoreModules/Src/stsafea_core.c:2665:24:StSafeA_UnwrapLocalEnvelope	24	static
/home/erhangok/Documents/GitHub/STM32U5_Cellular_Cloud/STM32CubeExpansion_Cloud_AZURE_V2.3.0/Middlewares/ST/STSAFE_A1xx/CoreModules/Src/stsafea_core.c:3540:24:StSafeA_CommandAuthorizationConfigurationQuery	32	static
