/home/erhangok/Downloads/STM32CubeExpansion_Cloud_AZURE_V2.3.0/Middlewares/ST/netxduo/addons/azure_iot/azure-sdk-for-c/sdk/src/azure/core/az_context.c:20:22:az_context_get_expiration	16	static
/home/erhangok/Downloads/STM32CubeExpansion_Cloud_AZURE_V2.3.0/Middlewares/ST/netxduo/addons/azure_iot/azure-sdk-for-c/sdk/src/azure/core/az_context.c:39:1:az_context_get_value	16	static
/home/erhangok/Downloads/STM32CubeExpansion_Cloud_AZURE_V2.3.0/Middlewares/ST/netxduo/addons/azure_iot/azure-sdk-for-c/sdk/src/azure/core/az_context.c:58:1:az_context_create_with_expiration	24	static
/home/erhangok/Downloads/STM32CubeExpansion_Cloud_AZURE_V2.3.0/Middlewares/ST/netxduo/addons/azure_iot/azure-sdk-for-c/sdk/src/azure/core/az_context.c:67:1:az_context_create_with_value	24	static
/home/erhangok/Downloads/STM32CubeExpansion_Cloud_AZURE_V2.3.0/Middlewares/ST/netxduo/addons/azure_iot/azure-sdk-for-c/sdk/src/azure/core/az_context.c:78:6:az_context_cancel	8	static
/home/erhangok/Downloads/STM32CubeExpansion_Cloud_AZURE_V2.3.0/Middlewares/ST/netxduo/addons/azure_iot/azure-sdk-for-c/sdk/src/azure/core/az_context.c:85:19:az_context_has_expired	16	static
