/home/erhangok/Downloads/STM32CubeExpansion_Cloud_AZURE_V2.3.0/Middlewares/ST/netxduo/addons/azure_iot/azure-sdk-for-c/sdk/src/azure/iot/az_iot_common.c:22:24:az_iot_message_properties_init	32	static
/home/erhangok/Downloads/STM32CubeExpansion_Cloud_AZURE_V2.3.0/Middlewares/ST/netxduo/addons/azure_iot/azure-sdk-for-c/sdk/src/azure/iot/az_iot_common.c:39:1:az_iot_message_properties_append	56	static
/home/erhangok/Downloads/STM32CubeExpansion_Cloud_AZURE_V2.3.0/Middlewares/ST/netxduo/addons/azure_iot/azure-sdk-for-c/sdk/src/azure/iot/az_iot_common.c:72:24:az_iot_message_properties_find	96	static
/home/erhangok/Downloads/STM32CubeExpansion_Cloud_AZURE_V2.3.0/Middlewares/ST/netxduo/addons/azure_iot/azure-sdk-for-c/sdk/src/azure/iot/az_iot_common.c:104:24:az_iot_message_properties_next	88	static
/home/erhangok/Downloads/STM32CubeExpansion_Cloud_AZURE_V2.3.0/Middlewares/ST/netxduo/addons/azure_iot/azure-sdk-for-c/sdk/src/azure/iot/az_iot_common.c:141:22:az_iot_calculate_retry_delay	40	static
/home/erhangok/Downloads/STM32CubeExpansion_Cloud_AZURE_V2.3.0/Middlewares/ST/netxduo/addons/azure_iot/azure-sdk-for-c/sdk/src/azure/iot/az_iot_common.c:176:22:_az_iot_u32toa_size	0	static
/home/erhangok/Downloads/STM32CubeExpansion_Cloud_AZURE_V2.3.0/Middlewares/ST/netxduo/addons/azure_iot/azure-sdk-for-c/sdk/src/azure/iot/az_iot_common.c:194:22:_az_iot_u64toa_size	16	static
/home/erhangok/Downloads/STM32CubeExpansion_Cloud_AZURE_V2.3.0/Middlewares/ST/netxduo/addons/azure_iot/azure-sdk-for-c/sdk/src/azure/iot/az_iot_common.c:213:1:_az_span_copy_url_encode	56	static
