/home/erhangok/Downloads/en.x-cube-azure-v2-3-0/STM32CubeExpansion_Cloud_AZURE_V2.3.0/Middlewares/ST/netxduo/addons/azure_iot/azure-sdk-for-c/sdk/src/azure/iot/az_iot_hub_client_properties.c:272:18:skip_metadata_if_needed	16	static
/home/erhangok/Downloads/en.x-cube-azure-v2-3-0/STM32CubeExpansion_Cloud_AZURE_V2.3.0/Middlewares/ST/netxduo/addons/azure_iot/azure-sdk-for-c/sdk/src/azure/iot/az_iot_hub_client_properties.c:141:18:json_child_token_move	24	static
/home/erhangok/Downloads/en.x-cube-azure-v2-3-0/STM32CubeExpansion_Cloud_AZURE_V2.3.0/Middlewares/ST/netxduo/addons/azure_iot/azure-sdk-for-c/sdk/src/azure/iot/az_iot_hub_client_properties.c:20:24:az_iot_hub_client_properties_get_reported_publish_topic	16	static
/home/erhangok/Downloads/en.x-cube-azure-v2-3-0/STM32CubeExpansion_Cloud_AZURE_V2.3.0/Middlewares/ST/netxduo/addons/azure_iot/azure-sdk-for-c/sdk/src/azure/iot/az_iot_hub_client_properties.c:31:24:az_iot_hub_client_properties_document_get_publish_topic	16	static
/home/erhangok/Downloads/en.x-cube-azure-v2-3-0/STM32CubeExpansion_Cloud_AZURE_V2.3.0/Middlewares/ST/netxduo/addons/azure_iot/azure-sdk-for-c/sdk/src/azure/iot/az_iot_hub_client_properties.c:42:24:az_iot_hub_client_properties_parse_received_topic	56	static
/home/erhangok/Downloads/en.x-cube-azure-v2-3-0/STM32CubeExpansion_Cloud_AZURE_V2.3.0/Middlewares/ST/netxduo/addons/azure_iot/azure-sdk-for-c/sdk/src/azure/iot/az_iot_hub_client_properties.c:63:24:az_iot_hub_client_properties_writer_begin_component	24	static
/home/erhangok/Downloads/en.x-cube-azure-v2-3-0/STM32CubeExpansion_Cloud_AZURE_V2.3.0/Middlewares/ST/netxduo/addons/azure_iot/azure-sdk-for-c/sdk/src/azure/iot/az_iot_hub_client_properties.c:83:24:az_iot_hub_client_properties_writer_end_component	8	static
/home/erhangok/Downloads/en.x-cube-azure-v2-3-0/STM32CubeExpansion_Cloud_AZURE_V2.3.0/Middlewares/ST/netxduo/addons/azure_iot/azure-sdk-for-c/sdk/src/azure/iot/az_iot_hub_client_properties.c:94:24:az_iot_hub_client_properties_writer_begin_response_status	24	static
/home/erhangok/Downloads/en.x-cube-azure-v2-3-0/STM32CubeExpansion_Cloud_AZURE_V2.3.0/Middlewares/ST/netxduo/addons/azure_iot/azure-sdk-for-c/sdk/src/azure/iot/az_iot_hub_client_properties.c:129:24:az_iot_hub_client_properties_writer_end_response_status	0	static
/home/erhangok/Downloads/en.x-cube-azure-v2-3-0/STM32CubeExpansion_Cloud_AZURE_V2.3.0/Middlewares/ST/netxduo/addons/azure_iot/azure-sdk-for-c/sdk/src/azure/iot/az_iot_hub_client_properties.c:194:24:az_iot_hub_client_properties_get_properties_version	16	static
/home/erhangok/Downloads/en.x-cube-azure-v2-3-0/STM32CubeExpansion_Cloud_AZURE_V2.3.0/Middlewares/ST/netxduo/addons/azure_iot/azure-sdk-for-c/sdk/src/azure/iot/az_iot_hub_client_properties.c:409:24:az_iot_hub_client_properties_get_next_component_property	40	static
