/home/erhangok/Downloads/STM32CubeExpansion_Cloud_AZURE_V2.3.0/Middlewares/ST/netxduo/addons/azure_iot/azure_iot_security_module/iot-security-module-core/src/collector_collection.c:116:13:_collector_collection_type_match_function	0	static
/home/erhangok/Downloads/STM32CubeExpansion_Cloud_AZURE_V2.3.0/Middlewares/ST/netxduo/addons/azure_iot/azure_iot_security_module/iot-security-module-core/src/collector_collection.c:46:25:collector_collection_init	16	static
/home/erhangok/Downloads/STM32CubeExpansion_Cloud_AZURE_V2.3.0/Middlewares/ST/netxduo/addons/azure_iot/azure_iot_security_module/iot-security-module-core/src/collector_collection.c:73:6:collector_collection_deinit	16	static
/home/erhangok/Downloads/STM32CubeExpansion_Cloud_AZURE_V2.3.0/Middlewares/ST/netxduo/addons/azure_iot/azure_iot_security_module/iot-security-module-core/src/collector_collection.c:89:24:collector_collection_get_head_priority	0	static
/home/erhangok/Downloads/STM32CubeExpansion_Cloud_AZURE_V2.3.0/Middlewares/ST/netxduo/addons/azure_iot/azure_iot_security_module/iot-security-module-core/src/collector_collection.c:95:24:collector_collection_get_next_priority	0	static
/home/erhangok/Downloads/STM32CubeExpansion_Cloud_AZURE_V2.3.0/Middlewares/ST/netxduo/addons/azure_iot/azure_iot_security_module/iot-security-module-core/src/collector_collection.c:106:24:collector_collection_get_by_priority	0	static
/home/erhangok/Downloads/STM32CubeExpansion_Cloud_AZURE_V2.3.0/Middlewares/ST/netxduo/addons/azure_iot/azure_iot_security_module/iot-security-module-core/src/collector_collection.c:123:14:collector_collection_get_collector_by_priority	32	static
/home/erhangok/Downloads/STM32CubeExpansion_Cloud_AZURE_V2.3.0/Middlewares/ST/netxduo/addons/azure_iot/azure_iot_security_module/iot-security-module-core/src/collector_collection.c:149:6:collector_collection_foreach	32	static
/home/erhangok/Downloads/STM32CubeExpansion_Cloud_AZURE_V2.3.0/Middlewares/ST/netxduo/addons/azure_iot/azure_iot_security_module/iot-security-module-core/src/collector_collection.c:163:22:priority_collectors_get_priority	0	static
/home/erhangok/Downloads/STM32CubeExpansion_Cloud_AZURE_V2.3.0/Middlewares/ST/netxduo/addons/azure_iot/azure_iot_security_module/iot-security-module-core/src/collector_collection.c:169:16:priority_collectors_get_list	0	static
/home/erhangok/Downloads/STM32CubeExpansion_Cloud_AZURE_V2.3.0/Middlewares/ST/netxduo/addons/azure_iot/azure_iot_security_module/iot-security-module-core/src/collector_collection.c:185:14:priority_collectors_get_current_collector	0	static
/home/erhangok/Downloads/STM32CubeExpansion_Cloud_AZURE_V2.3.0/Middlewares/ST/netxduo/addons/azure_iot/azure_iot_security_module/iot-security-module-core/src/collector_collection.c:191:6:priority_collectors_set_current_collector	0	static
/home/erhangok/Downloads/STM32CubeExpansion_Cloud_AZURE_V2.3.0/Middlewares/ST/netxduo/addons/azure_iot/azure_iot_security_module/iot-security-module-core/src/collector_collection.c:197:14:priority_collectors_get_next_cyclic_collector	0	static
/home/erhangok/Downloads/STM32CubeExpansion_Cloud_AZURE_V2.3.0/Middlewares/ST/netxduo/addons/azure_iot/azure_iot_security_module/iot-security-module-core/src/collector_collection.c:215:14:collector_collection_register	24	static
/home/erhangok/Downloads/STM32CubeExpansion_Cloud_AZURE_V2.3.0/Middlewares/ST/netxduo/addons/azure_iot/azure_iot_security_module/iot-security-module-core/src/collector_collection.c:235:6:collector_collection_unregister	24	static
