/home/erhangok/Downloads/STM32CubeExpansion_Cloud_AZURE_V2.3.0/Middlewares/ST/netxduo/addons/azure_iot/azure_iot_security_module/iot-security-module-core/src/core.c:76:1:components_factory_CollectorsCore_load	8	static
/home/erhangok/Downloads/STM32CubeExpansion_Cloud_AZURE_V2.3.0/Middlewares/ST/netxduo/addons/azure_iot/azure_iot_security_module/iot-security-module-core/src/core.c:679:14:_cm_stop	16	static
/home/erhangok/Downloads/STM32CubeExpansion_Cloud_AZURE_V2.3.0/Middlewares/ST/netxduo/addons/azure_iot/azure_iot_security_module/iot-security-module-core/src/core.c:436:21:_set_next_collect_timer	56	static
/home/erhangok/Downloads/STM32CubeExpansion_Cloud_AZURE_V2.3.0/Middlewares/ST/netxduo/addons/azure_iot/azure_iot_security_module/iot-security-module-core/src/core.c:695:21:_cm_start	8	static
/home/erhangok/Downloads/STM32CubeExpansion_Cloud_AZURE_V2.3.0/Middlewares/ST/netxduo/addons/azure_iot/azure_iot_security_module/iot-security-module-core/src/core.c:210:13:_start_stop_all_collectors	0	static
/home/erhangok/Downloads/STM32CubeExpansion_Cloud_AZURE_V2.3.0/Middlewares/ST/netxduo/addons/azure_iot/azure_iot_security_module/iot-security-module-core/src/core.c:377:13:_collector_collection_calc_nearest_collect	16	static
/home/erhangok/Downloads/STM32CubeExpansion_Cloud_AZURE_V2.3.0/Middlewares/ST/netxduo/addons/azure_iot/azure_iot_security_module/iot-security-module-core/src/core.c:254:13:_start_stop_collection.constprop	16	static
/home/erhangok/Downloads/STM32CubeExpansion_Cloud_AZURE_V2.3.0/Middlewares/ST/netxduo/addons/azure_iot/azure_iot_security_module/iot-security-module-core/src/core.c:286:13:_security_module_state_cb	0	static
/home/erhangok/Downloads/STM32CubeExpansion_Cloud_AZURE_V2.3.0/Middlewares/ST/netxduo/addons/azure_iot/azure_iot_security_module/iot-security-module-core/src/core.c:185:13:_core_deinit.constprop	8	static
/home/erhangok/Downloads/STM32CubeExpansion_Cloud_AZURE_V2.3.0/Middlewares/ST/netxduo/addons/azure_iot/azure_iot_security_module/iot-security-module-core/src/core.c:666:21:_cm_deinit	8	static
/home/erhangok/Downloads/STM32CubeExpansion_Cloud_AZURE_V2.3.0/Middlewares/ST/netxduo/addons/azure_iot/azure_iot_security_module/iot-security-module-core/src/core.c:653:21:_cm_init	16	static
/home/erhangok/Downloads/STM32CubeExpansion_Cloud_AZURE_V2.3.0/Middlewares/ST/netxduo/addons/azure_iot/azure_iot_security_module/iot-security-module-core/src/core.c:548:14:core_collector_register	16	static
/home/erhangok/Downloads/STM32CubeExpansion_Cloud_AZURE_V2.3.0/Middlewares/ST/netxduo/addons/azure_iot/azure_iot_security_module/iot-security-module-core/src/core.c:567:14:core_collector_unregister	16	static
/home/erhangok/Downloads/STM32CubeExpansion_Cloud_AZURE_V2.3.0/Middlewares/ST/netxduo/addons/azure_iot/azure_iot_security_module/iot-security-module-core/src/core.c:586:14:core_message_deinit	8	static
/home/erhangok/Downloads/STM32CubeExpansion_Cloud_AZURE_V2.3.0/Middlewares/ST/netxduo/addons/azure_iot/azure_iot_security_module/iot-security-module-core/src/core.c:417:13:cb_collect	40	static
/home/erhangok/Downloads/STM32CubeExpansion_Cloud_AZURE_V2.3.0/Middlewares/ST/netxduo/addons/azure_iot/azure_iot_security_module/iot-security-module-core/src/core.c:472:14:core_message_get	16	static
/home/erhangok/Downloads/STM32CubeExpansion_Cloud_AZURE_V2.3.0/Middlewares/ST/netxduo/addons/azure_iot/azure_iot_security_module/iot-security-module-core/src/core.c:619:15:core_get_init_random_collect_offset	8	static
/home/erhangok/Downloads/STM32CubeExpansion_Cloud_AZURE_V2.3.0/Middlewares/ST/netxduo/addons/azure_iot/azure_iot_security_module/iot-security-module-core/src/core.c:630:15:core_get_nearest_collect_time	8	static
/home/erhangok/Downloads/STM32CubeExpansion_Cloud_AZURE_V2.3.0/Middlewares/ST/netxduo/addons/azure_iot/azure_iot_security_module/iot-security-module-core/src/core.c:641:25:core_get_collector_collection	8	static
