/home/erhangok/Downloads/STM32CubeExpansion_Cloud_AZURE_V2.3.0/Middlewares/ST/netxduo/addons/azure_iot/azure_iot_security_module/iot-security-module-core/deps/flatcc/src/runtime/emitter.c:147:5:flatcc_emitter_recycle_page	12	static
/home/erhangok/Downloads/STM32CubeExpansion_Cloud_AZURE_V2.3.0/Middlewares/ST/netxduo/addons/azure_iot/azure_iot_security_module/iot-security-module-core/deps/flatcc/src/runtime/emitter.c:161:6:flatcc_emitter_reset	8	static
/home/erhangok/Downloads/STM32CubeExpansion_Cloud_AZURE_V2.3.0/Middlewares/ST/netxduo/addons/azure_iot/azure_iot_security_module/iot-security-module-core/deps/flatcc/src/runtime/emitter.c:190:6:flatcc_emitter_clear	16	static
/home/erhangok/Downloads/STM32CubeExpansion_Cloud_AZURE_V2.3.0/Middlewares/ST/netxduo/addons/azure_iot/azure_iot_security_module/iot-security-module-core/deps/flatcc/src/runtime/emitter.c:206:5:flatcc_emitter	40	static
/home/erhangok/Downloads/STM32CubeExpansion_Cloud_AZURE_V2.3.0/Middlewares/ST/netxduo/addons/azure_iot/azure_iot_security_module/iot-security-module-core/deps/flatcc/src/runtime/emitter.c:252:7:flatcc_emitter_copy_buffer	16	static
