/home/erhangok/Downloads/en.x-cube-azure-v2-3-0/STM32CubeExpansion_Cloud_AZURE_V2.3.0/Middlewares/ST/netxduo/addons/azure_iot/azure_iot_security_module/iot-security-module-core/src/utils/event_loop_be.c:240:13:_stop	0	static
/home/erhangok/Downloads/en.x-cube-azure-v2-3-0/STM32CubeExpansion_Cloud_AZURE_V2.3.0/Middlewares/ST/netxduo/addons/azure_iot/azure_iot_security_module/iot-security-module-core/src/utils/event_loop_be.c:69:13:_be_init	8	static
/home/erhangok/Downloads/en.x-cube-azure-v2-3-0/STM32CubeExpansion_Cloud_AZURE_V2.3.0/Middlewares/ST/netxduo/addons/azure_iot/azure_iot_security_module/iot-security-module-core/src/utils/event_loop_be.c:106:13:_timer_del	16	static
/home/erhangok/Downloads/en.x-cube-azure-v2-3-0/STM32CubeExpansion_Cloud_AZURE_V2.3.0/Middlewares/ST/netxduo/addons/azure_iot/azure_iot_security_module/iot-security-module-core/src/utils/event_loop_be.c:254:13:_timer_delete	0	static
/home/erhangok/Downloads/en.x-cube-azure-v2-3-0/STM32CubeExpansion_Cloud_AZURE_V2.3.0/Middlewares/ST/netxduo/addons/azure_iot/azure_iot_security_module/iot-security-module-core/src/utils/event_loop_be.c:127:23:_timer_add	24	static
/home/erhangok/Downloads/en.x-cube-azure-v2-3-0/STM32CubeExpansion_Cloud_AZURE_V2.3.0/Middlewares/ST/netxduo/addons/azure_iot/azure_iot_security_module/iot-security-module-core/src/utils/event_loop_be.c:194:13:_run_once	40	static
/home/erhangok/Downloads/en.x-cube-azure-v2-3-0/STM32CubeExpansion_Cloud_AZURE_V2.3.0/Middlewares/ST/netxduo/addons/azure_iot/azure_iot_security_module/iot-security-module-core/src/utils/event_loop_be.c:228:13:_run_until	16	static
/home/erhangok/Downloads/en.x-cube-azure-v2-3-0/STM32CubeExpansion_Cloud_AZURE_V2.3.0/Middlewares/ST/netxduo/addons/azure_iot/azure_iot_security_module/iot-security-module-core/src/utils/event_loop_be.c:246:33:_timer_create	16	static
/home/erhangok/Downloads/en.x-cube-azure-v2-3-0/STM32CubeExpansion_Cloud_AZURE_V2.3.0/Middlewares/ST/netxduo/addons/azure_iot/azure_iot_security_module/iot-security-module-core/src/utils/event_loop_be.c:78:13:_be_deinit	16	static
/home/erhangok/Downloads/en.x-cube-azure-v2-3-0/STM32CubeExpansion_Cloud_AZURE_V2.3.0/Middlewares/ST/netxduo/addons/azure_iot/azure_iot_security_module/iot-security-module-core/src/utils/event_loop_be.c:261:16:event_loop_be_instance_attach	0	static
