/home/erhangok/Downloads/STM32CubeExpansion_Cloud_AZURE_V2.3.0/Middlewares/ST/netxduo/addons/azure_iot/nx_azure_iot_adu_agent.c:1655:13:nx_azure_iot_adu_agent_jws_split	24	static
/home/erhangok/Downloads/STM32CubeExpansion_Cloud_AZURE_V2.3.0/Middlewares/ST/netxduo/addons/azure_iot/nx_azure_iot_adu_agent.c:1795:13:nx_azure_iot_adu_agent_method_is_installed	96	static
/home/erhangok/Downloads/STM32CubeExpansion_Cloud_AZURE_V2.3.0/Middlewares/ST/netxduo/addons/azure_iot/nx_azure_iot_adu_agent.c:1740:13:nx_azure_iot_adu_agent_file_find	40	static
/home/erhangok/Downloads/STM32CubeExpansion_Cloud_AZURE_V2.3.0/Middlewares/ST/netxduo/addons/azure_iot/nx_azure_iot_adu_agent.c:4382:13:nx_azure_iot_adu_agent_http_receive_notify	0	static
/home/erhangok/Downloads/STM32CubeExpansion_Cloud_AZURE_V2.3.0/Middlewares/ST/netxduo/addons/azure_iot/nx_azure_iot_adu_agent.c:4369:13:nx_azure_iot_adu_agent_http_establish_notify	0	static
/home/erhangok/Downloads/STM32CubeExpansion_Cloud_AZURE_V2.3.0/Middlewares/ST/netxduo/addons/azure_iot/nx_azure_iot_adu_agent.c:3963:13:nx_azure_iot_adu_agent_dns_response_notify	0	static
/home/erhangok/Downloads/STM32CubeExpansion_Cloud_AZURE_V2.3.0/Middlewares/ST/netxduo/addons/azure_iot/nx_azure_iot_adu_agent.c:3571:13:nx_azure_iot_adu_agent_sha256_calculate.constprop	72	static
/home/erhangok/Downloads/STM32CubeExpansion_Cloud_AZURE_V2.3.0/Middlewares/ST/netxduo/addons/azure_iot/nx_azure_iot_adu_agent.c:3661:13:nx_azure_iot_adu_agent_rs256_verify	88	static
/home/erhangok/Downloads/STM32CubeExpansion_Cloud_AZURE_V2.3.0/Middlewares/ST/netxduo/addons/azure_iot/nx_azure_iot_adu_agent.c:1072:13:nx_azure_iot_adu_agent_manifest_verify	424	static
/home/erhangok/Downloads/STM32CubeExpansion_Cloud_AZURE_V2.3.0/Middlewares/ST/netxduo/addons/azure_iot/nx_azure_iot_adu_agent.c:2304:13:nx_azure_iot_adu_agent_service_update_manifest_process.constprop	288	static
/home/erhangok/Downloads/STM32CubeExpansion_Cloud_AZURE_V2.3.0/Middlewares/ST/netxduo/addons/azure_iot/nx_azure_iot_adu_agent.c:452:13:nx_azure_iot_adu_agent_component_properties_process	152	static
/home/erhangok/Downloads/STM32CubeExpansion_Cloud_AZURE_V2.3.0/Middlewares/ST/netxduo/addons/azure_iot/nx_azure_iot_adu_agent.c:3125:13:nx_azure_iot_adu_agent_reported_properties_state_send.isra	176	static
/home/erhangok/Downloads/STM32CubeExpansion_Cloud_AZURE_V2.3.0/Middlewares/ST/netxduo/addons/azure_iot/nx_azure_iot_adu_agent.c:1709:13:nx_azure_iot_adu_agent_step_state_update	8	static
/home/erhangok/Downloads/STM32CubeExpansion_Cloud_AZURE_V2.3.0/Middlewares/ST/netxduo/addons/azure_iot/nx_azure_iot_adu_agent.c:4395:13:nx_azure_iot_adu_agent_download_state_update	16	static
/home/erhangok/Downloads/STM32CubeExpansion_Cloud_AZURE_V2.3.0/Middlewares/ST/netxduo/addons/azure_iot/nx_azure_iot_adu_agent.c:4009:13:nx_azure_iot_adu_agent_http_connect	72	static
/home/erhangok/Downloads/STM32CubeExpansion_Cloud_AZURE_V2.3.0/Middlewares/ST/netxduo/addons/azure_iot/nx_azure_iot_adu_agent.c:3906:13:nx_azure_iot_adu_agent_dns_query	16	static
/home/erhangok/Downloads/STM32CubeExpansion_Cloud_AZURE_V2.3.0/Middlewares/ST/netxduo/addons/azure_iot/nx_azure_iot_adu_agent.c:1882:13:nx_azure_iot_adu_agent_method_download	88	static
/home/erhangok/Downloads/STM32CubeExpansion_Cloud_AZURE_V2.3.0/Middlewares/ST/netxduo/addons/azure_iot/nx_azure_iot_adu_agent.c:3976:13:nx_azure_iot_adu_agent_dns_response_get	24	static
/home/erhangok/Downloads/STM32CubeExpansion_Cloud_AZURE_V2.3.0/Middlewares/ST/netxduo/addons/azure_iot/nx_azure_iot_adu_agent.c:552:13:nx_azure_iot_adu_agent_event_process	344	static
/home/erhangok/Downloads/STM32CubeExpansion_Cloud_AZURE_V2.3.0/Middlewares/ST/netxduo/addons/azure_iot/nx_azure_iot_adu_agent.c:99:6:nx_azure_iot_adu_agent_start	184	static
/home/erhangok/Downloads/STM32CubeExpansion_Cloud_AZURE_V2.3.0/Middlewares/ST/netxduo/addons/azure_iot/nx_azure_iot_adu_agent.c:301:6:nx_azure_iot_adu_agent_stop	8	static
/home/erhangok/Downloads/STM32CubeExpansion_Cloud_AZURE_V2.3.0/Middlewares/ST/netxduo/addons/azure_iot/nx_azure_iot_adu_agent.c:334:6:nx_azure_iot_adu_agent_update_download_and_install	8	static
/home/erhangok/Downloads/STM32CubeExpansion_Cloud_AZURE_V2.3.0/Middlewares/ST/netxduo/addons/azure_iot/nx_azure_iot_adu_agent.c:354:6:nx_azure_iot_adu_agent_update_apply	8	static
/home/erhangok/Downloads/STM32CubeExpansion_Cloud_AZURE_V2.3.0/Middlewares/ST/netxduo/addons/azure_iot/nx_azure_iot_adu_agent.c:372:6:nx_azure_iot_adu_agent_proxy_update_add	80	static
