/home/erhangok/Downloads/en.x-cube-azure-v2-3-0/STM32CubeExpansion_Cloud_AZURE_V2.3.0/Middlewares/ST/netxduo/addons/azure_iot/nx_azure_iot_hub_client.c:2636:13:nx_azure_iot_hub_client_message_notify	0	static
/home/erhangok/Downloads/en.x-cube-azure-v2-3-0/STM32CubeExpansion_Cloud_AZURE_V2.3.0/Middlewares/ST/netxduo/addons/azure_iot/nx_azure_iot_hub_client.c:2657:13:nx_azure_iot_hub_client_receive_thread_find	20	static
/home/erhangok/Downloads/en.x-cube-azure-v2-3-0/STM32CubeExpansion_Cloud_AZURE_V2.3.0/Middlewares/ST/netxduo/addons/azure_iot/nx_azure_iot_hub_client.c:3007:13:nx_azure_iot_hub_client_thread_dequeue	8	static
/home/erhangok/Downloads/en.x-cube-azure-v2-3-0/STM32CubeExpansion_Cloud_AZURE_V2.3.0/Middlewares/ST/netxduo/addons/azure_iot/nx_azure_iot_hub_client.c:1326:13:nx_azure_iot_hub_client_process_publish_packet	24	static
/home/erhangok/Downloads/en.x-cube-azure-v2-3-0/STM32CubeExpansion_Cloud_AZURE_V2.3.0/Middlewares/ST/netxduo/addons/azure_iot/nx_azure_iot_hub_client.c:2545:13:nx_azure_iot_hub_client_mqtt_receive_callback	40	static
/home/erhangok/Downloads/en.x-cube-azure-v2-3-0/STM32CubeExpansion_Cloud_AZURE_V2.3.0/Middlewares/ST/netxduo/addons/azure_iot/nx_azure_iot_hub_client.c:795:13:nx_azure_iot_hub_client_received_message_cleanup	24	static
/home/erhangok/Downloads/en.x-cube-azure-v2-3-0/STM32CubeExpansion_Cloud_AZURE_V2.3.0/Middlewares/ST/netxduo/addons/azure_iot/nx_azure_iot_hub_client.c:689:13:nx_azure_iot_hub_client_mqtt_disconnect_notify	24	static
/home/erhangok/Downloads/en.x-cube-azure-v2-3-0/STM32CubeExpansion_Cloud_AZURE_V2.3.0/Middlewares/ST/netxduo/addons/azure_iot/nx_azure_iot_hub_client.c:131:13:nx_azure_iot_hub_client_throttled_check	32	static
/home/erhangok/Downloads/en.x-cube-azure-v2-3-0/STM32CubeExpansion_Cloud_AZURE_V2.3.0/Middlewares/ST/netxduo/addons/azure_iot/nx_azure_iot_hub_client.c:3036:13:nx_azure_iot_hub_client_sas_token_get	120	static
/home/erhangok/Downloads/en.x-cube-azure-v2-3-0/STM32CubeExpansion_Cloud_AZURE_V2.3.0/Middlewares/ST/netxduo/addons/azure_iot/nx_azure_iot_hub_client.c:1625:6:nx_azure_iot_hub_client_properties_enable	32	static
/home/erhangok/Downloads/en.x-cube-azure-v2-3-0/STM32CubeExpansion_Cloud_AZURE_V2.3.0/Middlewares/ST/netxduo/addons/azure_iot/nx_azure_iot_hub_client.c:3093:6:nx_azure_iot_hub_client_command_enable	16	static
/home/erhangok/Downloads/en.x-cube-azure-v2-3-0/STM32CubeExpansion_Cloud_AZURE_V2.3.0/Middlewares/ST/netxduo/addons/azure_iot/nx_azure_iot_hub_client.c:2693:13:nx_azure_iot_hub_client_c2d_process	56	static
/home/erhangok/Downloads/en.x-cube-azure-v2-3-0/STM32CubeExpansion_Cloud_AZURE_V2.3.0/Middlewares/ST/netxduo/addons/azure_iot/nx_azure_iot_hub_client.c:1372:13:nx_azure_iot_hub_client_message_receive	56	static
/home/erhangok/Downloads/en.x-cube-azure-v2-3-0/STM32CubeExpansion_Cloud_AZURE_V2.3.0/Middlewares/ST/netxduo/addons/azure_iot/nx_azure_iot_hub_client.c:1798:13:nx_azure_iot_hub_client_properties_subscribe_status_check	16	static
/home/erhangok/Downloads/en.x-cube-azure-v2-3-0/STM32CubeExpansion_Cloud_AZURE_V2.3.0/Middlewares/ST/netxduo/addons/azure_iot/nx_azure_iot_hub_client.c:1589:13:nx_azure_iot_hub_client_mqtt_ack_receive_notify	40	static
/home/erhangok/Downloads/en.x-cube-azure-v2-3-0/STM32CubeExpansion_Cloud_AZURE_V2.3.0/Middlewares/ST/netxduo/addons/azure_iot/nx_azure_iot_hub_client.c:2745:13:nx_azure_iot_hub_client_command_process	64	static
/home/erhangok/Downloads/en.x-cube-azure-v2-3-0/STM32CubeExpansion_Cloud_AZURE_V2.3.0/Middlewares/ST/netxduo/addons/azure_iot/nx_azure_iot_hub_client.c:816:13:nx_azure_iot_hub_client_messages_enable	8	static
/home/erhangok/Downloads/en.x-cube-azure-v2-3-0/STM32CubeExpansion_Cloud_AZURE_V2.3.0/Middlewares/ST/netxduo/addons/azure_iot/nx_azure_iot_hub_client.c:635:13:nx_azure_iot_hub_client_mqtt_connect_notify	24	static
/home/erhangok/Downloads/en.x-cube-azure-v2-3-0/STM32CubeExpansion_Cloud_AZURE_V2.3.0/Middlewares/ST/netxduo/addons/azure_iot/nx_azure_iot_hub_client.c:1847:13:nx_azure_iot_hub_client_properties_request_response.constprop	64	static
/home/erhangok/Downloads/en.x-cube-azure-v2-3-0/STM32CubeExpansion_Cloud_AZURE_V2.3.0/Middlewares/ST/netxduo/addons/azure_iot/nx_azure_iot_hub_client.c:1753:13:nx_azure_iot_hub_client_properties_request_id_get.constprop	40	static
/home/erhangok/Downloads/en.x-cube-azure-v2-3-0/STM32CubeExpansion_Cloud_AZURE_V2.3.0/Middlewares/ST/netxduo/addons/azure_iot/nx_azure_iot_hub_client.c:2829:13:nx_azure_iot_hub_client_device_twin_parse.isra	72	static
/home/erhangok/Downloads/en.x-cube-azure-v2-3-0/STM32CubeExpansion_Cloud_AZURE_V2.3.0/Middlewares/ST/netxduo/addons/azure_iot/nx_azure_iot_hub_client.c:2888:13:nx_azure_iot_hub_client_properties_process	72	static
/home/erhangok/Downloads/en.x-cube-azure-v2-3-0/STM32CubeExpansion_Cloud_AZURE_V2.3.0/Middlewares/ST/netxduo/addons/azure_iot/nx_azure_iot_hub_client.c:1303:6:nx_azure_iot_hub_client_cloud_message_enable	16	static
/home/erhangok/Downloads/en.x-cube-azure-v2-3-0/STM32CubeExpansion_Cloud_AZURE_V2.3.0/Middlewares/ST/netxduo/addons/azure_iot/nx_azure_iot_hub_client.c:153:6:nx_azure_iot_hub_client_initialize	112	static
/home/erhangok/Downloads/en.x-cube-azure-v2-3-0/STM32CubeExpansion_Cloud_AZURE_V2.3.0/Middlewares/ST/netxduo/addons/azure_iot/nx_azure_iot_hub_client.c:243:6:nx_azure_iot_hub_client_connection_status_callback_set	16	static
/home/erhangok/Downloads/en.x-cube-azure-v2-3-0/STM32CubeExpansion_Cloud_AZURE_V2.3.0/Middlewares/ST/netxduo/addons/azure_iot/nx_azure_iot_hub_client.c:375:6:nx_azure_iot_hub_client_connect	88	static
/home/erhangok/Downloads/en.x-cube-azure-v2-3-0/STM32CubeExpansion_Cloud_AZURE_V2.3.0/Middlewares/ST/netxduo/addons/azure_iot/nx_azure_iot_hub_client.c:742:6:nx_azure_iot_hub_client_disconnect	24	static
/home/erhangok/Downloads/en.x-cube-azure-v2-3-0/STM32CubeExpansion_Cloud_AZURE_V2.3.0/Middlewares/ST/netxduo/addons/azure_iot/nx_azure_iot_hub_client.c:841:6:nx_azure_iot_hub_client_deinitialize	24	static
/home/erhangok/Downloads/en.x-cube-azure-v2-3-0/STM32CubeExpansion_Cloud_AZURE_V2.3.0/Middlewares/ST/netxduo/addons/azure_iot/nx_azure_iot_hub_client.c:882:6:nx_azure_iot_hub_client_trusted_cert_add	16	static
/home/erhangok/Downloads/en.x-cube-azure-v2-3-0/STM32CubeExpansion_Cloud_AZURE_V2.3.0/Middlewares/ST/netxduo/addons/azure_iot/nx_azure_iot_hub_client.c:924:6:nx_azure_iot_hub_client_device_cert_set	16	static
/home/erhangok/Downloads/en.x-cube-azure-v2-3-0/STM32CubeExpansion_Cloud_AZURE_V2.3.0/Middlewares/ST/netxduo/addons/azure_iot/nx_azure_iot_hub_client.c:966:6:nx_azure_iot_hub_client_symmetric_key_set	16	static
/home/erhangok/Downloads/en.x-cube-azure-v2-3-0/STM32CubeExpansion_Cloud_AZURE_V2.3.0/Middlewares/ST/netxduo/addons/azure_iot/nx_azure_iot_hub_client.c:990:6:nx_azure_iot_hub_client_model_id_set	32	static
/home/erhangok/Downloads/en.x-cube-azure-v2-3-0/STM32CubeExpansion_Cloud_AZURE_V2.3.0/Middlewares/ST/netxduo/addons/azure_iot/nx_azure_iot_hub_client.c:1020:6:nx_azure_iot_hub_client_component_add_internal	48	static
/home/erhangok/Downloads/en.x-cube-azure-v2-3-0/STM32CubeExpansion_Cloud_AZURE_V2.3.0/Middlewares/ST/netxduo/addons/azure_iot/nx_azure_iot_hub_client.c:1013:6:nx_azure_iot_hub_client_component_add	16	static
/home/erhangok/Downloads/en.x-cube-azure-v2-3-0/STM32CubeExpansion_Cloud_AZURE_V2.3.0/Middlewares/ST/netxduo/addons/azure_iot/nx_azure_iot_hub_client.c:1062:6:nx_azure_iot_hub_client_telemetry_message_create	32	static
/home/erhangok/Downloads/en.x-cube-azure-v2-3-0/STM32CubeExpansion_Cloud_AZURE_V2.3.0/Middlewares/ST/netxduo/addons/azure_iot/nx_azure_iot_hub_client.c:1104:6:nx_azure_iot_hub_client_telemetry_message_delete	16	static
/home/erhangok/Downloads/en.x-cube-azure-v2-3-0/STM32CubeExpansion_Cloud_AZURE_V2.3.0/Middlewares/ST/netxduo/addons/azure_iot/nx_azure_iot_hub_client.c:1138:6:nx_azure_iot_hub_client_telemetry_property_add	40	static
/home/erhangok/Downloads/en.x-cube-azure-v2-3-0/STM32CubeExpansion_Cloud_AZURE_V2.3.0/Middlewares/ST/netxduo/addons/azure_iot/nx_azure_iot_hub_client.c:1109:6:nx_azure_iot_hub_client_telemetry_component_set	16	static
/home/erhangok/Downloads/en.x-cube-azure-v2-3-0/STM32CubeExpansion_Cloud_AZURE_V2.3.0/Middlewares/ST/netxduo/addons/azure_iot/nx_azure_iot_hub_client.c:1193:6:nx_azure_iot_hub_client_telemetry_send	48	static
/home/erhangok/Downloads/en.x-cube-azure-v2-3-0/STM32CubeExpansion_Cloud_AZURE_V2.3.0/Middlewares/ST/netxduo/addons/azure_iot/nx_azure_iot_hub_client.c:1253:6:nx_azure_iot_hub_client_receive_callback_set	24	static
/home/erhangok/Downloads/en.x-cube-azure-v2-3-0/STM32CubeExpansion_Cloud_AZURE_V2.3.0/Middlewares/ST/netxduo/addons/azure_iot/nx_azure_iot_hub_client.c:1315:6:nx_azure_iot_hub_client_cloud_message_disable	24	static
/home/erhangok/Downloads/en.x-cube-azure-v2-3-0/STM32CubeExpansion_Cloud_AZURE_V2.3.0/Middlewares/ST/netxduo/addons/azure_iot/nx_azure_iot_hub_client.c:1452:6:nx_azure_iot_hub_client_adjust_payload	48	static
/home/erhangok/Downloads/en.x-cube-azure-v2-3-0/STM32CubeExpansion_Cloud_AZURE_V2.3.0/Middlewares/ST/netxduo/addons/azure_iot/nx_azure_iot_hub_client.c:1494:6:nx_azure_iot_hub_client_cloud_message_receive	16	static
/home/erhangok/Downloads/en.x-cube-azure-v2-3-0/STM32CubeExpansion_Cloud_AZURE_V2.3.0/Middlewares/ST/netxduo/addons/azure_iot/nx_azure_iot_hub_client.c:1518:6:nx_azure_iot_hub_client_cloud_message_property_get	80	static
/home/erhangok/Downloads/en.x-cube-azure-v2-3-0/STM32CubeExpansion_Cloud_AZURE_V2.3.0/Middlewares/ST/netxduo/addons/azure_iot/nx_azure_iot_hub_client.c:1694:6:nx_azure_iot_hub_client_properties_disable	24	static
/home/erhangok/Downloads/en.x-cube-azure-v2-3-0/STM32CubeExpansion_Cloud_AZURE_V2.3.0/Middlewares/ST/netxduo/addons/azure_iot/nx_azure_iot_hub_client.c:1728:6:nx_azure_iot_hub_client_reported_properties_response_callback_set	16	static
/home/erhangok/Downloads/en.x-cube-azure-v2-3-0/STM32CubeExpansion_Cloud_AZURE_V2.3.0/Middlewares/ST/netxduo/addons/azure_iot/nx_azure_iot_hub_client.c:1915:6:nx_azure_iot_hub_client_reported_properties_create	56	static
/home/erhangok/Downloads/en.x-cube-azure-v2-3-0/STM32CubeExpansion_Cloud_AZURE_V2.3.0/Middlewares/ST/netxduo/addons/azure_iot/nx_azure_iot_hub_client.c:2003:6:nx_azure_iot_hub_client_reported_properties_send	64	static
/home/erhangok/Downloads/en.x-cube-azure-v2-3-0/STM32CubeExpansion_Cloud_AZURE_V2.3.0/Middlewares/ST/netxduo/addons/azure_iot/nx_azure_iot_hub_client.c:2097:6:nx_azure_iot_hub_client_properties_request	64	static
/home/erhangok/Downloads/en.x-cube-azure-v2-3-0/STM32CubeExpansion_Cloud_AZURE_V2.3.0/Middlewares/ST/netxduo/addons/azure_iot/nx_azure_iot_hub_client.c:2188:6:nx_azure_iot_hub_client_properties_receive	56	static
/home/erhangok/Downloads/en.x-cube-azure-v2-3-0/STM32CubeExpansion_Cloud_AZURE_V2.3.0/Middlewares/ST/netxduo/addons/azure_iot/nx_azure_iot_hub_client.c:2256:6:nx_azure_iot_hub_client_writable_properties_receive	32	static
/home/erhangok/Downloads/en.x-cube-azure-v2-3-0/STM32CubeExpansion_Cloud_AZURE_V2.3.0/Middlewares/ST/netxduo/addons/azure_iot/nx_azure_iot_hub_client.c:2296:6:nx_azure_iot_hub_client_device_twin_enable	8	static
/home/erhangok/Downloads/en.x-cube-azure-v2-3-0/STM32CubeExpansion_Cloud_AZURE_V2.3.0/Middlewares/ST/netxduo/addons/azure_iot/nx_azure_iot_hub_client.c:2308:6:nx_azure_iot_hub_client_device_twin_disable	8	static
/home/erhangok/Downloads/en.x-cube-azure-v2-3-0/STM32CubeExpansion_Cloud_AZURE_V2.3.0/Middlewares/ST/netxduo/addons/azure_iot/nx_azure_iot_hub_client.c:2321:6:nx_azure_iot_hub_client_device_twin_reported_properties_send	88	static
/home/erhangok/Downloads/en.x-cube-azure-v2-3-0/STM32CubeExpansion_Cloud_AZURE_V2.3.0/Middlewares/ST/netxduo/addons/azure_iot/nx_azure_iot_hub_client.c:2460:6:nx_azure_iot_hub_client_device_twin_properties_request	8	static
/home/erhangok/Downloads/en.x-cube-azure-v2-3-0/STM32CubeExpansion_Cloud_AZURE_V2.3.0/Middlewares/ST/netxduo/addons/azure_iot/nx_azure_iot_hub_client.c:2473:6:nx_azure_iot_hub_client_device_twin_properties_receive	8	static
/home/erhangok/Downloads/en.x-cube-azure-v2-3-0/STM32CubeExpansion_Cloud_AZURE_V2.3.0/Middlewares/ST/netxduo/addons/azure_iot/nx_azure_iot_hub_client.c:2486:6:nx_azure_iot_hub_client_device_twin_desired_properties_receive	8	static
/home/erhangok/Downloads/en.x-cube-azure-v2-3-0/STM32CubeExpansion_Cloud_AZURE_V2.3.0/Middlewares/ST/netxduo/addons/azure_iot/nx_azure_iot_hub_client.c:3131:6:nx_azure_iot_hub_client_command_disable	24	static
/home/erhangok/Downloads/en.x-cube-azure-v2-3-0/STM32CubeExpansion_Cloud_AZURE_V2.3.0/Middlewares/ST/netxduo/addons/azure_iot/nx_azure_iot_hub_client.c:3155:6:nx_azure_iot_hub_client_command_message_receive	96	static
/home/erhangok/Downloads/en.x-cube-azure-v2-3-0/STM32CubeExpansion_Cloud_AZURE_V2.3.0/Middlewares/ST/netxduo/addons/azure_iot/nx_azure_iot_hub_client.c:3225:6:nx_azure_iot_hub_client_command_message_response	72	static
/home/erhangok/Downloads/en.x-cube-azure-v2-3-0/STM32CubeExpansion_Cloud_AZURE_V2.3.0/Middlewares/ST/netxduo/addons/azure_iot/nx_azure_iot_hub_client.c:3314:6:nx_azure_iot_hub_client_direct_method_enable	8	static
/home/erhangok/Downloads/en.x-cube-azure-v2-3-0/STM32CubeExpansion_Cloud_AZURE_V2.3.0/Middlewares/ST/netxduo/addons/azure_iot/nx_azure_iot_hub_client.c:3326:6:nx_azure_iot_hub_client_direct_method_disable	8	static
/home/erhangok/Downloads/en.x-cube-azure-v2-3-0/STM32CubeExpansion_Cloud_AZURE_V2.3.0/Middlewares/ST/netxduo/addons/azure_iot/nx_azure_iot_hub_client.c:3338:6:nx_azure_iot_hub_client_direct_method_message_receive	40	static
/home/erhangok/Downloads/en.x-cube-azure-v2-3-0/STM32CubeExpansion_Cloud_AZURE_V2.3.0/Middlewares/ST/netxduo/addons/azure_iot/nx_azure_iot_hub_client.c:3361:6:nx_azure_iot_hub_client_direct_method_message_response	24	static
