/home/erhangok/Downloads/STM32CubeExpansion_Cloud_AZURE_V2.3.0/Middlewares/ST/netxduo/addons/azure_iot/azure_iot_security_module/iot-security-module-core/deps/flatcc/src/runtime/refmap.c:41:6:flatcc_refmap_clear	0	static
/home/erhangok/Downloads/STM32CubeExpansion_Cloud_AZURE_V2.3.0/Middlewares/ST/netxduo/addons/azure_iot/azure_iot_security_module/iot-security-module-core/deps/flatcc/src/runtime/refmap.c:64:6:flatcc_refmap_reset	8	static
/home/erhangok/Downloads/STM32CubeExpansion_Cloud_AZURE_V2.3.0/Middlewares/ST/netxduo/addons/azure_iot/azure_iot_security_module/iot-security-module-core/deps/flatcc/src/runtime/refmap.c:122:21:flatcc_refmap_insert	24	static
/home/erhangok/Downloads/STM32CubeExpansion_Cloud_AZURE_V2.3.0/Middlewares/ST/netxduo/addons/azure_iot/azure_iot_security_module/iot-security-module-core/deps/flatcc/src/runtime/refmap.c:76:5:flatcc_refmap_resize	24	static
/home/erhangok/Downloads/STM32CubeExpansion_Cloud_AZURE_V2.3.0/Middlewares/ST/netxduo/addons/azure_iot/azure_iot_security_module/iot-security-module-core/deps/flatcc/src/runtime/refmap.c:150:21:flatcc_refmap_find	16	static
