/home/erhangok/Documents/GitHub/STM32U5_Cellular_Cloud/STM32CubeExpansion_Cloud_AZURE_V2.3.0/Drivers/STM32U5xx_HAL_Driver/Src/stm32u5xx_hal_rtc_ex.c:173:19:HAL_RTCEx_SetTimeStamp	0	static
/home/erhangok/Documents/GitHub/STM32U5_Cellular_Cloud/STM32CubeExpansion_Cloud_AZURE_V2.3.0/Drivers/STM32U5xx_HAL_Driver/Src/stm32u5xx_hal_rtc_ex.c:224:19:HAL_RTCEx_SetTimeStamp_IT	0	static
/home/erhangok/Documents/GitHub/STM32U5_Cellular_Cloud/STM32CubeExpansion_Cloud_AZURE_V2.3.0/Drivers/STM32U5xx_HAL_Driver/Src/stm32u5xx_hal_rtc_ex.c:264:19:HAL_RTCEx_DeactivateTimeStamp	0	static
/home/erhangok/Documents/GitHub/STM32U5_Cellular_Cloud/STM32CubeExpansion_Cloud_AZURE_V2.3.0/Drivers/STM32U5xx_HAL_Driver/Src/stm32u5xx_hal_rtc_ex.c:294:19:HAL_RTCEx_SetInternalTimeStamp	0	static
/home/erhangok/Documents/GitHub/STM32U5_Cellular_Cloud/STM32CubeExpansion_Cloud_AZURE_V2.3.0/Drivers/STM32U5xx_HAL_Driver/Src/stm32u5xx_hal_rtc_ex.c:324:19:HAL_RTCEx_DeactivateInternalTimeStamp	0	static
/home/erhangok/Documents/GitHub/STM32U5_Cellular_Cloud/STM32CubeExpansion_Cloud_AZURE_V2.3.0/Drivers/STM32U5xx_HAL_Driver/Src/stm32u5xx_hal_rtc_ex.c:360:19:HAL_RTCEx_GetTimeStamp	24	static
/home/erhangok/Documents/GitHub/STM32U5_Cellular_Cloud/STM32CubeExpansion_Cloud_AZURE_V2.3.0/Drivers/STM32U5xx_HAL_Driver/Src/stm32u5xx_hal_rtc_ex.c:442:13:HAL_RTCEx_TimeStampEventCallback	0	static
/home/erhangok/Documents/GitHub/STM32U5_Cellular_Cloud/STM32CubeExpansion_Cloud_AZURE_V2.3.0/Drivers/STM32U5xx_HAL_Driver/Src/stm32u5xx_hal_rtc_ex.c:413:6:HAL_RTCEx_TimeStampIRQHandler	16	static
/home/erhangok/Documents/GitHub/STM32U5_Cellular_Cloud/STM32CubeExpansion_Cloud_AZURE_V2.3.0/Drivers/STM32U5xx_HAL_Driver/Src/stm32u5xx_hal_rtc_ex.c:458:19:HAL_RTCEx_PollForTimeStampEvent	16	static
/home/erhangok/Documents/GitHub/STM32U5_Cellular_Cloud/STM32CubeExpansion_Cloud_AZURE_V2.3.0/Drivers/STM32U5xx_HAL_Driver/Src/stm32u5xx_hal_rtc_ex.c:520:19:HAL_RTCEx_SetWakeUpTimer	24	static
/home/erhangok/Documents/GitHub/STM32U5_Cellular_Cloud/STM32CubeExpansion_Cloud_AZURE_V2.3.0/Drivers/STM32U5xx_HAL_Driver/Src/stm32u5xx_hal_rtc_ex.c:605:19:HAL_RTCEx_SetWakeUpTimer_IT	32	static
/home/erhangok/Documents/GitHub/STM32U5_Cellular_Cloud/STM32CubeExpansion_Cloud_AZURE_V2.3.0/Drivers/STM32U5xx_HAL_Driver/Src/stm32u5xx_hal_rtc_ex.c:689:19:HAL_RTCEx_DeactivateWakeUpTimer	16	static
/home/erhangok/Documents/GitHub/STM32U5_Cellular_Cloud/STM32CubeExpansion_Cloud_AZURE_V2.3.0/Drivers/STM32U5xx_HAL_Driver/Src/stm32u5xx_hal_rtc_ex.c:751:10:HAL_RTCEx_GetWakeUpTimer	0	static
/home/erhangok/Documents/GitHub/STM32U5_Cellular_Cloud/STM32CubeExpansion_Cloud_AZURE_V2.3.0/Drivers/STM32U5xx_HAL_Driver/Src/stm32u5xx_hal_rtc_ex.c:794:13:HAL_RTCEx_WakeUpTimerEventCallback	0	static
/home/erhangok/Documents/GitHub/STM32U5_Cellular_Cloud/STM32CubeExpansion_Cloud_AZURE_V2.3.0/Drivers/STM32U5xx_HAL_Driver/Src/stm32u5xx_hal_rtc_ex.c:764:6:HAL_RTCEx_WakeUpTimerIRQHandler	8	static
/home/erhangok/Documents/GitHub/STM32U5_Cellular_Cloud/STM32CubeExpansion_Cloud_AZURE_V2.3.0/Drivers/STM32U5xx_HAL_Driver/Src/stm32u5xx_hal_rtc_ex.c:810:19:HAL_RTCEx_PollForWakeUpTimerEvent	24	static
/home/erhangok/Documents/GitHub/STM32U5_Cellular_Cloud/STM32CubeExpansion_Cloud_AZURE_V2.3.0/Drivers/STM32U5xx_HAL_Driver/Src/stm32u5xx_hal_rtc_ex.c:896:19:HAL_RTCEx_SetSmoothCalib	32	static
/home/erhangok/Documents/GitHub/STM32U5_Cellular_Cloud/STM32CubeExpansion_Cloud_AZURE_V2.3.0/Drivers/STM32U5xx_HAL_Driver/Src/stm32u5xx_hal_rtc_ex.c:968:19:HAL_RTCEx_SetLowPowerCalib	0	static
/home/erhangok/Documents/GitHub/STM32U5_Cellular_Cloud/STM32CubeExpansion_Cloud_AZURE_V2.3.0/Drivers/STM32U5xx_HAL_Driver/Src/stm32u5xx_hal_rtc_ex.c:1009:19:HAL_RTCEx_SetSynchroShift	24	static
/home/erhangok/Documents/GitHub/STM32U5_Cellular_Cloud/STM32CubeExpansion_Cloud_AZURE_V2.3.0/Drivers/STM32U5xx_HAL_Driver/Src/stm32u5xx_hal_rtc_ex.c:1113:19:HAL_RTCEx_SetCalibrationOutPut	0	static
/home/erhangok/Documents/GitHub/STM32U5_Cellular_Cloud/STM32CubeExpansion_Cloud_AZURE_V2.3.0/Drivers/STM32U5xx_HAL_Driver/Src/stm32u5xx_hal_rtc_ex.c:1150:19:HAL_RTCEx_DeactivateCalibrationOutPut	0	static
/home/erhangok/Documents/GitHub/STM32U5_Cellular_Cloud/STM32CubeExpansion_Cloud_AZURE_V2.3.0/Drivers/STM32U5xx_HAL_Driver/Src/stm32u5xx_hal_rtc_ex.c:1181:19:HAL_RTCEx_SetRefClock	16	static
/home/erhangok/Documents/GitHub/STM32U5_Cellular_Cloud/STM32CubeExpansion_Cloud_AZURE_V2.3.0/Drivers/STM32U5xx_HAL_Driver/Src/stm32u5xx_hal_rtc_ex.c:1225:19:HAL_RTCEx_DeactivateRefClock	16	static
/home/erhangok/Documents/GitHub/STM32U5_Cellular_Cloud/STM32CubeExpansion_Cloud_AZURE_V2.3.0/Drivers/STM32U5xx_HAL_Driver/Src/stm32u5xx_hal_rtc_ex.c:1271:19:HAL_RTCEx_EnableBypassShadow	0	static
/home/erhangok/Documents/GitHub/STM32U5_Cellular_Cloud/STM32CubeExpansion_Cloud_AZURE_V2.3.0/Drivers/STM32U5xx_HAL_Driver/Src/stm32u5xx_hal_rtc_ex.c:1304:19:HAL_RTCEx_DisableBypassShadow	0	static
/home/erhangok/Documents/GitHub/STM32U5_Cellular_Cloud/STM32CubeExpansion_Cloud_AZURE_V2.3.0/Drivers/STM32U5xx_HAL_Driver/Src/stm32u5xx_hal_rtc_ex.c:1338:19:HAL_RTCEx_MonotonicCounterIncrement	0	static
/home/erhangok/Documents/GitHub/STM32U5_Cellular_Cloud/STM32CubeExpansion_Cloud_AZURE_V2.3.0/Drivers/STM32U5xx_HAL_Driver/Src/stm32u5xx_hal_rtc_ex.c:1359:19:HAL_RTCEx_MonotonicCounterGet	0	static
/home/erhangok/Documents/GitHub/STM32U5_Cellular_Cloud/STM32CubeExpansion_Cloud_AZURE_V2.3.0/Drivers/STM32U5xx_HAL_Driver/Src/stm32u5xx_hal_rtc_ex.c:1377:19:HAL_RTCEx_SetSSRU_IT	0	static
/home/erhangok/Documents/GitHub/STM32U5_Cellular_Cloud/STM32CubeExpansion_Cloud_AZURE_V2.3.0/Drivers/STM32U5xx_HAL_Driver/Src/stm32u5xx_hal_rtc_ex.c:1408:19:HAL_RTCEx_DeactivateSSRU	0	static
/home/erhangok/Documents/GitHub/STM32U5_Cellular_Cloud/STM32CubeExpansion_Cloud_AZURE_V2.3.0/Drivers/STM32U5xx_HAL_Driver/Src/stm32u5xx_hal_rtc_ex.c:1470:13:HAL_RTCEx_SSRUEventCallback	0	static
/home/erhangok/Documents/GitHub/STM32U5_Cellular_Cloud/STM32CubeExpansion_Cloud_AZURE_V2.3.0/Drivers/STM32U5xx_HAL_Driver/Src/stm32u5xx_hal_rtc_ex.c:1439:6:HAL_RTCEx_SSRUIRQHandler	8	static
/home/erhangok/Documents/GitHub/STM32U5_Cellular_Cloud/STM32CubeExpansion_Cloud_AZURE_V2.3.0/Drivers/STM32U5xx_HAL_Driver/Src/stm32u5xx_hal_rtc_ex.c:1504:13:HAL_RTCEx_AlarmBEventCallback	0	static
/home/erhangok/Documents/GitHub/STM32U5_Cellular_Cloud/STM32CubeExpansion_Cloud_AZURE_V2.3.0/Drivers/STM32U5xx_HAL_Driver/Src/stm32u5xx_hal_rtc_ex.c:1520:19:HAL_RTCEx_PollForAlarmBEvent	24	static
/home/erhangok/Documents/GitHub/STM32U5_Cellular_Cloud/STM32CubeExpansion_Cloud_AZURE_V2.3.0/Drivers/STM32U5xx_HAL_Driver/Src/stm32u5xx_hal_rtc_ex.c:1593:19:HAL_RTCEx_SetTamper	16	static
/home/erhangok/Documents/GitHub/STM32U5_Cellular_Cloud/STM32CubeExpansion_Cloud_AZURE_V2.3.0/Drivers/STM32U5xx_HAL_Driver/Src/stm32u5xx_hal_rtc_ex.c:1667:19:HAL_RTCEx_SetTamper_IT	16	static
/home/erhangok/Documents/GitHub/STM32U5_Cellular_Cloud/STM32CubeExpansion_Cloud_AZURE_V2.3.0/Drivers/STM32U5xx_HAL_Driver/Src/stm32u5xx_hal_rtc_ex.c:1751:19:HAL_RTCEx_DeactivateTamper	0	static
/home/erhangok/Documents/GitHub/STM32U5_Cellular_Cloud/STM32CubeExpansion_Cloud_AZURE_V2.3.0/Drivers/STM32U5xx_HAL_Driver/Src/stm32u5xx_hal_rtc_ex.c:1902:6:HAL_RTCEx_GetActiveTampers	20	static
/home/erhangok/Documents/GitHub/STM32U5_Cellular_Cloud/STM32CubeExpansion_Cloud_AZURE_V2.3.0/Drivers/STM32U5xx_HAL_Driver/Src/stm32u5xx_hal_rtc_ex.c:1928:19:HAL_RTCEx_SetActiveSeed	16	static
/home/erhangok/Documents/GitHub/STM32U5_Cellular_Cloud/STM32CubeExpansion_Cloud_AZURE_V2.3.0/Drivers/STM32U5xx_HAL_Driver/Src/stm32u5xx_hal_rtc_ex.c:1975:19:HAL_RTCEx_SetBoothardwareKey	0	static
/home/erhangok/Documents/GitHub/STM32U5_Cellular_Cloud/STM32CubeExpansion_Cloud_AZURE_V2.3.0/Drivers/STM32U5xx_HAL_Driver/Src/stm32u5xx_hal_rtc_ex.c:1989:19:HAL_RTCEx_DeactivateActiveTampers	0	static
/home/erhangok/Documents/GitHub/STM32U5_Cellular_Cloud/STM32CubeExpansion_Cloud_AZURE_V2.3.0/Drivers/STM32U5xx_HAL_Driver/Src/stm32u5xx_hal_rtc_ex.c:1778:19:HAL_RTCEx_SetActiveTampers	32	static
/home/erhangok/Documents/GitHub/STM32U5_Cellular_Cloud/STM32CubeExpansion_Cloud_AZURE_V2.3.0/Drivers/STM32U5xx_HAL_Driver/Src/stm32u5xx_hal_rtc_ex.c:2033:19:HAL_RTCEx_PollForTamperEvent	24	static
/home/erhangok/Documents/GitHub/STM32U5_Cellular_Cloud/STM32CubeExpansion_Cloud_AZURE_V2.3.0/Drivers/STM32U5xx_HAL_Driver/Src/stm32u5xx_hal_rtc_ex.c:2075:19:HAL_RTCEx_SetInternalTamper	8	static
/home/erhangok/Documents/GitHub/STM32U5_Cellular_Cloud/STM32CubeExpansion_Cloud_AZURE_V2.3.0/Drivers/STM32U5xx_HAL_Driver/Src/stm32u5xx_hal_rtc_ex.c:2118:6:HAL_RTCEx_GetInternalTampers	0	static
/home/erhangok/Documents/GitHub/STM32U5_Cellular_Cloud/STM32CubeExpansion_Cloud_AZURE_V2.3.0/Drivers/STM32U5xx_HAL_Driver/Src/stm32u5xx_hal_rtc_ex.c:2138:19:HAL_RTCEx_SetInternalTamper_IT	0	static
/home/erhangok/Documents/GitHub/STM32U5_Cellular_Cloud/STM32CubeExpansion_Cloud_AZURE_V2.3.0/Drivers/STM32U5xx_HAL_Driver/Src/stm32u5xx_hal_rtc_ex.c:2181:19:HAL_RTCEx_DeactivateInternalTamper	0	static
/home/erhangok/Documents/GitHub/STM32U5_Cellular_Cloud/STM32CubeExpansion_Cloud_AZURE_V2.3.0/Drivers/STM32U5xx_HAL_Driver/Src/stm32u5xx_hal_rtc_ex.c:2209:19:HAL_RTCEx_PollForInternalTamperEvent	0	static
/home/erhangok/Documents/GitHub/STM32U5_Cellular_Cloud/STM32CubeExpansion_Cloud_AZURE_V2.3.0/Drivers/STM32U5xx_HAL_Driver/Src/stm32u5xx_hal_rtc_ex.c:2494:13:HAL_RTCEx_Tamper1EventCallback	0	static
/home/erhangok/Documents/GitHub/STM32U5_Cellular_Cloud/STM32CubeExpansion_Cloud_AZURE_V2.3.0/Drivers/STM32U5xx_HAL_Driver/Src/stm32u5xx_hal_rtc_ex.c:2509:13:HAL_RTCEx_Tamper2EventCallback	0	static
/home/erhangok/Documents/GitHub/STM32U5_Cellular_Cloud/STM32CubeExpansion_Cloud_AZURE_V2.3.0/Drivers/STM32U5xx_HAL_Driver/Src/stm32u5xx_hal_rtc_ex.c:2524:13:HAL_RTCEx_Tamper3EventCallback	0	static
/home/erhangok/Documents/GitHub/STM32U5_Cellular_Cloud/STM32CubeExpansion_Cloud_AZURE_V2.3.0/Drivers/STM32U5xx_HAL_Driver/Src/stm32u5xx_hal_rtc_ex.c:2539:13:HAL_RTCEx_Tamper4EventCallback	0	static
/home/erhangok/Documents/GitHub/STM32U5_Cellular_Cloud/STM32CubeExpansion_Cloud_AZURE_V2.3.0/Drivers/STM32U5xx_HAL_Driver/Src/stm32u5xx_hal_rtc_ex.c:2554:13:HAL_RTCEx_Tamper5EventCallback	0	static
/home/erhangok/Documents/GitHub/STM32U5_Cellular_Cloud/STM32CubeExpansion_Cloud_AZURE_V2.3.0/Drivers/STM32U5xx_HAL_Driver/Src/stm32u5xx_hal_rtc_ex.c:2569:13:HAL_RTCEx_Tamper6EventCallback	0	static
/home/erhangok/Documents/GitHub/STM32U5_Cellular_Cloud/STM32CubeExpansion_Cloud_AZURE_V2.3.0/Drivers/STM32U5xx_HAL_Driver/Src/stm32u5xx_hal_rtc_ex.c:2584:13:HAL_RTCEx_Tamper7EventCallback	0	static
/home/erhangok/Documents/GitHub/STM32U5_Cellular_Cloud/STM32CubeExpansion_Cloud_AZURE_V2.3.0/Drivers/STM32U5xx_HAL_Driver/Src/stm32u5xx_hal_rtc_ex.c:2599:13:HAL_RTCEx_Tamper8EventCallback	0	static
/home/erhangok/Documents/GitHub/STM32U5_Cellular_Cloud/STM32CubeExpansion_Cloud_AZURE_V2.3.0/Drivers/STM32U5xx_HAL_Driver/Src/stm32u5xx_hal_rtc_ex.c:2614:13:HAL_RTCEx_InternalTamper1EventCallback	0	static
/home/erhangok/Documents/GitHub/STM32U5_Cellular_Cloud/STM32CubeExpansion_Cloud_AZURE_V2.3.0/Drivers/STM32U5xx_HAL_Driver/Src/stm32u5xx_hal_rtc_ex.c:2629:13:HAL_RTCEx_InternalTamper2EventCallback	0	static
/home/erhangok/Documents/GitHub/STM32U5_Cellular_Cloud/STM32CubeExpansion_Cloud_AZURE_V2.3.0/Drivers/STM32U5xx_HAL_Driver/Src/stm32u5xx_hal_rtc_ex.c:2644:13:HAL_RTCEx_InternalTamper3EventCallback	0	static
/home/erhangok/Documents/GitHub/STM32U5_Cellular_Cloud/STM32CubeExpansion_Cloud_AZURE_V2.3.0/Drivers/STM32U5xx_HAL_Driver/Src/stm32u5xx_hal_rtc_ex.c:2660:13:HAL_RTCEx_InternalTamper5EventCallback	0	static
/home/erhangok/Documents/GitHub/STM32U5_Cellular_Cloud/STM32CubeExpansion_Cloud_AZURE_V2.3.0/Drivers/STM32U5xx_HAL_Driver/Src/stm32u5xx_hal_rtc_ex.c:2675:13:HAL_RTCEx_InternalTamper6EventCallback	0	static
/home/erhangok/Documents/GitHub/STM32U5_Cellular_Cloud/STM32CubeExpansion_Cloud_AZURE_V2.3.0/Drivers/STM32U5xx_HAL_Driver/Src/stm32u5xx_hal_rtc_ex.c:2690:13:HAL_RTCEx_InternalTamper7EventCallback	0	static
/home/erhangok/Documents/GitHub/STM32U5_Cellular_Cloud/STM32CubeExpansion_Cloud_AZURE_V2.3.0/Drivers/STM32U5xx_HAL_Driver/Src/stm32u5xx_hal_rtc_ex.c:2705:13:HAL_RTCEx_InternalTamper8EventCallback	0	static
/home/erhangok/Documents/GitHub/STM32U5_Cellular_Cloud/STM32CubeExpansion_Cloud_AZURE_V2.3.0/Drivers/STM32U5xx_HAL_Driver/Src/stm32u5xx_hal_rtc_ex.c:2720:13:HAL_RTCEx_InternalTamper9EventCallback	0	static
/home/erhangok/Documents/GitHub/STM32U5_Cellular_Cloud/STM32CubeExpansion_Cloud_AZURE_V2.3.0/Drivers/STM32U5xx_HAL_Driver/Src/stm32u5xx_hal_rtc_ex.c:2735:13:HAL_RTCEx_InternalTamper11EventCallback	0	static
/home/erhangok/Documents/GitHub/STM32U5_Cellular_Cloud/STM32CubeExpansion_Cloud_AZURE_V2.3.0/Drivers/STM32U5xx_HAL_Driver/Src/stm32u5xx_hal_rtc_ex.c:2750:13:HAL_RTCEx_InternalTamper12EventCallback	0	static
/home/erhangok/Documents/GitHub/STM32U5_Cellular_Cloud/STM32CubeExpansion_Cloud_AZURE_V2.3.0/Drivers/STM32U5xx_HAL_Driver/Src/stm32u5xx_hal_rtc_ex.c:2765:13:HAL_RTCEx_InternalTamper13EventCallback	0	static
/home/erhangok/Documents/GitHub/STM32U5_Cellular_Cloud/STM32CubeExpansion_Cloud_AZURE_V2.3.0/Drivers/STM32U5xx_HAL_Driver/Src/stm32u5xx_hal_rtc_ex.c:2249:6:HAL_RTCEx_TamperIRQHandler	16	static
/home/erhangok/Documents/GitHub/STM32U5_Cellular_Cloud/STM32CubeExpansion_Cloud_AZURE_V2.3.0/Drivers/STM32U5xx_HAL_Driver/Src/stm32u5xx_hal_rtc_ex.c:2807:6:HAL_RTCEx_BKUPWrite	0	static
/home/erhangok/Documents/GitHub/STM32U5_Cellular_Cloud/STM32CubeExpansion_Cloud_AZURE_V2.3.0/Drivers/STM32U5xx_HAL_Driver/Src/stm32u5xx_hal_rtc_ex.c:2832:10:HAL_RTCEx_BKUPRead	0	static
/home/erhangok/Documents/GitHub/STM32U5_Cellular_Cloud/STM32CubeExpansion_Cloud_AZURE_V2.3.0/Drivers/STM32U5xx_HAL_Driver/Src/stm32u5xx_hal_rtc_ex.c:2853:7:HAL_RTCEx_BKUPErase	0	static
/home/erhangok/Documents/GitHub/STM32U5_Cellular_Cloud/STM32CubeExpansion_Cloud_AZURE_V2.3.0/Drivers/STM32U5xx_HAL_Driver/Src/stm32u5xx_hal_rtc_ex.c:2864:7:HAL_RTCEx_BKUPBlock_Enable	0	static
/home/erhangok/Documents/GitHub/STM32U5_Cellular_Cloud/STM32CubeExpansion_Cloud_AZURE_V2.3.0/Drivers/STM32U5xx_HAL_Driver/Src/stm32u5xx_hal_rtc_ex.c:2875:7:HAL_RTCEx_BKUPBlock_Disable	0	static
/home/erhangok/Documents/GitHub/STM32U5_Cellular_Cloud/STM32CubeExpansion_Cloud_AZURE_V2.3.0/Drivers/STM32U5xx_HAL_Driver/Src/stm32u5xx_hal_rtc_ex.c:2893:7:HAL_RTCEx_Erase_SecretDev_Conf	0	static
/home/erhangok/Documents/GitHub/STM32U5_Cellular_Cloud/STM32CubeExpansion_Cloud_AZURE_V2.3.0/Drivers/STM32U5xx_HAL_Driver/Src/stm32u5xx_hal_rtc_ex.c:2911:10:HAL_RTCEx_Get_Erase_SecretDev_Conf	0	static
/home/erhangok/Documents/GitHub/STM32U5_Cellular_Cloud/STM32CubeExpansion_Cloud_AZURE_V2.3.0/Drivers/STM32U5xx_HAL_Driver/Src/stm32u5xx_hal_rtc_ex.c:2948:19:HAL_RTCEx_SecureModeGet	0	static
/home/erhangok/Documents/GitHub/STM32U5_Cellular_Cloud/STM32CubeExpansion_Cloud_AZURE_V2.3.0/Drivers/STM32U5xx_HAL_Driver/Src/stm32u5xx_hal_rtc_ex.c:2985:19:HAL_RTCEx_SecureModeSet	0	static
/home/erhangok/Documents/GitHub/STM32U5_Cellular_Cloud/STM32CubeExpansion_Cloud_AZURE_V2.3.0/Drivers/STM32U5xx_HAL_Driver/Src/stm32u5xx_hal_rtc_ex.c:3038:19:HAL_RTCEx_PrivilegeModeSet	0	static
/home/erhangok/Documents/GitHub/STM32U5_Cellular_Cloud/STM32CubeExpansion_Cloud_AZURE_V2.3.0/Drivers/STM32U5xx_HAL_Driver/Src/stm32u5xx_hal_rtc_ex.c:3080:19:HAL_RTCEx_PrivilegeModeGet	8	static
