/home/erhangok/Documents/GitHub/STM32U5_Cellular_Cloud/STM32CubeExpansion_Cloud_AZURE_V2.3.0/Drivers/STM32U5xx_HAL_Driver/Src/stm32u5xx_hal_cryp.c:3310:13:CRYP_SetKey	0	static
/home/erhangok/Documents/GitHub/STM32U5_Cellular_Cloud/STM32CubeExpansion_Cloud_AZURE_V2.3.0/Drivers/STM32U5xx_HAL_Driver/Src/stm32u5xx_hal_cryp.c:3345:13:CRYP_SetIV	0	static
/home/erhangok/Documents/GitHub/STM32U5_Cellular_Cloud/STM32CubeExpansion_Cloud_AZURE_V2.3.0/Drivers/STM32U5xx_HAL_Driver/Src/stm32u5xx_hal_cryp.c:5374:26:CRYP_WaitOnCCFlag	16	static
/home/erhangok/Documents/GitHub/STM32U5_Cellular_Cloud/STM32CubeExpansion_Cloud_AZURE_V2.3.0/Drivers/STM32U5xx_HAL_Driver/Src/stm32u5xx_hal_cryp.c:4932:26:CRYP_GCMCCM_SetHeaderPhase	72	static
/home/erhangok/Documents/GitHub/STM32U5_Cellular_Cloud/STM32CubeExpansion_Cloud_AZURE_V2.3.0/Drivers/STM32U5xx_HAL_Driver/Src/stm32u5xx_hal_cryp.c:585:19:HAL_CRYP_SetConfig	20	static
/home/erhangok/Documents/GitHub/STM32U5_Cellular_Cloud/STM32CubeExpansion_Cloud_AZURE_V2.3.0/Drivers/STM32U5xx_HAL_Driver/Src/stm32u5xx_hal_cryp.c:672:19:HAL_CRYP_GetConfig	8	static
/home/erhangok/Documents/GitHub/STM32U5_Cellular_Cloud/STM32CubeExpansion_Cloud_AZURE_V2.3.0/Drivers/STM32U5xx_HAL_Driver/Src/stm32u5xx_hal_cryp.c:722:13:HAL_CRYP_MspInit	0	static
/home/erhangok/Documents/GitHub/STM32U5_Cellular_Cloud/STM32CubeExpansion_Cloud_AZURE_V2.3.0/Drivers/STM32U5xx_HAL_Driver/Src/stm32u5xx_hal_cryp.c:436:19:HAL_CRYP_Init	16	static
/home/erhangok/Documents/GitHub/STM32U5_Cellular_Cloud/STM32CubeExpansion_Cloud_AZURE_V2.3.0/Drivers/STM32U5xx_HAL_Driver/Src/stm32u5xx_hal_cryp.c:738:13:HAL_CRYP_MspDeInit	0	static
/home/erhangok/Documents/GitHub/STM32U5_Cellular_Cloud/STM32CubeExpansion_Cloud_AZURE_V2.3.0/Drivers/STM32U5xx_HAL_Driver/Src/stm32u5xx_hal_cryp.c:533:19:HAL_CRYP_DeInit	16	static
/home/erhangok/Documents/GitHub/STM32U5_Cellular_Cloud/STM32CubeExpansion_Cloud_AZURE_V2.3.0/Drivers/STM32U5xx_HAL_Driver/Src/stm32u5xx_hal_cryp.c:1940:10:HAL_CRYP_GetError	0	static
/home/erhangok/Documents/GitHub/STM32U5_Cellular_Cloud/STM32CubeExpansion_Cloud_AZURE_V2.3.0/Drivers/STM32U5xx_HAL_Driver/Src/stm32u5xx_hal_cryp.c:1951:23:HAL_CRYP_GetState	0	static
/home/erhangok/Documents/GitHub/STM32U5_Cellular_Cloud/STM32CubeExpansion_Cloud_AZURE_V2.3.0/Drivers/STM32U5xx_HAL_Driver/Src/stm32u5xx_hal_cryp.c:1962:13:HAL_CRYP_InCpltCallback	0	static
/home/erhangok/Documents/GitHub/STM32U5_Cellular_Cloud/STM32CubeExpansion_Cloud_AZURE_V2.3.0/Drivers/STM32U5xx_HAL_Driver/Src/stm32u5xx_hal_cryp.c:3560:26:CRYP_AESGCM_Process_IT	72	static
/home/erhangok/Documents/GitHub/STM32U5_Cellular_Cloud/STM32CubeExpansion_Cloud_AZURE_V2.3.0/Drivers/STM32U5xx_HAL_Driver/Src/stm32u5xx_hal_cryp.c:4208:26:CRYP_AESCCM_Process_IT	64	static
/home/erhangok/Documents/GitHub/STM32U5_Cellular_Cloud/STM32CubeExpansion_Cloud_AZURE_V2.3.0/Drivers/STM32U5xx_HAL_Driver/Src/stm32u5xx_hal_cryp.c:1406:19:HAL_CRYP_Encrypt_IT	16	static
/home/erhangok/Documents/GitHub/STM32U5_Cellular_Cloud/STM32CubeExpansion_Cloud_AZURE_V2.3.0/Drivers/STM32U5xx_HAL_Driver/Src/stm32u5xx_hal_cryp.c:1510:19:HAL_CRYP_Decrypt_IT	16	static
/home/erhangok/Documents/GitHub/STM32U5_Cellular_Cloud/STM32CubeExpansion_Cloud_AZURE_V2.3.0/Drivers/STM32U5xx_HAL_Driver/Src/stm32u5xx_hal_cryp.c:1978:13:HAL_CRYP_OutCpltCallback	0	static
/home/erhangok/Documents/GitHub/STM32U5_Cellular_Cloud/STM32CubeExpansion_Cloud_AZURE_V2.3.0/Drivers/STM32U5xx_HAL_Driver/Src/stm32u5xx_hal_cryp.c:1994:13:HAL_CRYP_ErrorCallback	0	static
/home/erhangok/Documents/GitHub/STM32U5_Cellular_Cloud/STM32CubeExpansion_Cloud_AZURE_V2.3.0/Drivers/STM32U5xx_HAL_Driver/Src/stm32u5xx_hal_cryp.c:3146:13:CRYP_AES_ProcessData	32	static
/home/erhangok/Documents/GitHub/STM32U5_Cellular_Cloud/STM32CubeExpansion_Cloud_AZURE_V2.3.0/Drivers/STM32U5xx_HAL_Driver/Src/stm32u5xx_hal_cryp.c:4016:26:CRYP_AESCCM_Process	40	static
/home/erhangok/Documents/GitHub/STM32U5_Cellular_Cloud/STM32CubeExpansion_Cloud_AZURE_V2.3.0/Drivers/STM32U5xx_HAL_Driver/Src/stm32u5xx_hal_cryp.c:3364:26:CRYP_AESGCM_Process	40	static
/home/erhangok/Documents/GitHub/STM32U5_Cellular_Cloud/STM32CubeExpansion_Cloud_AZURE_V2.3.0/Drivers/STM32U5xx_HAL_Driver/Src/stm32u5xx_hal_cryp.c:1217:19:HAL_CRYP_Encrypt	24	static
/home/erhangok/Documents/GitHub/STM32U5_Cellular_Cloud/STM32CubeExpansion_Cloud_AZURE_V2.3.0/Drivers/STM32U5xx_HAL_Driver/Src/stm32u5xx_hal_cryp.c:1315:19:HAL_CRYP_Decrypt	24	static
/home/erhangok/Documents/GitHub/STM32U5_Cellular_Cloud/STM32CubeExpansion_Cloud_AZURE_V2.3.0/Drivers/STM32U5xx_HAL_Driver/Src/stm32u5xx_hal_cryp.c:2967:13:CRYP_SetDMAConfig	24	static
/home/erhangok/Documents/GitHub/STM32U5_Cellular_Cloud/STM32CubeExpansion_Cloud_AZURE_V2.3.0/Drivers/STM32U5xx_HAL_Driver/Src/stm32u5xx_hal_cryp.c:4818:26:CRYP_GCMCCM_SetPayloadPhase_DMA	32	static
/home/erhangok/Documents/GitHub/STM32U5_Cellular_Cloud/STM32CubeExpansion_Cloud_AZURE_V2.3.0/Drivers/STM32U5xx_HAL_Driver/Src/stm32u5xx_hal_cryp.c:2935:13:CRYP_DMAError	8	static
/home/erhangok/Documents/GitHub/STM32U5_Cellular_Cloud/STM32CubeExpansion_Cloud_AZURE_V2.3.0/Drivers/STM32U5xx_HAL_Driver/Src/stm32u5xx_hal_cryp.c:1877:6:HAL_CRYP_IRQHandler	72	static
/home/erhangok/Documents/GitHub/STM32U5_Cellular_Cloud/STM32CubeExpansion_Cloud_AZURE_V2.3.0/Drivers/STM32U5xx_HAL_Driver/Src/stm32u5xx_hal_cryp.c:5407:13:CRYP_ClearCCFlagWhenHigh.constprop	16	static
/home/erhangok/Documents/GitHub/STM32U5_Cellular_Cloud/STM32CubeExpansion_Cloud_AZURE_V2.3.0/Drivers/STM32U5xx_HAL_Driver/Src/stm32u5xx_hal_cryp.c:2737:13:CRYP_DMAInCplt	64	static
/home/erhangok/Documents/GitHub/STM32U5_Cellular_Cloud/STM32CubeExpansion_Cloud_AZURE_V2.3.0/Drivers/STM32U5xx_HAL_Driver/Src/stm32u5xx_hal_cryp.c:2831:13:CRYP_DMAOutCplt	32	static
/home/erhangok/Documents/GitHub/STM32U5_Cellular_Cloud/STM32CubeExpansion_Cloud_AZURE_V2.3.0/Drivers/STM32U5xx_HAL_Driver/Src/stm32u5xx_hal_cryp.c:5066:26:CRYP_GCMCCM_SetHeaderPhase_DMA	64	static
/home/erhangok/Documents/GitHub/STM32U5_Cellular_Cloud/STM32CubeExpansion_Cloud_AZURE_V2.3.0/Drivers/STM32U5xx_HAL_Driver/Src/stm32u5xx_hal_cryp.c:3912:26:CRYP_AESGCM_Process_DMA	16	static
/home/erhangok/Documents/GitHub/STM32U5_Cellular_Cloud/STM32CubeExpansion_Cloud_AZURE_V2.3.0/Drivers/STM32U5xx_HAL_Driver/Src/stm32u5xx_hal_cryp.c:4570:26:CRYP_AESCCM_Process_DMA	16	static
/home/erhangok/Documents/GitHub/STM32U5_Cellular_Cloud/STM32CubeExpansion_Cloud_AZURE_V2.3.0/Drivers/STM32U5xx_HAL_Driver/Src/stm32u5xx_hal_cryp.c:1612:19:HAL_CRYP_Encrypt_DMA	24	static
/home/erhangok/Documents/GitHub/STM32U5_Cellular_Cloud/STM32CubeExpansion_Cloud_AZURE_V2.3.0/Drivers/STM32U5xx_HAL_Driver/Src/stm32u5xx_hal_cryp.c:1775:19:HAL_CRYP_Decrypt_DMA	24	static
