/home/erhangok/Downloads/en.x-cube-azure-v2-3-0/STM32CubeExpansion_Cloud_AZURE_V2.3.0/Drivers/STM32U5xx_HAL_Driver/Src/stm32u5xx_hal_rtc.c:909:13:HAL_RTC_MspInit	0	static
/home/erhangok/Downloads/en.x-cube-azure-v2-3-0/STM32CubeExpansion_Cloud_AZURE_V2.3.0/Drivers/STM32U5xx_HAL_Driver/Src/stm32u5xx_hal_rtc.c:924:13:HAL_RTC_MspDeInit	0	static
/home/erhangok/Downloads/en.x-cube-azure-v2-3-0/STM32CubeExpansion_Cloud_AZURE_V2.3.0/Drivers/STM32U5xx_HAL_Driver/Src/stm32u5xx_hal_rtc.c:1070:6:HAL_RTC_DST_Add1Hour	0	static
/home/erhangok/Downloads/en.x-cube-azure-v2-3-0/STM32CubeExpansion_Cloud_AZURE_V2.3.0/Drivers/STM32U5xx_HAL_Driver/Src/stm32u5xx_hal_rtc.c:1084:6:HAL_RTC_DST_Sub1Hour	0	static
/home/erhangok/Downloads/en.x-cube-azure-v2-3-0/STM32CubeExpansion_Cloud_AZURE_V2.3.0/Drivers/STM32U5xx_HAL_Driver/Src/stm32u5xx_hal_rtc.c:1098:6:HAL_RTC_DST_SetStoreOperation	0	static
/home/erhangok/Downloads/en.x-cube-azure-v2-3-0/STM32CubeExpansion_Cloud_AZURE_V2.3.0/Drivers/STM32U5xx_HAL_Driver/Src/stm32u5xx_hal_rtc.c:1111:6:HAL_RTC_DST_ClearStoreOperation	0	static
/home/erhangok/Downloads/en.x-cube-azure-v2-3-0/STM32CubeExpansion_Cloud_AZURE_V2.3.0/Drivers/STM32U5xx_HAL_Driver/Src/stm32u5xx_hal_rtc.c:1124:10:HAL_RTC_DST_ReadStoreOperation	0	static
/home/erhangok/Downloads/en.x-cube-azure-v2-3-0/STM32CubeExpansion_Cloud_AZURE_V2.3.0/Drivers/STM32U5xx_HAL_Driver/Src/stm32u5xx_hal_rtc.c:1771:19:HAL_RTC_DeactivateAlarm	0	static
/home/erhangok/Downloads/en.x-cube-azure-v2-3-0/STM32CubeExpansion_Cloud_AZURE_V2.3.0/Drivers/STM32U5xx_HAL_Driver/Src/stm32u5xx_hal_rtc.c:1969:13:HAL_RTC_AlarmAEventCallback	0	static
/home/erhangok/Downloads/en.x-cube-azure-v2-3-0/STM32CubeExpansion_Cloud_AZURE_V2.3.0/Drivers/STM32U5xx_HAL_Driver/Src/stm32u5xx_hal_rtc.c:1887:6:HAL_RTC_AlarmIRQHandler	16	static
/home/erhangok/Downloads/en.x-cube-azure-v2-3-0/STM32CubeExpansion_Cloud_AZURE_V2.3.0/Drivers/STM32U5xx_HAL_Driver/Src/stm32u5xx_hal_rtc.c:1985:19:HAL_RTC_PollForAlarmAEvent	16	static
/home/erhangok/Downloads/en.x-cube-azure-v2-3-0/STM32CubeExpansion_Cloud_AZURE_V2.3.0/Drivers/STM32U5xx_HAL_Driver/Src/stm32u5xx_hal_rtc.c:2050:19:HAL_RTC_WaitForSynchro	16	static
/home/erhangok/Downloads/en.x-cube-azure-v2-3-0/STM32CubeExpansion_Cloud_AZURE_V2.3.0/Drivers/STM32U5xx_HAL_Driver/Src/stm32u5xx_hal_rtc.c:2104:21:HAL_RTC_GetState	0	static
/home/erhangok/Downloads/en.x-cube-azure-v2-3-0/STM32CubeExpansion_Cloud_AZURE_V2.3.0/Drivers/STM32U5xx_HAL_Driver/Src/stm32u5xx_hal_rtc.c:2127:19:RTC_EnterInitMode	24	static
/home/erhangok/Downloads/en.x-cube-azure-v2-3-0/STM32CubeExpansion_Cloud_AZURE_V2.3.0/Drivers/STM32U5xx_HAL_Driver/Src/stm32u5xx_hal_rtc.c:2168:19:RTC_ExitInitMode	16	static
/home/erhangok/Downloads/en.x-cube-azure-v2-3-0/STM32CubeExpansion_Cloud_AZURE_V2.3.0/Drivers/STM32U5xx_HAL_Driver/Src/stm32u5xx_hal_rtc.c:266:19:HAL_RTC_Init	16	static
/home/erhangok/Downloads/en.x-cube-azure-v2-3-0/STM32CubeExpansion_Cloud_AZURE_V2.3.0/Drivers/STM32U5xx_HAL_Driver/Src/stm32u5xx_hal_rtc.c:422:19:HAL_RTC_DeInit	16	static
/home/erhangok/Downloads/en.x-cube-azure-v2-3-0/STM32CubeExpansion_Cloud_AZURE_V2.3.0/Drivers/STM32U5xx_HAL_Driver/Src/stm32u5xx_hal_rtc.c:2204:9:RTC_ByteToBcd2	0	static
/home/erhangok/Downloads/en.x-cube-azure-v2-3-0/STM32CubeExpansion_Cloud_AZURE_V2.3.0/Drivers/STM32U5xx_HAL_Driver/Src/stm32u5xx_hal_rtc.c:967:19:HAL_RTC_SetTime	24	static
/home/erhangok/Downloads/en.x-cube-azure-v2-3-0/STM32CubeExpansion_Cloud_AZURE_V2.3.0/Drivers/STM32U5xx_HAL_Driver/Src/stm32u5xx_hal_rtc.c:1213:19:HAL_RTC_SetDate	24	static
/home/erhangok/Downloads/en.x-cube-azure-v2-3-0/STM32CubeExpansion_Cloud_AZURE_V2.3.0/Drivers/STM32U5xx_HAL_Driver/Src/stm32u5xx_hal_rtc.c:1357:19:HAL_RTC_SetAlarm	32	static
/home/erhangok/Downloads/en.x-cube-azure-v2-3-0/STM32CubeExpansion_Cloud_AZURE_V2.3.0/Drivers/STM32U5xx_HAL_Driver/Src/stm32u5xx_hal_rtc.c:1566:19:HAL_RTC_SetAlarm_IT	32	static
/home/erhangok/Downloads/en.x-cube-azure-v2-3-0/STM32CubeExpansion_Cloud_AZURE_V2.3.0/Drivers/STM32U5xx_HAL_Driver/Src/stm32u5xx_hal_rtc.c:2223:9:RTC_Bcd2ToByte	0	static
/home/erhangok/Downloads/en.x-cube-azure-v2-3-0/STM32CubeExpansion_Cloud_AZURE_V2.3.0/Drivers/STM32U5xx_HAL_Driver/Src/stm32u5xx_hal_rtc.c:1155:19:HAL_RTC_GetTime	16	static
/home/erhangok/Downloads/en.x-cube-azure-v2-3-0/STM32CubeExpansion_Cloud_AZURE_V2.3.0/Drivers/STM32U5xx_HAL_Driver/Src/stm32u5xx_hal_rtc.c:1297:19:HAL_RTC_GetDate	16	static
/home/erhangok/Downloads/en.x-cube-azure-v2-3-0/STM32CubeExpansion_Cloud_AZURE_V2.3.0/Drivers/STM32U5xx_HAL_Driver/Src/stm32u5xx_hal_rtc.c:1823:19:HAL_RTC_GetAlarm	24	static
