/home/erhangok/Downloads/STM32CubeExpansion_Cloud_AZURE_V2.3.0/Projects/B-U585I-IOT02A/Applications/TFM_Azure_IoT/TFM_Appli/NonSecure/NetXDuo/App/app_azure_iot.c:296:13:message_receive_callback_writable_properties	0	static
/home/erhangok/Downloads/STM32CubeExpansion_Cloud_AZURE_V2.3.0/Projects/B-U585I-IOT02A/Applications/TFM_Azure_IoT/TFM_Appli/NonSecure/NetXDuo/App/app_azure_iot.c:281:13:message_receive_callback_properties	0	static
/home/erhangok/Downloads/STM32CubeExpansion_Cloud_AZURE_V2.3.0/Projects/B-U585I-IOT02A/Applications/TFM_Azure_IoT/TFM_Appli/NonSecure/NetXDuo/App/app_azure_iot.c:289:13:message_receive_callback_command	0	static
/home/erhangok/Downloads/STM32CubeExpansion_Cloud_AZURE_V2.3.0/Projects/B-U585I-IOT02A/Applications/TFM_Azure_IoT/TFM_Appli/NonSecure/NetXDuo/App/app_azure_iot.c:264:13:connection_status_callback	8	static
/home/erhangok/Downloads/STM32CubeExpansion_Cloud_AZURE_V2.3.0/Projects/B-U585I-IOT02A/Applications/TFM_Azure_IoT/TFM_Appli/NonSecure/NetXDuo/App/app_azure_iot.c:873:13:periodic_timer_entry	0	static
/home/erhangok/Downloads/STM32CubeExpansion_Cloud_AZURE_V2.3.0/Projects/B-U585I-IOT02A/Applications/TFM_Azure_IoT/TFM_Appli/NonSecure/NetXDuo/App/app_azure_iot.c:205:6:ctrl_component_cmd_cbk	8	static
/home/erhangok/Downloads/STM32CubeExpansion_Cloud_AZURE_V2.3.0/Projects/B-U585I-IOT02A/Applications/TFM_Azure_IoT/TFM_Appli/NonSecure/NetXDuo/App/app_azure_iot.c:927:13:log_callback	0	static
/home/erhangok/Downloads/STM32CubeExpansion_Cloud_AZURE_V2.3.0/Projects/B-U585I-IOT02A/Applications/TFM_Azure_IoT/TFM_Appli/NonSecure/NetXDuo/App/app_azure_iot.c:469:13:command_action.constprop	416	static
/home/erhangok/Downloads/STM32CubeExpansion_Cloud_AZURE_V2.3.0/Projects/B-U585I-IOT02A/Applications/TFM_Azure_IoT/TFM_Appli/NonSecure/NetXDuo/App/app_azure_iot.c:303:13:initialize_iothub	112	static
/home/erhangok/Downloads/STM32CubeExpansion_Cloud_AZURE_V2.3.0/Projects/B-U585I-IOT02A/Applications/TFM_Azure_IoT/TFM_Appli/NonSecure/NetXDuo/App/app_azure_iot.c:227:13:parse_writable_component_property.constprop	48	static
/home/erhangok/Downloads/STM32CubeExpansion_Cloud_AZURE_V2.3.0/Projects/B-U585I-IOT02A/Applications/TFM_Azure_IoT/TFM_Appli/NonSecure/NetXDuo/App/app_azure_iot.c:196:6:app_azure_iot_on_user_button_pushed	0	static
/home/erhangok/Downloads/STM32CubeExpansion_Cloud_AZURE_V2.3.0/Projects/B-U585I-IOT02A/Applications/TFM_Azure_IoT/TFM_Appli/NonSecure/NetXDuo/App/app_azure_iot.c:965:6:app_azure_iot_entry	312	static,ignoring_inline_asm
