/home/erhangok/Downloads/STM32CubeExpansion_Cloud_AZURE_V2.3.0/Projects/B-U585I-IOT02A/Applications/TFM_Azure_IoT/TFM_Appli/NonSecure/NetXDuo/App/std_component.c:75:13:append_acc_fullscale	0	static
/home/erhangok/Downloads/STM32CubeExpansion_Cloud_AZURE_V2.3.0/Projects/B-U585I-IOT02A/Applications/TFM_Azure_IoT/TFM_Appli/NonSecure/NetXDuo/App/std_component.c:83:13:append_gyro_fullscale	0	static
/home/erhangok/Downloads/STM32CubeExpansion_Cloud_AZURE_V2.3.0/Projects/B-U585I-IOT02A/Applications/TFM_Azure_IoT/TFM_Appli/NonSecure/NetXDuo/App/std_component.c:99:13:append_control_LED	0	static
/home/erhangok/Downloads/STM32CubeExpansion_Cloud_AZURE_V2.3.0/Projects/B-U585I-IOT02A/Applications/TFM_Azure_IoT/TFM_Appli/NonSecure/NetXDuo/App/std_component.c:117:13:report_property	120	static
/home/erhangok/Downloads/STM32CubeExpansion_Cloud_AZURE_V2.3.0/Projects/B-U585I-IOT02A/Applications/TFM_Azure_IoT/TFM_Appli/NonSecure/NetXDuo/App/std_component.c:91:13:append_telemetry_interval	0	static
/home/erhangok/Downloads/STM32CubeExpansion_Cloud_AZURE_V2.3.0/Projects/B-U585I-IOT02A/Applications/TFM_Azure_IoT/TFM_Appli/NonSecure/NetXDuo/App/std_component.c:107:13:append_int32_value	0	static
/home/erhangok/Downloads/STM32CubeExpansion_Cloud_AZURE_V2.3.0/Projects/B-U585I-IOT02A/Applications/TFM_Azure_IoT/TFM_Appli/NonSecure/NetXDuo/App/std_component.c:197:13:report_property_update	128	static
/home/erhangok/Downloads/STM32CubeExpansion_Cloud_AZURE_V2.3.0/Projects/B-U585I-IOT02A/Applications/TFM_Azure_IoT/TFM_Appli/NonSecure/NetXDuo/App/std_component.c:112:13:append_double_value	0	static
/home/erhangok/Downloads/STM32CubeExpansion_Cloud_AZURE_V2.3.0/Projects/B-U585I-IOT02A/Applications/TFM_Azure_IoT/TFM_Appli/NonSecure/NetXDuo/App/std_component.c:177:6:std_component_pnp_report_acc_fullscale_property	0	static
/home/erhangok/Downloads/STM32CubeExpansion_Cloud_AZURE_V2.3.0/Projects/B-U585I-IOT02A/Applications/TFM_Azure_IoT/TFM_Appli/NonSecure/NetXDuo/App/std_component.c:182:6:std_component_pnp_report_gyro_fullscale_property	0	static
/home/erhangok/Downloads/STM32CubeExpansion_Cloud_AZURE_V2.3.0/Projects/B-U585I-IOT02A/Applications/TFM_Azure_IoT/TFM_Appli/NonSecure/NetXDuo/App/std_component.c:187:6:std_component_pnp_report_telemetry_interval_property	0	static
/home/erhangok/Downloads/STM32CubeExpansion_Cloud_AZURE_V2.3.0/Projects/B-U585I-IOT02A/Applications/TFM_Azure_IoT/TFM_Appli/NonSecure/NetXDuo/App/std_component.c:192:6:std_component_pnp_report_control_led_property	0	static
/home/erhangok/Downloads/STM32CubeExpansion_Cloud_AZURE_V2.3.0/Projects/B-U585I-IOT02A/Applications/TFM_Azure_IoT/TFM_Appli/NonSecure/NetXDuo/App/std_component.c:927:6:std_component_init	24	static
/home/erhangok/Downloads/STM32CubeExpansion_Cloud_AZURE_V2.3.0/Projects/B-U585I-IOT02A/Applications/TFM_Azure_IoT/TFM_Appli/NonSecure/NetXDuo/App/std_component.c:984:6:std_component_read_sensor_values	32	static
/home/erhangok/Downloads/STM32CubeExpansion_Cloud_AZURE_V2.3.0/Projects/B-U585I-IOT02A/Applications/TFM_Azure_IoT/TFM_Appli/NonSecure/NetXDuo/App/std_component.c:1015:6:std_component_telemetry_send	120	static
/home/erhangok/Downloads/STM32CubeExpansion_Cloud_AZURE_V2.3.0/Projects/B-U585I-IOT02A/Applications/TFM_Azure_IoT/TFM_Appli/NonSecure/NetXDuo/App/std_component.c:1105:6:std_component_process_property_update	72	static
/home/erhangok/Downloads/STM32CubeExpansion_Cloud_AZURE_V2.3.0/Projects/B-U585I-IOT02A/Applications/TFM_Azure_IoT/TFM_Appli/NonSecure/NetXDuo/App/std_component.c:1144:6:std_component_on_button_pushed	0	static
